Archive member included to satisfy reference by file (symbol)

C:\Users\jarno\AppData\Local\Temp\VMBuilds\WiFiSimpleReceive\nano_33_iot\Release/core.a(cortex_handlers.c.o)
                              (Reset_Handler)
C:\Users\jarno\AppData\Local\Temp\VMBuilds\WiFiSimpleReceive\nano_33_iot\Release/core.a(delay.c.o)
                              Led.cpp.o (millis)
C:\Users\jarno\AppData\Local\Temp\VMBuilds\WiFiSimpleReceive\nano_33_iot\Release/core.a(hooks.c.o)
                              ArduinoMqttClient\MqttClient.cpp.o (yield)
C:\Users\jarno\AppData\Local\Temp\VMBuilds\WiFiSimpleReceive\nano_33_iot\Release/core.a(startup.c.o)
                              C:\Users\jarno\AppData\Local\Temp\VMBuilds\WiFiSimpleReceive\nano_33_iot\Release/core.a(cortex_handlers.c.o) (SystemInit)
C:\Users\jarno\AppData\Local\Temp\VMBuilds\WiFiSimpleReceive\nano_33_iot\Release/core.a(wiring.c.o)
                              C:\Users\jarno\AppData\Local\Temp\VMBuilds\WiFiSimpleReceive\nano_33_iot\Release/core.a(startup.c.o) (SystemCoreClock)
C:\Users\jarno\AppData\Local\Temp\VMBuilds\WiFiSimpleReceive\nano_33_iot\Release/core.a(wiring_analog.c.o)
                              C:\Users\jarno\AppData\Local\Temp\VMBuilds\WiFiSimpleReceive\nano_33_iot\Release/core.a(wiring.c.o) (analogReference)
C:\Users\jarno\AppData\Local\Temp\VMBuilds\WiFiSimpleReceive\nano_33_iot\Release/core.a(wiring_digital.c.o)
                              Led.cpp.o (pinMode)
C:\Users\jarno\AppData\Local\Temp\VMBuilds\WiFiSimpleReceive\nano_33_iot\Release/core.a(wiring_private.c.o)
                              SPI\SPI.cpp.o (pinPeripheral)
C:\Users\jarno\AppData\Local\Temp\VMBuilds\WiFiSimpleReceive\nano_33_iot\Release/core.a(IPAddress.cpp.o)
                              WiFiNINA\WiFi.cpp.o (IPAddress::IPAddress())
C:\Users\jarno\AppData\Local\Temp\VMBuilds\WiFiSimpleReceive\nano_33_iot\Release/core.a(main.cpp.o)
                              c:/users/jarno/appdata/local/arduino15/packages/arduino/tools/arm-none-eabi-gcc/7-2017q4/bin/../lib/gcc/arm-none-eabi/7.2.1/../../../../arm-none-eabi/lib/thumb/v6-m/crt0.o (main)
C:\Users\jarno\AppData\Local\Temp\VMBuilds\WiFiSimpleReceive\nano_33_iot\Release/core.a(new.cpp.o)
                              ArduinoMqttClient\MqttClient.cpp.o (operator delete(void*))
C:\Users\jarno\AppData\Local\Temp\VMBuilds\WiFiSimpleReceive\nano_33_iot\Release/core.a(Print.cpp.o)
                              Network.cpp.o (Print::print(String const&))
C:\Users\jarno\AppData\Local\Temp\VMBuilds\WiFiSimpleReceive\nano_33_iot\Release/core.a(Reset.cpp.o)
                              C:\Users\jarno\AppData\Local\Temp\VMBuilds\WiFiSimpleReceive\nano_33_iot\Release/core.a(delay.c.o) (tickReset)
C:\Users\jarno\AppData\Local\Temp\VMBuilds\WiFiSimpleReceive\nano_33_iot\Release/core.a(SERCOM.cpp.o)
                              C:\Users\jarno\AppData\Local\Temp\VMBCore\arduino16x\6e2c6f62dfa096369c1ab13123867c05\variant\variant.cpp.o (SERCOM::SERCOM(Sercom*))
C:\Users\jarno\AppData\Local\Temp\VMBuilds\WiFiSimpleReceive\nano_33_iot\Release/core.a(Stream.cpp.o)
                              ArduinoMqttClient\MqttClient.cpp.o (Stream::setTimeout(unsigned long))
C:\Users\jarno\AppData\Local\Temp\VMBuilds\WiFiSimpleReceive\nano_33_iot\Release/core.a(Uart.cpp.o)
                              C:\Users\jarno\AppData\Local\Temp\VMBCore\arduino16x\6e2c6f62dfa096369c1ab13123867c05\variant\variant.cpp.o (Uart::Uart(SERCOM*, unsigned char, unsigned char, SercomRXPad, SercomUartTXPad, unsigned char, unsigned char))
C:\Users\jarno\AppData\Local\Temp\VMBuilds\WiFiSimpleReceive\nano_33_iot\Release/core.a(WMath.cpp.o)
                              Led.cpp.o (random(long))
C:\Users\jarno\AppData\Local\Temp\VMBuilds\WiFiSimpleReceive\nano_33_iot\Release/core.a(WString.cpp.o)
                              Network.cpp.o (String::~String())
C:\Users\jarno\AppData\Local\Temp\VMBuilds\WiFiSimpleReceive\nano_33_iot\Release/core.a(CDC.cpp.o)
                              VM_DBG\VM_DBG.cpp.o (Serial_::available())
C:\Users\jarno\AppData\Local\Temp\VMBuilds\WiFiSimpleReceive\nano_33_iot\Release/core.a(PluggableUSB.cpp.o)
                              C:\Users\jarno\AppData\Local\Temp\VMBuilds\WiFiSimpleReceive\nano_33_iot\Release/core.a(CDC.cpp.o) (PluggableUSB_::plug(PluggableUSBModule*))
C:\Users\jarno\AppData\Local\Temp\VMBuilds\WiFiSimpleReceive\nano_33_iot\Release/core.a(USBCore.cpp.o)
                              C:\Users\jarno\AppData\Local\Temp\VMBuilds\WiFiSimpleReceive\nano_33_iot\Release/core.a(CDC.cpp.o) (usbd)
C:\Users\jarno\AppData\Local\Temp\VMBuilds\WiFiSimpleReceive\nano_33_iot\Release/core.a(itoa.c.o)
                              C:\Users\jarno\AppData\Local\Temp\VMBuilds\WiFiSimpleReceive\nano_33_iot\Release/core.a(WString.cpp.o) (ltoa)
C:\Users\jarno\AppData\Local\Temp\VMBuilds\WiFiSimpleReceive\nano_33_iot\Release/core.a(dtostrf.c.o)
[...]
Memory Configuration

Name             Origin             Length             Attributes
FLASH            0x00002000         0x0003e000         xr
RAM              0x20000000         0x00008000         xrw
*default*        0x00000000         0xffffffff

Linker script and memory map

LOAD c:/users/jarno/appdata/local/arduino15/packages/arduino/tools/arm-none-eabi-gcc/7-2017q4/bin/../lib/gcc/arm-none-eabi/7.2.1/thumb/v6-m/crti.o
LOAD c:/users/jarno/appdata/local/arduino15/packages/arduino/tools/arm-none-eabi-gcc/7-2017q4/bin/../lib/gcc/arm-none-eabi/7.2.1/thumb/v6-m/crtbegin.o
LOAD c:/users/jarno/appdata/local/arduino15/packages/arduino/tools/arm-none-eabi-gcc/7-2017q4/bin/../lib/gcc/arm-none-eabi/7.2.1/../../../../arm-none-eabi/lib/thumb/v6-m/crt0.o
LOAD WiFiSimpleReceive.cpp.o
LOAD Led.cpp.o
LOAD Network.cpp.o
LOAD Taken.cpp.o
LOAD VM_DBG\VM_DBG.cpp.o
LOAD VM_DBG\VM_mem_check_sam.cpp.o
LOAD ArduinoMqttClient\MqttClient.cpp.o
LOAD Adafruit_NeoPixel\esp8266.c.o
LOAD Adafruit_NeoPixel\Adafruit_NeoPixel.cpp.o
LOAD WiFiNINA\WiFi.cpp.o
LOAD WiFiNINA\WiFiClient.cpp.o
LOAD WiFiNINA\WiFiServer.cpp.o
LOAD WiFiNINA\WiFiSSLClient.cpp.o
LOAD WiFiNINA\WiFiStorage.cpp.o
LOAD WiFiNINA\WiFiUdp.cpp.o
LOAD WiFiNINA\utility\server_drv.cpp.o
LOAD WiFiNINA\utility\spi_drv.cpp.o
LOAD WiFiNINA\utility\WiFiSocketBuffer.cpp.o
LOAD WiFiNINA\utility\wifi_drv.cpp.o
LOAD SPI\SPI.cpp.o
LOAD C:\Users\jarno\AppData\Local\Temp\VMBCore\arduino16x\6e2c6f62dfa096369c1ab13123867c05\variant\variant.cpp.o
START GROUP
LOAD C:\Users\jarno\AppData\Local\arduino15\packages\arduino\tools\CMSIS\4.5.0/CMSIS/Lib/GCC/\libarm_cortexM0l_math.a
LOAD C:\Users\jarno\AppData\Local\Temp\VMBuilds\WiFiSimpleReceive\nano_33_iot\Release/core.a
END GROUP
LOAD c:/users/jarno/appdata/local/arduino15/packages/arduino/tools/arm-none-eabi-gcc/7-2017q4/bin/../lib/gcc/arm-none-eabi/7.2.1/../../../../arm-none-eabi/lib/thumb/v6-m\libstdc++_nano.a
LOAD c:/users/jarno/appdata/local/arduino15/packages/arduino/tools/arm-none-eabi-gcc/7-2017q4/bin/../lib/gcc/arm-none-eabi/7.2.1/../../../../arm-none-eabi/lib/thumb/v6-m\libm.a
START GROUP
LOAD c:/users/jarno/appdata/local/arduino15/packages/arduino/tools/arm-none-eabi-gcc/7-2017q4/bin/../lib/gcc/arm-none-eabi/7.2.1/thumb/v6-m\libgcc.a
LOAD c:/users/jarno/appdata/local/arduino15/packages/arduino/tools/arm-none-eabi-gcc/7-2017q4/bin/../lib/gcc/arm-none-eabi/7.2.1/../../../../arm-none-eabi/lib/thumb/v6-m\libc_nano.a
END GROUP
START GROUP
LOAD c:/users/jarno/appdata/local/arduino15/packages/arduino/tools/arm-none-eabi-gcc/7-2017q4/bin/../lib/gcc/arm-none-eabi/7.2.1/thumb/v6-m\libgcc.a
LOAD c:/users/jarno/appdata/local/arduino15/packages/arduino/tools/arm-none-eabi-gcc/7-2017q4/bin/../lib/gcc/arm-none-eabi/7.2.1/../../../../arm-none-eabi/lib/thumb/v6-m\libc_nano.a
LOAD c:/users/jarno/appdata/local/arduino15/packages/arduino/tools/arm-none-eabi-gcc/7-2017q4/bin/../lib/gcc/arm-none-eabi/7.2.1/../../../../arm-none-eabi/lib/thumb/v6-m\libnosys.a
END GROUP
START GROUP
LOAD c:/users/jarno/appdata/local/arduino15/packages/arduino/tools/arm-none-eabi-gcc/7-2017q4/bin/../lib/gcc/arm-none-eabi/7.2.1/thumb/v6-m\libgcc.a
LOAD c:/users/jarno/appdata/local/arduino15/packages/arduino/tools/arm-none-eabi-gcc/7-2017q4/bin/../lib/gcc/arm-none-eabi/7.2.1/../../../../arm-none-eabi/lib/thumb/v6-m\libc_nano.a
LOAD c:/users/jarno/appdata/local/arduino15/packages/arduino/tools/arm-none-eabi-gcc/7-2017q4/bin/../lib/gcc/arm-none-eabi/7.2.1/../../../../arm-none-eabi/lib/thumb/v6-m\libnosys.a
END GROUP
LOAD c:/users/jarno/appdata/local/arduino15/packages/arduino/tools/arm-none-eabi-gcc/7-2017q4/bin/../lib/gcc/arm-none-eabi/7.2.1/thumb/v6-m/crtend.o
LOAD c:/users/jarno/appdata/local/arduino15/packages/arduino/tools/arm-none-eabi-gcc/7-2017q4/bin/../lib/gcc/arm-none-eabi/7.2.1/thumb/v6-m/crtn.o

.text           0x00002000     0xb864
                0x00002000                __text_start__ = .
 *(.sketch_boot)
                0x00002000                . = ALIGN (0x2000)
 *(.isr_vector)
 .isr_vector    0x00002000       0xb4 C:\Users\jarno\AppData\Local\Temp\VMBuilds\WiFiSimpleReceive\nano_33_iot\Release/core.a(cortex_handlers.c.o)
                0x00002000                exception_table
 *(.text*)
 .text          0x000020b4       0x48 c:/users/jarno/appdata/local/arduino15/packages/arduino/tools/arm-none-eabi-gcc/7-2017q4/bin/../lib/gcc/arm-none-eabi/7.2.1/thumb/v6-m/crtbegin.o
 .text.setup    0x000020fc       0xdc WiFiSimpleReceive.cpp.o
                0x000020fc                setup
 .text.loop     0x000021d8       0x18 WiFiSimpleReceive.cpp.o
                0x000021d8                loop
 .text.startup._GLOBAL__sub_I_led
                0x000021f0       0x34 WiFiSimpleReceive.cpp.o
 .text._ZN3ledC2Ev
                0x00002224       0x34 Led.cpp.o
                0x00002224                led::led()
                0x00002224                led::led()
 .text._ZN3led9set_pixelEihhh
                0x00002258       0x1c Led.cpp.o
                0x00002258                led::set_pixel(int, unsigned char, unsigned char, unsigned char)
 .text._ZN3led7set_allEhhh
                0x00002274       0x34 Led.cpp.o
                0x00002274                led::set_all(unsigned char, unsigned char, unsigned char)
 .text._ZN3led5startEv
                0x000022a8       0x60 Led.cpp.o
                0x000022a8                led::start()
 .text._ZN3led11set_color_aEhhh
                0x00002308       0x6c Led.cpp.o
                0x00002308                led::set_color_a(unsigned char, unsigned char, unsigned char)
 .text._ZN3led11set_color_bEhhh
                0x00002374       0x60 Led.cpp.o
                0x00002374                led::set_color_b(unsigned char, unsigned char, unsigned char)
 .text._ZN3led10set_effectEi
                0x000023d4       0x34 Led.cpp.o
                0x000023d4                led::set_effect(int)
 .text._ZN3led9set_speedEi
                0x00002408        0x2 Led.cpp.o
                0x00002408                led::set_speed(int)
 *fill*         0x0000240a        0x2 
 .text._ZN3led12set_strengthEi
                0x0000240c        0xc Led.cpp.o
                0x0000240c                led::set_strength(int)
 .text._ZN3led7do_fullEv
                0x00002418       0x40 Led.cpp.o
                0x00002418                led::do_full()
 .text._ZN3led6strobeEf
                0x00002458       0x48 Led.cpp.o
                0x00002458                led::strobe(float)
 .text._ZN3led12snow_sparkleEf
                0x000024a0       0x8c Led.cpp.o
                0x000024a0                led::snow_sparkle(float)
 .text._ZN3led7sparkleEv
                0x0000252c       0x70 Led.cpp.o
                0x0000252c                led::sparkle()
 .text._ZN3led13left_to_rightEf
                0x0000259c      0x13c Led.cpp.o
                0x0000259c                led::left_to_right(float)
 .text._ZN3led4lerpEhhf
                0x000026d8       0x28 Led.cpp.o
                0x000026d8                led::lerp(unsigned char, unsigned char, float)
 .text._ZN3led7do_fadeEf
                0x00002700       0xa0 Led.cpp.o
                0x00002700                led::do_fade(float)
 .text._ZN3led4loopEv
                0x000027a0       0xc8 Led.cpp.o
                0x000027a0                led::loop()
 .text.startup._GLOBAL__sub_I_pixels
                0x00002868       0x2c Led.cpp.o
 .text._ZN7networkC2Ev
                0x00002894       0x1a Network.cpp.o
                0x00002894                network::network()
                0x00002894                network::network()
 *fill*         0x000028ae        0x2 
 .text._ZN7network19sub_scribe_to_topicE6String
                0x000028b0       0x34 Network.cpp.o
                0x000028b0                network::sub_scribe_to_topic(String)
 .text._ZN7network10send_debugE6String
                0x000028e4       0x30 Network.cpp.o
                0x000028e4                network::send_debug(String)
 .text._ZN7network22debug_incoming_messageEi
                0x00002914       0xbc Network.cpp.o
                0x00002914                network::debug_incoming_message(int)
 .text._ZN7network15connect_to_wifiEv
                0x000029d0       0x64 Network.cpp.o
                0x000029d0                network::connect_to_wifi()
 .text.startup._GLOBAL__sub_I_ssid
                0x00002a34       0x44 Network.cpp.o
 .text._ZN7network10on_messageEi
                0x00002a78       0x8c Network.cpp.o
                0x00002a78                network::on_message(int)
 .text._ZN7network15connect_to_mqttEv
                0x00002b04       0x9c Network.cpp.o
                0x00002b04                network::connect_to_mqtt()
 .text._ZN7network5startE5taken
                0x00002ba0       0x88 Network.cpp.o
                0x00002ba0                network::start(taken)
 .text._ZN7network4loopEv
                0x00002c28       0x70 Network.cpp.o
                0x00002c28                network::loop()
 .text._ZN5takenC2Ev
                0x00002c98        0xc Taken.cpp.o
                0x00002c98                taken::taken()
                0x00002c98                taken::taken()
 .text._ZN5taken5startE3led
                0x00002ca4        0x2 Taken.cpp.o
                0x00002ca4                taken::start(led)
 *fill*         0x00002ca6        0x2 
 .text._ZN5taken10set_effectEPc
                0x00002ca8       0x34 Taken.cpp.o
                0x00002ca8                taken::set_effect(char*)
 .text._ZN5taken9set_speedEPc
                0x00002cdc       0x3c Taken.cpp.o
                0x00002cdc                taken::set_speed(char*)
 .text._ZN5taken12set_strengthEPc
                0x00002d18       0x34 Taken.cpp.o
                0x00002d18                taken::set_strength(char*)
 .text._ZN5taken10show_errorEv
                0x00002d4c        0x2 Taken.cpp.o
                0x00002d4c                taken::show_error()
 .text._ZN5taken16hex_color_to_intEcc
                0x00002d4e       0x26 Taken.cpp.o
                0x00002d4e                taken::hex_color_to_int(char, char)
 .text._ZN5taken11set_color_aEPc
                0x00002d74       0x70 Taken.cpp.o
                0x00002d74                taken::set_color_a(char*)
 .text._ZN5taken11set_color_bEPc
                0x00002de4       0x70 Taken.cpp.o
                0x00002de4                taken::set_color_b(char*)
 .text._ZN5taken5parseE6StringPc
                0x00002e54       0xac Taken.cpp.o
                0x00002e54                taken::parse(String, char*)
 .text._ZN16VisualMicroDebug16DBG_YieldAndWaitEmb
                0x00002f00       0x1a VM_DBG\VM_DBG.cpp.o
                0x00002f00                VisualMicroDebug::DBG_YieldAndWait(unsigned long, bool)
 .text._ZN16VisualMicroDebug16DBG_YieldAndWaitEm
                0x00002f1a        0xa VM_DBG\VM_DBG.cpp.o
                0x00002f1a                VisualMicroDebug::DBG_YieldAndWait(unsigned long)
 .text._ZN16VisualMicroDebug14outPacketStartEb
                0x00002f24        0x4 VM_DBG\VM_DBG.cpp.o
                0x00002f24                VisualMicroDebug::outPacketStart(bool)
 .text._ZN16VisualMicroDebug12outPacketEndEv
                0x00002f28        0x2 VM_DBG\VM_DBG.cpp.o
                0x00002f28                VisualMicroDebug::outPacketEnd()
 *fill*         0x00002f2a        0x2 
 .text._ZN16VisualMicroDebug5beginEm
                0x00002f2c       0x1c VM_DBG\VM_DBG.cpp.o
                0x00002f2c                VisualMicroDebug::begin(unsigned long)
 .text._ZN16VisualMicroDebug4initEm
                0x00002f48       0x12 VM_DBG\VM_DBG.cpp.o
                0x00002f48                VisualMicroDebug::init(unsigned long)
 *fill*         0x00002f5a        0x2 
 .text._ZN16VisualMicroDebug16sendContinuedACKEh
                0x00002f5c       0x38 VM_DBG\VM_DBG.cpp.o
                0x00002f5c                VisualMicroDebug::sendContinuedACK(unsigned char)
 .text.startup._GLOBAL__sub_I__ZN16VisualMicroDebug16DBG_YieldAndWaitEm
                0x00002f94       0x14 VM_DBG\VM_DBG.cpp.o
 .text._ZN16VisualMicroDebug9breakWaitEh
                0x00002fa8       0x68 VM_DBG\VM_DBG.cpp.o
                0x00002fa8                VisualMicroDebug::breakWait(unsigned char)
 .text._ZN16VisualMicroDebug5startEbb
                0x00003010       0x28 VM_DBG\VM_DBG.cpp.o
                0x00003010                VisualMicroDebug::start(bool, bool)
 .text._ZN5Print17availableForWriteEv
                0x00003038        0x4 ArduinoMqttClient\MqttClient.cpp.o
                0x00003038                Print::availableForWrite()
 .text._ZN10MqttClient7connectERK9IPAddresst
                0x0000303c        0x2 ArduinoMqttClient\MqttClient.cpp.o
                0x0000303c                MqttClient::connect(IPAddress const&, unsigned short)
 .text._ZN10MqttClient5flushEj
                0x0000303e        0x2 ArduinoMqttClient\MqttClient.cpp.o
                0x0000303e                MqttClient::flush(unsigned int)
 .text._ZN10MqttClient4stopEj
                0x00003040        0x2 ArduinoMqttClient\MqttClient.cpp.o
                0x00003040                MqttClient::stop(unsigned int)
 .text._ZN10MqttClient5writeEh
                0x00003042       0x14 ArduinoMqttClient\MqttClient.cpp.o
                0x00003042                MqttClient::write(unsigned char)
 .text._ZN10MqttClient9availableEv
                0x00003056        0xe ArduinoMqttClient\MqttClient.cpp.o
                0x00003056                MqttClient::available()
 .text._ZN10MqttClient4readEv
                0x00003064       0x1e ArduinoMqttClient\MqttClient.cpp.o
                0x00003064                MqttClient::read()
 .text._ZN10MqttClient5flushEv
                0x00003082        0x2 ArduinoMqttClient\MqttClient.cpp.o
                0x00003082                MqttClient::flush()
 .text._ZN10MqttClientcvbEv
                0x00003084        0x4 ArduinoMqttClient\MqttClient.cpp.o
                0x00003084                MqttClient::operator bool()
 .text._ZN10MqttClientD2Ev
                0x00003088       0x60 ArduinoMqttClient\MqttClient.cpp.o
                0x00003088                MqttClient::~MqttClient()
                0x00003088                MqttClient::~MqttClient()
 .text._ZN10MqttClientD0Ev
                0x000030e8       0x12 ArduinoMqttClient\MqttClient.cpp.o
                0x000030e8                MqttClient::~MqttClient()
 *fill*         0x000030fa        0x2 
 .text._ZN10MqttClientC2ER6Client
                0x000030fc       0x90 ArduinoMqttClient\MqttClient.cpp.o
                0x000030fc                MqttClient::MqttClient(Client&)
                0x000030fc                MqttClient::MqttClient(Client&)
 .text._ZNK10MqttClient12messageTopicEv
                0x0000318c       0x20 ArduinoMqttClient\MqttClient.cpp.o
                0x0000318c                MqttClient::messageTopic() const
 .text._ZNK10MqttClient10messageDupEv
                0x000031ac       0x12 ArduinoMqttClient\MqttClient.cpp.o
                0x000031ac                MqttClient::messageDup() const
 .text._ZNK10MqttClient10messageQoSEv
                0x000031be       0x12 ArduinoMqttClient\MqttClient.cpp.o
                0x000031be                MqttClient::messageQoS() const
 .text._ZNK10MqttClient13messageRetainEv
                0x000031d0       0x12 ArduinoMqttClient\MqttClient.cpp.o
                0x000031d0                MqttClient::messageRetain() const
 .text._ZNK10MqttClient12connectErrorEv
                0x000031e2        0x4 ArduinoMqttClient\MqttClient.cpp.o
                0x000031e2                MqttClient::connectError() const
 .text._ZN10MqttClient9writeDataEPKvj
                0x000031e6       0x20 ArduinoMqttClient\MqttClient.cpp.o
                0x000031e6                MqttClient::writeData(void const*, unsigned int)
 .text._ZN10MqttClient6write8Eh
                0x00003206       0x12 ArduinoMqttClient\MqttClient.cpp.o
                0x00003206                MqttClient::write8(unsigned char)
 .text._ZN10MqttClient11beginPacketEhhjPh
                0x00003218       0x44 ArduinoMqttClient\MqttClient.cpp.o
                0x00003218                MqttClient::beginPacket(unsigned char, unsigned char, unsigned int, unsigned char*)
 .text._ZN10MqttClient7write16Et
                0x0000325c       0x14 ArduinoMqttClient\MqttClient.cpp.o
                0x0000325c                MqttClient::write16(unsigned short)
 .text._ZN10MqttClient11writeStringEPKct
                0x00003270       0x1e ArduinoMqttClient\MqttClient.cpp.o
                0x00003270                MqttClient::writeString(char const*, unsigned short)
 .text._ZN10MqttClient10clientReadEv
                0x0000328e        0xc ArduinoMqttClient\MqttClient.cpp.o
                0x0000328e                MqttClient::clientRead()
 .text._ZN10MqttClient15clientConnectedEv
                0x0000329a        0xc ArduinoMqttClient\MqttClient.cpp.o
                0x0000329a                MqttClient::clientConnected()
 .text._ZN10MqttClient9connectedEv
                0x000032a6       0x16 ArduinoMqttClient\MqttClient.cpp.o
                0x000032a6                MqttClient::connected()
 .text._ZN10MqttClient15clientAvailableEv
                0x000032bc        0xc ArduinoMqttClient\MqttClient.cpp.o
                0x000032bc                MqttClient::clientAvailable()
 .text._ZN10MqttClient15clientTimedReadEv
                0x000032c8       0x40 ArduinoMqttClient\MqttClient.cpp.o
                0x000032c8                MqttClient::clientTimedRead()
 .text._ZN10MqttClient10clientPeekEv
                0x00003308        0xc ArduinoMqttClient\MqttClient.cpp.o
                0x00003308                MqttClient::clientPeek()
 .text._ZN10MqttClient4peekEv
                0x00003314       0x14 ArduinoMqttClient\MqttClient.cpp.o
                0x00003314                MqttClient::peek()
 .text._ZN10MqttClient11clientWriteEPKhj
                0x00003328        0xc ArduinoMqttClient\MqttClient.cpp.o
                0x00003328                MqttClient::clientWrite(unsigned char const*, unsigned int)
 .text._ZN10MqttClient5writeEPKhj
                0x00003334       0x6a ArduinoMqttClient\MqttClient.cpp.o
                0x00003334                MqttClient::write(unsigned char const*, unsigned int)
 .text._ZN10MqttClient9endPacketEv
                0x0000339e       0x20 ArduinoMqttClient\MqttClient.cpp.o
                0x0000339e                MqttClient::endPacket()
 .text._ZN10MqttClient13publishHeaderEj
                0x000033be       0xb0 ArduinoMqttClient\MqttClient.cpp.o
                0x000033be                MqttClient::publishHeader(unsigned int)
 .text._ZN10MqttClient12beginMessageEPKcmbhb
                0x0000346e       0x58 ArduinoMqttClient\MqttClient.cpp.o
                0x0000346e                MqttClient::beginMessage(char const*, unsigned long, bool, unsigned char, bool)
 .text._ZN10MqttClient6pubackEt
                0x000034c6       0x28 ArduinoMqttClient\MqttClient.cpp.o
                0x000034c6                MqttClient::puback(unsigned short)
 .text._ZN10MqttClient6pubrecEt
                0x000034ee       0x28 ArduinoMqttClient\MqttClient.cpp.o
                0x000034ee                MqttClient::pubrec(unsigned short)
 .text._ZN10MqttClient12ackRxMessageEv
                0x00003516       0x28 ArduinoMqttClient\MqttClient.cpp.o
                0x00003516                MqttClient::ackRxMessage()
 .text._ZN10MqttClient4readEPhj
                0x0000353e       0x4e ArduinoMqttClient\MqttClient.cpp.o
                0x0000353e                MqttClient::read(unsigned char*, unsigned int)
 .text._ZN10MqttClient6pubrelEt
                0x0000358c       0x28 ArduinoMqttClient\MqttClient.cpp.o
                0x0000358c                MqttClient::pubrel(unsigned short)
 .text._ZN10MqttClient7pubcompEt
                0x000035b4       0x28 ArduinoMqttClient\MqttClient.cpp.o
                0x000035b4                MqttClient::pubcomp(unsigned short)
 .text._ZN10MqttClient4pingEv
                0x000035dc       0x1a ArduinoMqttClient\MqttClient.cpp.o
                0x000035dc                MqttClient::ping()
 *fill*         0x000035f6        0x2 
 .text._ZN10MqttClient4pollEv
                0x000035f8      0x334 ArduinoMqttClient\MqttClient.cpp.o
                0x000035f8                MqttClient::poll()
 .text._ZN10MqttClient12parseMessageEv
                0x0000392c       0x20 ArduinoMqttClient\MqttClient.cpp.o
                0x0000392c                MqttClient::parseMessage()
 .text._ZN10MqttClient9subscribeEPKch
                0x0000394c       0xca ArduinoMqttClient\MqttClient.cpp.o
                0x0000394c                MqttClient::subscribe(char const*, unsigned char)
 .text._ZN10MqttClient9subscribeERK6Stringh
                0x00003a16        0xa ArduinoMqttClient\MqttClient.cpp.o
                0x00003a16                MqttClient::subscribe(String const&, unsigned char)
 .text._ZN10MqttClient7connectE9IPAddressPKct
                0x00003a20      0x200 ArduinoMqttClient\MqttClient.cpp.o
                0x00003a20                MqttClient::connect(IPAddress, char const*, unsigned short)
 .text._ZN10MqttClient7connectE9IPAddresst
                0x00003c20       0x20 ArduinoMqttClient\MqttClient.cpp.o
                0x00003c20                MqttClient::connect(IPAddress, unsigned short)
 .text._ZN10MqttClient7connectEPKct
                0x00003c40       0x1e ArduinoMqttClient\MqttClient.cpp.o
                0x00003c40                MqttClient::connect(char const*, unsigned short)
 .text._ZN10MqttClient10disconnectEv
                0x00003c5e       0x1a ArduinoMqttClient\MqttClient.cpp.o
                0x00003c5e                MqttClient::disconnect()
 .text._ZN10MqttClient4stopEv
                0x00003c78       0x26 ArduinoMqttClient\MqttClient.cpp.o
                0x00003c78                MqttClient::stop()
 .text._ZN10MqttClient10endMessageEv
                0x00003c9e       0xc2 ArduinoMqttClient\MqttClient.cpp.o
                0x00003c9e                MqttClient::endMessage()
 .text.startup._GLOBAL__sub_I__ZN10MqttClientC2ER6Client
                0x00003d60       0x18 ArduinoMqttClient\MqttClient.cpp.o
 .text._ZN17Adafruit_NeoPixelD2Ev
                0x00003d78       0x1c Adafruit_NeoPixel\Adafruit_NeoPixel.cpp.o
                0x00003d78                Adafruit_NeoPixel::~Adafruit_NeoPixel()
                0x00003d78                Adafruit_NeoPixel::~Adafruit_NeoPixel()
 .text._ZN17Adafruit_NeoPixel5beginEv
                0x00003d94       0x22 Adafruit_NeoPixel\Adafruit_NeoPixel.cpp.o
                0x00003d94                Adafruit_NeoPixel::begin()
 .text._ZN17Adafruit_NeoPixel12updateLengthEt
                0x00003db6       0x3c Adafruit_NeoPixel\Adafruit_NeoPixel.cpp.o
                0x00003db6                Adafruit_NeoPixel::updateLength(unsigned short)
 .text._ZN17Adafruit_NeoPixel10updateTypeEt
                0x00003df2       0x46 Adafruit_NeoPixel\Adafruit_NeoPixel.cpp.o
                0x00003df2                Adafruit_NeoPixel::updateType(unsigned short)
 .text._ZN17Adafruit_NeoPixel4showEv
                0x00003e38      0x204 Adafruit_NeoPixel\Adafruit_NeoPixel.cpp.o
                0x00003e38                Adafruit_NeoPixel::show()
 .text._ZN17Adafruit_NeoPixel6setPinEt
                0x0000403c       0x34 Adafruit_NeoPixel\Adafruit_NeoPixel.cpp.o
                0x0000403c                Adafruit_NeoPixel::setPin(unsigned short)
 .text._ZN17Adafruit_NeoPixelC2Ettt
                0x00004070       0x2c Adafruit_NeoPixel\Adafruit_NeoPixel.cpp.o
                0x00004070                Adafruit_NeoPixel::Adafruit_NeoPixel(unsigned short, unsigned short, unsigned short)
                0x00004070                Adafruit_NeoPixel::Adafruit_NeoPixel(unsigned short, unsigned short, unsigned short)
 .text._ZN17Adafruit_NeoPixel13setPixelColorEtm
                0x0000409c       0x6e Adafruit_NeoPixel\Adafruit_NeoPixel.cpp.o
                0x0000409c                Adafruit_NeoPixel::setPixelColor(unsigned short, unsigned long)
 .text._ZN9WiFiClass5beginEPKcS1_
                0x0000410a       0x50 WiFiNINA\WiFi.cpp.o
                0x0000410a                WiFiClass::begin(char const*, char const*)
 .text._ZN9WiFiClass6statusEv
                0x0000415a        0x8 WiFiNINA\WiFi.cpp.o
                0x0000415a                WiFiClass::status()
 .text._ZN9WiFiClass10hostByNameEPKcR9IPAddress
                0x00004162        0xc WiFiNINA\WiFi.cpp.o
                0x00004162                WiFiClass::hostByName(char const*, IPAddress&)
 *fill*         0x0000416e        0x2 
 .text.startup._GLOBAL__sub_I__ZN9WiFiClassC2Ev
                0x00004170       0x24 WiFiNINA\WiFi.cpp.o
 .text._ZN10WiFiClient5writeEh
                0x00004194       0x14 WiFiNINA\WiFiClient.cpp.o
                0x00004194                WiFiClient::write(unsigned char)
 .text._ZN10WiFiClient5flushEv
                0x000041a8        0x2 WiFiNINA\WiFiClient.cpp.o
                0x000041a8                WiFiClient::flush()
 .text._ZN10WiFiClientcvbEv
                0x000041aa        0xc WiFiNINA\WiFiClient.cpp.o
                0x000041aa                WiFiClient::operator bool()
 *fill*         0x000041b6        0x2 
 .text._ZN10WiFiClient7connectEPKct
                0x000041b8       0x40 WiFiNINA\WiFiClient.cpp.o
                0x000041b8                WiFiClient::connect(char const*, unsigned short)
 .text._ZN10WiFiClient7connectE9IPAddresst
                0x000041f8       0x78 WiFiNINA\WiFiClient.cpp.o
                0x000041f8                WiFiClient::connect(IPAddress, unsigned short)
 .text._ZN10WiFiClient10connectSSLE9IPAddresst
                0x00004270       0x78 WiFiNINA\WiFiClient.cpp.o
                0x00004270                WiFiClient::connectSSL(IPAddress, unsigned short)
 .text._ZN10WiFiClient10connectSSLEPKct
                0x000042e8       0x84 WiFiNINA\WiFiClient.cpp.o
                0x000042e8                WiFiClient::connectSSL(char const*, unsigned short)
 .text._ZN10WiFiClient5writeEPKhj
                0x0000436c       0x2e WiFiNINA\WiFiClient.cpp.o
                0x0000436c                WiFiClient::write(unsigned char const*, unsigned int)
 *fill*         0x0000439a        0x2 
 .text._ZN10WiFiClient9availableEv
                0x0000439c       0x18 WiFiNINA\WiFiClient.cpp.o
                0x0000439c                WiFiClient::available()
 .text._ZN10WiFiClient4readEv
                0x000043b4       0x2c WiFiNINA\WiFiClient.cpp.o
                0x000043b4                WiFiClient::read()
 .text._ZN10WiFiClient4readEPhj
                0x000043e0       0x18 WiFiNINA\WiFiClient.cpp.o
                0x000043e0                WiFiClient::read(unsigned char*, unsigned int)
 .text._ZN10WiFiClient4peekEv
                0x000043f8       0x10 WiFiNINA\WiFiClient.cpp.o
                0x000043f8                WiFiClient::peek()
 .text._ZN10WiFiClient10remotePortEv
                0x00004408       0x22 WiFiNINA\WiFiClient.cpp.o
                0x00004408                WiFiClient::remotePort()
 .text._ZN10WiFiClient8remoteIPEv
                0x0000442a       0x20 WiFiNINA\WiFiClient.cpp.o
                0x0000442a                WiFiClient::remoteIP()
 *fill*         0x0000444a        0x2 
 .text._ZN10WiFiClientC2Ev
                0x0000444c       0x1c WiFiNINA\WiFiClient.cpp.o
                0x0000444c                WiFiClient::WiFiClient()
                0x0000444c                WiFiClient::WiFiClient()
 .text._ZN10WiFiClient6statusEv
                0x00004468       0x12 WiFiNINA\WiFiClient.cpp.o
                0x00004468                WiFiClient::status()
 *fill*         0x0000447a        0x2 
 .text._ZN10WiFiClient4stopEv
                0x0000447c       0x3c WiFiNINA\WiFiClient.cpp.o
                0x0000447c                WiFiClient::stop()
 .text._ZN10WiFiClient9connectedEv
                0x000044b8       0x44 WiFiNINA\WiFiClient.cpp.o
                0x000044b8                WiFiClient::connected()
 .text.startup._GLOBAL__sub_I__ZN10WiFiClient8_srcportE
                0x000044fc       0x18 WiFiNINA\WiFiClient.cpp.o
 .text.startup._GLOBAL__sub_I__ZN10WiFiServerC2Et
                0x00004514       0x18 WiFiNINA\WiFiServer.cpp.o
 .text.startup._GLOBAL__sub_I__ZN13WiFiSSLClientC2Ev
                0x0000452c       0x18 WiFiNINA\WiFiSSLClient.cpp.o
 .text.startup._GLOBAL__sub_I__ZN16WiFiStorageClass4openEPKc
                0x00004544       0x18 WiFiNINA\WiFiStorage.cpp.o
 .text.startup._GLOBAL__sub_I__ZN7WiFiUDPC2Ev
                0x0000455c       0x18 WiFiNINA\WiFiUdp.cpp.o
 .text._ZN9ServerDrv11startClientEmthh
                0x00004574       0x80 WiFiNINA\utility\server_drv.cpp.o
                0x00004574                ServerDrv::startClient(unsigned long, unsigned short, unsigned char, unsigned char)
 .text._ZN9ServerDrv11startClientEPKchmthh
                0x000045f4       0x94 WiFiNINA\utility\server_drv.cpp.o
                0x000045f4                ServerDrv::startClient(char const*, unsigned char, unsigned long, unsigned short, unsigned char, unsigned char)
 .text._ZN9ServerDrv10stopClientEh
                0x00004688       0x64 WiFiNINA\utility\server_drv.cpp.o
                0x00004688                ServerDrv::stopClient(unsigned char)
 .text._ZN9ServerDrv14getClientStateEh
                0x000046ec       0x68 WiFiNINA\utility\server_drv.cpp.o
                0x000046ec                ServerDrv::getClientState(unsigned char)
 .text._ZN9ServerDrv10getDataBufEhPhPt
                0x00004754       0x74 WiFiNINA\utility\server_drv.cpp.o
                0x00004754                ServerDrv::getDataBuf(unsigned char, unsigned char*, unsigned short*)
 .text._ZN9ServerDrv8sendDataEhPKht
                0x000047c8       0x80 WiFiNINA\utility\server_drv.cpp.o
                0x000047c8                ServerDrv::sendData(unsigned char, unsigned char const*, unsigned short)
 .text._ZN9ServerDrv13checkDataSentEh
                0x00004848       0x94 WiFiNINA\utility\server_drv.cpp.o
                0x00004848                ServerDrv::checkDataSent(unsigned char)
 .text._ZN9ServerDrv9getSocketEv
                0x000048dc       0x50 WiFiNINA\utility\server_drv.cpp.o
                0x000048dc                ServerDrv::getSocket()
 .text._ZN6SpiDrv5beginEv
                0x0000492c       0xb0 WiFiNINA\utility\spi_drv.cpp.o
                0x0000492c                SpiDrv::begin()
 .text._ZN6SpiDrv14spiSlaveSelectEv
                0x000049dc       0x4c WiFiNINA\utility\spi_drv.cpp.o
                0x000049dc                SpiDrv::spiSlaveSelect()
 .text._ZN6SpiDrv16spiSlaveDeselectEv
                0x00004a28       0x1c WiFiNINA\utility\spi_drv.cpp.o
                0x00004a28                SpiDrv::spiSlaveDeselect()
 .text._ZN6SpiDrv11spiTransferEc
                0x00004a44       0x18 WiFiNINA\utility\spi_drv.cpp.o
                0x00004a44                SpiDrv::spiTransfer(char)
 .text._ZN6SpiDrv17waitForSlaveReadyEv
                0x00004a5c       0x14 WiFiNINA\utility\spi_drv.cpp.o
                0x00004a5c                SpiDrv::waitForSlaveReady()
 .text._ZN6SpiDrv8getParamEPh
                0x00004a70        0xe WiFiNINA\utility\spi_drv.cpp.o
                0x00004a70                SpiDrv::getParam(unsigned char*)
 .text._ZN6SpiDrv16readAndCheckCharEcPc
                0x00004a7e       0x16 WiFiNINA\utility\spi_drv.cpp.o
                0x00004a7e                SpiDrv::readAndCheckChar(char, char*)
 .text._ZN6SpiDrv8readCharEv
                0x00004a94       0x14 WiFiNINA\utility\spi_drv.cpp.o
                0x00004a94                SpiDrv::readChar()
 .text._ZN6SpiDrv11waitSpiCharEh
                0x00004aa8       0x2c WiFiNINA\utility\spi_drv.cpp.o
                0x00004aa8                SpiDrv::waitSpiChar(unsigned char)
 .text._ZN6SpiDrv18waitResponseParamsEhhP6tParam
                0x00004ad4       0x94 WiFiNINA\utility\spi_drv.cpp.o
                0x00004ad4                SpiDrv::waitResponseParams(unsigned char, unsigned char, tParam*)
 .text._ZN6SpiDrv9sendParamEPhhh
                0x00004b68       0x2c WiFiNINA\utility\spi_drv.cpp.o
                0x00004b68                SpiDrv::sendParam(unsigned char*, unsigned char, unsigned char)
 .text._ZN6SpiDrv14sendParamLen16Et
                0x00004b94       0x12 WiFiNINA\utility\spi_drv.cpp.o
                0x00004b94                SpiDrv::sendParamLen16(unsigned short)
 .text._ZN6SpiDrv13readParamLen8EPh
                0x00004ba6       0x12 WiFiNINA\utility\spi_drv.cpp.o
                0x00004ba6                SpiDrv::readParamLen8(unsigned char*)
 .text._ZN6SpiDrv15waitResponseCmdEhhPhS0_
                0x00004bb8       0x68 WiFiNINA\utility\spi_drv.cpp.o
                0x00004bb8                SpiDrv::waitResponseCmd(unsigned char, unsigned char, unsigned char*, unsigned char*)
 .text._ZN6SpiDrv17waitResponseData8EhPhS0_
                0x00004c20       0x5e WiFiNINA\utility\spi_drv.cpp.o
                0x00004c20                SpiDrv::waitResponseData8(unsigned char, unsigned char*, unsigned char*)
 .text._ZN6SpiDrv14readParamLen16EPt
                0x00004c7e       0x20 WiFiNINA\utility\spi_drv.cpp.o
                0x00004c7e                SpiDrv::readParamLen16(unsigned short*)
 .text._ZN6SpiDrv18waitResponseData16EhPhPt
                0x00004c9e       0x64 WiFiNINA\utility\spi_drv.cpp.o
                0x00004c9e                SpiDrv::waitResponseData16(unsigned char, unsigned char*, unsigned short*)
 .text._ZN6SpiDrv10sendBufferEPhth
                0x00004d02       0x2a WiFiNINA\utility\spi_drv.cpp.o
                0x00004d02                SpiDrv::sendBuffer(unsigned char*, unsigned short, unsigned char)
 .text._ZN6SpiDrv9sendParamEth
                0x00004d2c       0x24 WiFiNINA\utility\spi_drv.cpp.o
                0x00004d2c                SpiDrv::sendParam(unsigned short, unsigned char)
 .text._ZN6SpiDrv7sendCmdEhh
                0x00004d50       0x26 WiFiNINA\utility\spi_drv.cpp.o
                0x00004d50                SpiDrv::sendCmd(unsigned char, unsigned char)
 .text._ZN6SpiDrv9availableEv
                0x00004d76        0xe WiFiNINA\utility\spi_drv.cpp.o
                0x00004d76                SpiDrv::available()
 .text._ZN21WiFiSocketBufferClassC2Ev
                0x00004d84       0x10 WiFiNINA\utility\WiFiSocketBuffer.cpp.o
                0x00004d84                WiFiSocketBufferClass::WiFiSocketBufferClass()
                0x00004d84                WiFiSocketBufferClass::WiFiSocketBufferClass()
 .text._ZN21WiFiSocketBufferClass5closeEi
                0x00004d94       0x1c WiFiNINA\utility\WiFiSocketBuffer.cpp.o
                0x00004d94                WiFiSocketBufferClass::close(int)
 .text._ZN21WiFiSocketBufferClassD2Ev
                0x00004db0       0x18 WiFiNINA\utility\WiFiSocketBuffer.cpp.o
                0x00004db0                WiFiSocketBufferClass::~WiFiSocketBufferClass()
                0x00004db0                WiFiSocketBufferClass::~WiFiSocketBufferClass()
 .text._ZN21WiFiSocketBufferClass9availableEi
                0x00004dc8       0x58 WiFiNINA\utility\WiFiSocketBuffer.cpp.o
                0x00004dc8                WiFiSocketBufferClass::available(int)
 .text._ZN21WiFiSocketBufferClass4peekEi
                0x00004e20       0x20 WiFiNINA\utility\WiFiSocketBuffer.cpp.o
                0x00004e20                WiFiSocketBufferClass::peek(int)
 .text._ZN21WiFiSocketBufferClass4readEiPhj
                0x00004e40       0x38 WiFiNINA\utility\WiFiSocketBuffer.cpp.o
                0x00004e40                WiFiSocketBufferClass::read(int, unsigned char*, unsigned int)
 .text.startup._GLOBAL__sub_I__ZN21WiFiSocketBufferClassC2Ev
                0x00004e78       0x24 WiFiNINA\utility\WiFiSocketBuffer.cpp.o
 .text._ZN7WiFiDrv13getRemoteDataEhPhS0_
                0x00004e9c       0x84 WiFiNINA\utility\wifi_drv.cpp.o
                0x00004e9c                WiFiDrv::getRemoteData(unsigned char, unsigned char*, unsigned char*)
 .text._ZN7WiFiDrv17wifiSetPassphraseEPKchS1_h
                0x00004f20       0x84 WiFiNINA\utility\wifi_drv.cpp.o
                0x00004f20                WiFiDrv::wifiSetPassphrase(char const*, unsigned char, char const*, unsigned char)
 .text._ZN7WiFiDrv19getConnectionStatusEv
                0x00004fa4       0x50 WiFiNINA\utility\wifi_drv.cpp.o
                0x00004fa4                WiFiDrv::getConnectionStatus()
 .text._ZN7WiFiDrv13reqHostByNameEPKc
                0x00004ff4       0x84 WiFiNINA\utility\wifi_drv.cpp.o
                0x00004ff4                WiFiDrv::reqHostByName(char const*)
 .text._ZN7WiFiDrv13getHostByNameER9IPAddress
                0x00005078       0x74 WiFiNINA\utility\wifi_drv.cpp.o
                0x00005078                WiFiDrv::getHostByName(IPAddress&)
 .text._ZN7WiFiDrv13getHostByNameEPKcR9IPAddress
                0x000050ec       0x18 WiFiNINA\utility\wifi_drv.cpp.o
                0x000050ec                WiFiDrv::getHostByName(char const*, IPAddress&)
 .text.startup._GLOBAL__sub_I__ZN7WiFiDrv12_networkSsidE
                0x00005104       0x18 WiFiNINA\utility\wifi_drv.cpp.o
 .text._ZN8SPIClass4initEv
                0x0000511c       0x12 SPI\SPI.cpp.o
                0x0000511c                SPIClass::init()
 .text._ZN8SPIClass6configE11SPISettings
                0x0000512e       0x4e SPI\SPI.cpp.o
                0x0000512e                SPIClass::config(SPISettings)
 .text._ZN8SPIClass5beginEv
                0x0000517c       0x50 SPI\SPI.cpp.o
                0x0000517c                SPIClass::begin()
 .text._ZN8SPIClass16beginTransactionE11SPISettings
                0x000051cc       0x38 SPI\SPI.cpp.o
                0x000051cc                SPIClass::beginTransaction(SPISettings)
 .text._ZN8SPIClass14endTransactionEv
                0x00005204       0x28 SPI\SPI.cpp.o
                0x00005204                SPIClass::endTransaction()
 .text._ZN8SPIClass8transferEh
                0x0000522c        0xa SPI\SPI.cpp.o
                0x0000522c                SPIClass::transfer(unsigned char)
 *fill*         0x00005236        0x2 
 .text.startup._GLOBAL__sub_I__ZN8SPIClassC2EP6SERCOMhhh14SercomSpiTXPad11SercomRXPad
                0x00005238       0x68 SPI\SPI.cpp.o
 .text.PINCOUNT_fn
                0x000052a0        0x4 C:\Users\jarno\AppData\Local\Temp\VMBCore\arduino16x\6e2c6f62dfa096369c1ab13123867c05\variant\variant.cpp.o
                0x000052a0                PINCOUNT_fn
 .text._Z11initVariantv
                0x000052a4       0x24 C:\Users\jarno\AppData\Local\Temp\VMBCore\arduino16x\6e2c6f62dfa096369c1ab13123867c05\variant\variant.cpp.o
                0x000052a4                initVariant()
 .text.SERCOM5_Handler
                0x000052c8       0x10 C:\Users\jarno\AppData\Local\Temp\VMBCore\arduino16x\6e2c6f62dfa096369c1ab13123867c05\variant\variant.cpp.o
                0x000052c8                SERCOM5_Handler
 .text.SERCOM3_Handler
                0x000052d8       0x10 C:\Users\jarno\AppData\Local\Temp\VMBCore\arduino16x\6e2c6f62dfa096369c1ab13123867c05\variant\variant.cpp.o
                0x000052d8                SERCOM3_Handler
 .text.SERCOM2_Handler
                0x000052e8       0x10 C:\Users\jarno\AppData\Local\Temp\VMBCore\arduino16x\6e2c6f62dfa096369c1ab13123867c05\variant\variant.cpp.o
                0x000052e8                SERCOM2_Handler
 .text.startup._GLOBAL__sub_I_g_APinDescription
                0x000052f8       0xbc C:\Users\jarno\AppData\Local\Temp\VMBCore\arduino16x\6e2c6f62dfa096369c1ab13123867c05\variant\variant.cpp.o
 .text.Dummy_Handler
                0x000053b4        0x2 C:\Users\jarno\AppData\Local\Temp\VMBuilds\WiFiSimpleReceive\nano_33_iot\Release/core.a(cortex_handlers.c.o)
                0x000053b4                DMAC_Handler
                0x000053b4                HardFault_Handler
                0x000053b4                AC_Handler
                0x000053b4                PendSV_Handler
                0x000053b4                NMI_Handler
                0x000053b4                TC7_Handler
                0x000053b4                SERCOM1_Handler
                0x000053b4                ADC_Handler
                0x000053b4                TCC1_Handler
                0x000053b4                TCC0_Handler
                0x000053b4                RTC_Handler
                0x000053b4                EIC_Handler
                0x000053b4                TC6_Handler
                0x000053b4                WDT_Handler
                0x000053b4                TC4_Handler
                0x000053b4                TC3_Handler
                0x000053b4                Dummy_Handler
                0x000053b4                PM_Handler
                0x000053b4                SVC_Handler
                0x000053b4                TCC2_Handler
                0x000053b4                EVSYS_Handler
                0x000053b4                SERCOM4_Handler
                0x000053b4                I2S_Handler
                0x000053b4                NVMCTRL_Handler
                0x000053b4                SERCOM0_Handler
                0x000053b4                DAC_Handler
                0x000053b4                PTC_Handler
                0x000053b4                SYSCTRL_Handler
 *fill*         0x000053b6        0x2 
 .text.USB_Handler
                0x000053b8       0x14 C:\Users\jarno\AppData\Local\Temp\VMBuilds\WiFiSimpleReceive\nano_33_iot\Release/core.a(cortex_handlers.c.o)
                0x000053b8                USB_Handler
 .text.Reset_Handler
                0x000053cc       0x54 C:\Users\jarno\AppData\Local\Temp\VMBuilds\WiFiSimpleReceive\nano_33_iot\Release/core.a(cortex_handlers.c.o)
                0x000053cc                Reset_Handler
 .text.SysTick_Handler
                0x00005420       0x10 C:\Users\jarno\AppData\Local\Temp\VMBuilds\WiFiSimpleReceive\nano_33_iot\Release/core.a(cortex_handlers.c.o)
                0x00005420                SysTick_Handler
 .text.USB_SetHandler
                0x00005430        0xc C:\Users\jarno\AppData\Local\Temp\VMBuilds\WiFiSimpleReceive\nano_33_iot\Release/core.a(cortex_handlers.c.o)
                0x00005430                USB_SetHandler
 .text.millis   0x0000543c        0xc C:\Users\jarno\AppData\Local\Temp\VMBuilds\WiFiSimpleReceive\nano_33_iot\Release/core.a(delay.c.o)
                0x0000543c                millis
 .text.micros   0x00005448       0x60 C:\Users\jarno\AppData\Local\Temp\VMBuilds\WiFiSimpleReceive\nano_33_iot\Release/core.a(delay.c.o)
                0x00005448                micros
 .text.delay    0x000054a8       0x30 C:\Users\jarno\AppData\Local\Temp\VMBuilds\WiFiSimpleReceive\nano_33_iot\Release/core.a(delay.c.o)
                0x000054a8                delay
 .text.resetExternalChip
                0x000054d8        0x2 C:\Users\jarno\AppData\Local\Temp\VMBuilds\WiFiSimpleReceive\nano_33_iot\Release/core.a(delay.c.o)
                0x000054d8                resetExternalChip
 *fill*         0x000054da        0x2 
 .text.SysTick_DefaultHandler
                0x000054dc       0x14 C:\Users\jarno\AppData\Local\Temp\VMBuilds\WiFiSimpleReceive\nano_33_iot\Release/core.a(delay.c.o)
                0x000054dc                SysTick_DefaultHandler
 .text.__empty  0x000054f0        0x2 C:\Users\jarno\AppData\Local\Temp\VMBuilds\WiFiSimpleReceive\nano_33_iot\Release/core.a(hooks.c.o)
                0x000054f0                yield
 .text.__false  0x000054f2        0x4 C:\Users\jarno\AppData\Local\Temp\VMBuilds\WiFiSimpleReceive\nano_33_iot\Release/core.a(hooks.c.o)
                0x000054f2                sysTickHook
 *fill*         0x000054f6        0x2 
 .text.SystemInit
                0x000054f8      0x194 C:\Users\jarno\AppData\Local\Temp\VMBuilds\WiFiSimpleReceive\nano_33_iot\Release/core.a(startup.c.o)
                0x000054f8                SystemInit
 .text.init     0x0000568c       0xf0 C:\Users\jarno\AppData\Local\Temp\VMBuilds\WiFiSimpleReceive\nano_33_iot\Release/core.a(wiring.c.o)
                0x0000568c                init
 .text.analogReference
                0x0000577c       0x64 C:\Users\jarno\AppData\Local\Temp\VMBuilds\WiFiSimpleReceive\nano_33_iot\Release/core.a(wiring_analog.c.o)
                0x0000577c                analogReference
 .text.pinMode  0x000057e0       0x98 C:\Users\jarno\AppData\Local\Temp\VMBuilds\WiFiSimpleReceive\nano_33_iot\Release/core.a(wiring_digital.c.o)
                0x000057e0                pinMode
 .text.digitalWrite
                0x00005878       0x58 C:\Users\jarno\AppData\Local\Temp\VMBuilds\WiFiSimpleReceive\nano_33_iot\Release/core.a(wiring_digital.c.o)
                0x00005878                digitalWrite
 .text.digitalRead
                0x000058d0       0x30 C:\Users\jarno\AppData\Local\Temp\VMBuilds\WiFiSimpleReceive\nano_33_iot\Release/core.a(wiring_digital.c.o)
                0x000058d0                digitalRead
 .text.pinPeripheral
                0x00005900       0xc0 C:\Users\jarno\AppData\Local\Temp\VMBuilds\WiFiSimpleReceive\nano_33_iot\Release/core.a(wiring_private.c.o)
                0x00005900                pinPeripheral
 .text._ZNK9IPAddress7printToER5Print
                0x000059c0       0x44 C:\Users\jarno\AppData\Local\Temp\VMBuilds\WiFiSimpleReceive\nano_33_iot\Release/core.a(IPAddress.cpp.o)
                0x000059c0                IPAddress::printTo(Print&) const
 .text._ZN9IPAddressC2Ev
                0x00005a04       0x10 C:\Users\jarno\AppData\Local\Temp\VMBuilds\WiFiSimpleReceive\nano_33_iot\Release/core.a(IPAddress.cpp.o)
                0x00005a04                IPAddress::IPAddress()
                0x00005a04                IPAddress::IPAddress()
 .text._ZN9IPAddressC2Ehhhh
                0x00005a14       0x1c C:\Users\jarno\AppData\Local\Temp\VMBuilds\WiFiSimpleReceive\nano_33_iot\Release/core.a(IPAddress.cpp.o)
                0x00005a14                IPAddress::IPAddress(unsigned char, unsigned char, unsigned char, unsigned char)
                0x00005a14                IPAddress::IPAddress(unsigned char, unsigned char, unsigned char, unsigned char)
 .text._ZN9IPAddressC2Em
                0x00005a30       0x10 C:\Users\jarno\AppData\Local\Temp\VMBuilds\WiFiSimpleReceive\nano_33_iot\Release/core.a(IPAddress.cpp.o)
                0x00005a30                IPAddress::IPAddress(unsigned long)
                0x00005a30                IPAddress::IPAddress(unsigned long)
 .text._ZN9IPAddressC2EPKh
                0x00005a40       0x18 C:\Users\jarno\AppData\Local\Temp\VMBuilds\WiFiSimpleReceive\nano_33_iot\Release/core.a(IPAddress.cpp.o)
                0x00005a40                IPAddress::IPAddress(unsigned char const*)
                0x00005a40                IPAddress::IPAddress(unsigned char const*)
 .text._ZN9IPAddressaSEPKh
                0x00005a58       0x10 C:\Users\jarno\AppData\Local\Temp\VMBuilds\WiFiSimpleReceive\nano_33_iot\Release/core.a(IPAddress.cpp.o)
                0x00005a58                IPAddress::operator=(unsigned char const*)
 .text.startup.main
                0x00005a68       0x40 C:\Users\jarno\AppData\Local\Temp\VMBuilds\WiFiSimpleReceive\nano_33_iot\Release/core.a(main.cpp.o)
                0x00005a68                main
 .text._Znwj    0x00005aa8        0x8 C:\Users\jarno\AppData\Local\Temp\VMBuilds\WiFiSimpleReceive\nano_33_iot\Release/core.a(new.cpp.o)
                0x00005aa8                operator new(unsigned int)
 .text._ZdlPv   0x00005ab0        0x8 C:\Users\jarno\AppData\Local\Temp\VMBuilds\WiFiSimpleReceive\nano_33_iot\Release/core.a(new.cpp.o)
                0x00005ab0                operator delete(void*)
 .text._ZN5Print5writeEPKhj
                0x00005ab8       0x28 C:\Users\jarno\AppData\Local\Temp\VMBuilds\WiFiSimpleReceive\nano_33_iot\Release/core.a(Print.cpp.o)
                0x00005ab8                Print::write(unsigned char const*, unsigned int)
 .text._ZN5Print5writeEPKc.part.2
                0x00005ae0       0x1a C:\Users\jarno\AppData\Local\Temp\VMBuilds\WiFiSimpleReceive\nano_33_iot\Release/core.a(Print.cpp.o)
 .text._ZN5Print5writeEPKc
                0x00005afa       0x10 C:\Users\jarno\AppData\Local\Temp\VMBuilds\WiFiSimpleReceive\nano_33_iot\Release/core.a(Print.cpp.o)
                0x00005afa                Print::write(char const*)
 .text._ZN5Print5printERK6String
                0x00005b0a        0xe C:\Users\jarno\AppData\Local\Temp\VMBuilds\WiFiSimpleReceive\nano_33_iot\Release/core.a(Print.cpp.o)
                0x00005b0a                Print::print(String const&)
 .text._ZN5Print5printEPKc
                0x00005b18        0x8 C:\Users\jarno\AppData\Local\Temp\VMBuilds\WiFiSimpleReceive\nano_33_iot\Release/core.a(Print.cpp.o)
                0x00005b18                Print::print(char const*)
 .text._ZN5Print5printEc
                0x00005b20        0xa C:\Users\jarno\AppData\Local\Temp\VMBuilds\WiFiSimpleReceive\nano_33_iot\Release/core.a(Print.cpp.o)
                0x00005b20                Print::print(char)
 *fill*         0x00005b2a        0x2 
 .text._ZN5Print7printlnEv
                0x00005b2c       0x10 C:\Users\jarno\AppData\Local\Temp\VMBuilds\WiFiSimpleReceive\nano_33_iot\Release/core.a(Print.cpp.o)
                0x00005b2c                Print::println()
 .text._ZN5Print7printlnERK6String
                0x00005b3c       0x14 C:\Users\jarno\AppData\Local\Temp\VMBuilds\WiFiSimpleReceive\nano_33_iot\Release/core.a(Print.cpp.o)
                0x00005b3c                Print::println(String const&)
 .text._ZN5Print7printlnEPKc
                0x00005b50       0x14 C:\Users\jarno\AppData\Local\Temp\VMBuilds\WiFiSimpleReceive\nano_33_iot\Release/core.a(Print.cpp.o)
                0x00005b50                Print::println(char const*)
 .text._ZN5Print11printNumberEmh
                0x00005b64       0x48 C:\Users\jarno\AppData\Local\Temp\VMBuilds\WiFiSimpleReceive\nano_33_iot\Release/core.a(Print.cpp.o)
                0x00005b64                Print::printNumber(unsigned long, unsigned char)
 .text._ZN5Print5printEli
                0x00005bac       0x3e C:\Users\jarno\AppData\Local\Temp\VMBuilds\WiFiSimpleReceive\nano_33_iot\Release/core.a(Print.cpp.o)
                0x00005bac                Print::print(long, int)
 .text._ZN5Print5printEii
                0x00005bea        0x8 C:\Users\jarno\AppData\Local\Temp\VMBuilds\WiFiSimpleReceive\nano_33_iot\Release/core.a(Print.cpp.o)
                0x00005bea                Print::print(int, int)
 .text._ZN5Print7printlnEii
                0x00005bf2       0x14 C:\Users\jarno\AppData\Local\Temp\VMBuilds\WiFiSimpleReceive\nano_33_iot\Release/core.a(Print.cpp.o)
                0x00005bf2                Print::println(int, int)
 .text._ZN5Print5printEmi
                0x00005c06       0x18 C:\Users\jarno\AppData\Local\Temp\VMBuilds\WiFiSimpleReceive\nano_33_iot\Release/core.a(Print.cpp.o)
                0x00005c06                Print::print(unsigned long, int)
 .text._ZN5Print5printEhi
                0x00005c1e        0x8 C:\Users\jarno\AppData\Local\Temp\VMBuilds\WiFiSimpleReceive\nano_33_iot\Release/core.a(Print.cpp.o)
                0x00005c1e                Print::print(unsigned char, int)
 .text._ZN5Print7printlnEhi
                0x00005c26       0x14 C:\Users\jarno\AppData\Local\Temp\VMBuilds\WiFiSimpleReceive\nano_33_iot\Release/core.a(Print.cpp.o)
                0x00005c26                Print::println(unsigned char, int)
 .text._ZN5Print7printlnEji
                0x00005c3a       0x14 C:\Users\jarno\AppData\Local\Temp\VMBuilds\WiFiSimpleReceive\nano_33_iot\Release/core.a(Print.cpp.o)
                0x00005c3a                Print::println(unsigned int, int)
 *fill*         0x00005c4e        0x2 
 .text.initiateReset
                0x00005c50       0x14 C:\Users\jarno\AppData\Local\Temp\VMBuilds\WiFiSimpleReceive\nano_33_iot\Release/core.a(Reset.cpp.o)
                0x00005c50                initiateReset
 .text.cancelReset
                0x00005c64       0x10 C:\Users\jarno\AppData\Local\Temp\VMBuilds\WiFiSimpleReceive\nano_33_iot\Release/core.a(Reset.cpp.o)
                0x00005c64                cancelReset
 .text.tickReset
                0x00005c74       0x78 C:\Users\jarno\AppData\Local\Temp\VMBuilds\WiFiSimpleReceive\nano_33_iot\Release/core.a(Reset.cpp.o)
                0x00005c74                tickReset
 .text._ZN6SERCOMC2EP6Sercom
                0x00005cec        0x4 C:\Users\jarno\AppData\Local\Temp\VMBuilds\WiFiSimpleReceive\nano_33_iot\Release/core.a(SERCOM.cpp.o)
                0x00005cec                SERCOM::SERCOM(Sercom*)
                0x00005cec                SERCOM::SERCOM(Sercom*)
 .text._ZN6SERCOM9initFrameE18SercomUartCharSize15SercomDataOrder16SercomParityMode19SercomNumberStopBit
                0x00005cf0       0x3a C:\Users\jarno\AppData\Local\Temp\VMBuilds\WiFiSimpleReceive\nano_33_iot\Release/core.a(SERCOM.cpp.o)
                0x00005cf0                SERCOM::initFrame(SercomUartCharSize, SercomDataOrder, SercomParityMode, SercomNumberStopBit)
 .text._ZN6SERCOM8initPadsE15SercomUartTXPad11SercomRXPad
                0x00005d2a       0x26 C:\Users\jarno\AppData\Local\Temp\VMBuilds\WiFiSimpleReceive\nano_33_iot\Release/core.a(SERCOM.cpp.o)
                0x00005d2a                SERCOM::initPads(SercomUartTXPad, SercomRXPad)
 .text._ZN6SERCOM9resetUARTEv
                0x00005d50       0x1a C:\Users\jarno\AppData\Local\Temp\VMBuilds\WiFiSimpleReceive\nano_33_iot\Release/core.a(SERCOM.cpp.o)
                0x00005d50                SERCOM::resetUART()
 .text._ZN6SERCOM10enableUARTEv
                0x00005d6a       0x14 C:\Users\jarno\AppData\Local\Temp\VMBuilds\WiFiSimpleReceive\nano_33_iot\Release/core.a(SERCOM.cpp.o)
                0x00005d6a                SERCOM::enableUART()
 .text._ZN6SERCOM9flushUARTEv
                0x00005d7e       0x10 C:\Users\jarno\AppData\Local\Temp\VMBuilds\WiFiSimpleReceive\nano_33_iot\Release/core.a(SERCOM.cpp.o)
                0x00005d7e                SERCOM::flushUART()
 .text._ZN6SERCOM15clearStatusUARTEv
                0x00005d8e        0x8 C:\Users\jarno\AppData\Local\Temp\VMBuilds\WiFiSimpleReceive\nano_33_iot\Release/core.a(SERCOM.cpp.o)
                0x00005d8e                SERCOM::clearStatusUART()
 .text._ZN6SERCOM17availableDataUARTEv
                0x00005d96        0xa C:\Users\jarno\AppData\Local\Temp\VMBuilds\WiFiSimpleReceive\nano_33_iot\Release/core.a(SERCOM.cpp.o)
                0x00005d96                SERCOM::availableDataUART()
 .text._ZN6SERCOM11isUARTErrorEv
                0x00005da0        0x8 C:\Users\jarno\AppData\Local\Temp\VMBuilds\WiFiSimpleReceive\nano_33_iot\Release/core.a(SERCOM.cpp.o)
                0x00005da0                SERCOM::isUARTError()
 .text._ZN6SERCOM20acknowledgeUARTErrorEv
                0x00005da8        0xe C:\Users\jarno\AppData\Local\Temp\VMBuilds\WiFiSimpleReceive\nano_33_iot\Release/core.a(SERCOM.cpp.o)
                0x00005da8                SERCOM::acknowledgeUARTError()
 .text._ZN6SERCOM16isFrameErrorUARTEv
                0x00005db6        0xa C:\Users\jarno\AppData\Local\Temp\VMBuilds\WiFiSimpleReceive\nano_33_iot\Release/core.a(SERCOM.cpp.o)
                0x00005db6                SERCOM::isFrameErrorUART()
 .text._ZN6SERCOM19clearFrameErrorUARTEv
                0x00005dc0        0xc C:\Users\jarno\AppData\Local\Temp\VMBuilds\WiFiSimpleReceive\nano_33_iot\Release/core.a(SERCOM.cpp.o)
                0x00005dc0                SERCOM::clearFrameErrorUART()
 .text._ZN6SERCOM23isDataRegisterEmptyUARTEv
                0x00005dcc        0xa C:\Users\jarno\AppData\Local\Temp\VMBuilds\WiFiSimpleReceive\nano_33_iot\Release/core.a(SERCOM.cpp.o)
                0x00005dcc                SERCOM::isDataRegisterEmptyUART()
 .text._ZN6SERCOM12readDataUARTEv
                0x00005dd6        0x8 C:\Users\jarno\AppData\Local\Temp\VMBuilds\WiFiSimpleReceive\nano_33_iot\Release/core.a(SERCOM.cpp.o)
                0x00005dd6                SERCOM::readDataUART()
 .text._ZN6SERCOM13writeDataUARTEh
                0x00005dde       0x10 C:\Users\jarno\AppData\Local\Temp\VMBuilds\WiFiSimpleReceive\nano_33_iot\Release/core.a(SERCOM.cpp.o)
                0x00005dde                SERCOM::writeDataUART(unsigned char)
 .text._ZN6SERCOM36enableDataRegisterEmptyInterruptUARTEv
                0x00005dee        0x8 C:\Users\jarno\AppData\Local\Temp\VMBuilds\WiFiSimpleReceive\nano_33_iot\Release/core.a(SERCOM.cpp.o)
                0x00005dee                SERCOM::enableDataRegisterEmptyInterruptUART()
 .text._ZN6SERCOM37disableDataRegisterEmptyInterruptUARTEv
                0x00005df6        0x8 C:\Users\jarno\AppData\Local\Temp\VMBuilds\WiFiSimpleReceive\nano_33_iot\Release/core.a(SERCOM.cpp.o)
                0x00005df6                SERCOM::disableDataRegisterEmptyInterruptUART()
 *fill*         0x00005dfe        0x2 
 .text._ZN6SERCOM12initSPIClockE18SercomSpiClockModem
                0x00005e00       0x30 C:\Users\jarno\AppData\Local\Temp\VMBuilds\WiFiSimpleReceive\nano_33_iot\Release/core.a(SERCOM.cpp.o)
                0x00005e00                SERCOM::initSPIClock(SercomSpiClockMode, unsigned long)
 .text._ZN6SERCOM8resetSPIEv
                0x00005e30       0x1a C:\Users\jarno\AppData\Local\Temp\VMBuilds\WiFiSimpleReceive\nano_33_iot\Release/core.a(SERCOM.cpp.o)
                0x00005e30                SERCOM::resetSPI()
 .text._ZN6SERCOM9enableSPIEv
                0x00005e4a       0x14 C:\Users\jarno\AppData\Local\Temp\VMBuilds\WiFiSimpleReceive\nano_33_iot\Release/core.a(SERCOM.cpp.o)
                0x00005e4a                SERCOM::enableSPI()
 .text._ZN6SERCOM10disableSPIEv
                0x00005e5e       0x12 C:\Users\jarno\AppData\Local\Temp\VMBuilds\WiFiSimpleReceive\nano_33_iot\Release/core.a(SERCOM.cpp.o)
                0x00005e5e                SERCOM::disableSPI()
 .text._ZN6SERCOM15transferDataSPIEh
                0x00005e70       0x1a C:\Users\jarno\AppData\Local\Temp\VMBuilds\WiFiSimpleReceive\nano_33_iot\Release/core.a(SERCOM.cpp.o)
                0x00005e70                SERCOM::transferDataSPI(unsigned char)
 *fill*         0x00005e8a        0x2 
 .text._ZN6SERCOM13initClockNVICEv
                0x00005e8c       0xa8 C:\Users\jarno\AppData\Local\Temp\VMBuilds\WiFiSimpleReceive\nano_33_iot\Release/core.a(SERCOM.cpp.o)
                0x00005e8c                SERCOM::initClockNVIC()
 .text._ZN6SERCOM8initUARTE14SercomUartMode20SercomUartSampleRatem
                0x00005f34       0x6c C:\Users\jarno\AppData\Local\Temp\VMBuilds\WiFiSimpleReceive\nano_33_iot\Release/core.a(SERCOM.cpp.o)
                0x00005f34                SERCOM::initUART(SercomUartMode, SercomUartSampleRate, unsigned long)
 .text._ZN6SERCOM7initSPIE14SercomSpiTXPad11SercomRXPad17SercomSpiCharSize15SercomDataOrder
                0x00005fa0       0x4a C:\Users\jarno\AppData\Local\Temp\VMBuilds\WiFiSimpleReceive\nano_33_iot\Release/core.a(SERCOM.cpp.o)
                0x00005fa0                SERCOM::initSPI(SercomSpiTXPad, SercomRXPad, SercomSpiCharSize, SercomDataOrder)
 .text._ZN6Stream10setTimeoutEm
                0x00005fea        0x4 C:\Users\jarno\AppData\Local\Temp\VMBuilds\WiFiSimpleReceive\nano_33_iot\Release/core.a(Stream.cpp.o)
                0x00005fea                Stream::setTimeout(unsigned long)
 .text._ZN4UartcvbEv
                0x00005fee        0x4 C:\Users\jarno\AppData\Local\Temp\VMBuilds\WiFiSimpleReceive\nano_33_iot\Release/core.a(Uart.cpp.o)
                0x00005fee                Uart::operator bool()
 *fill*         0x00005ff2        0x2 
 .text._ZN4Uart5beginEm
                0x00005ff4       0x10 C:\Users\jarno\AppData\Local\Temp\VMBuilds\WiFiSimpleReceive\nano_33_iot\Release/core.a(Uart.cpp.o)
                0x00005ff4                Uart::begin(unsigned long)
 .text._ZN4Uart4peekEv
                0x00006004       0x1a C:\Users\jarno\AppData\Local\Temp\VMBuilds\WiFiSimpleReceive\nano_33_iot\Release/core.a(Uart.cpp.o)
                0x00006004                Uart::peek()
 .text._ZN4Uart3endEv
                0x0000601e       0x20 C:\Users\jarno\AppData\Local\Temp\VMBuilds\WiFiSimpleReceive\nano_33_iot\Release/core.a(Uart.cpp.o)
                0x0000601e                Uart::end()
 .text._ZN4Uart16extractNbStopBitEt
                0x0000603e        0xc C:\Users\jarno\AppData\Local\Temp\VMBuilds\WiFiSimpleReceive\nano_33_iot\Release/core.a(Uart.cpp.o)
                0x0000603e                Uart::extractNbStopBit(unsigned short)
 .text._ZN4Uart15extractCharSizeEt
                0x0000604a       0x28 C:\Users\jarno\AppData\Local\Temp\VMBuilds\WiFiSimpleReceive\nano_33_iot\Release/core.a(Uart.cpp.o)
                0x0000604a                Uart::extractCharSize(unsigned short)
 .text._ZN4Uart13extractParityEt
                0x00006072       0x14 C:\Users\jarno\AppData\Local\Temp\VMBuilds\WiFiSimpleReceive\nano_33_iot\Release/core.a(Uart.cpp.o)
                0x00006072                Uart::extractParity(unsigned short)
 *fill*         0x00006086        0x2 
 .text._ZN4Uart5beginEmt
                0x00006088       0xf8 C:\Users\jarno\AppData\Local\Temp\VMBuilds\WiFiSimpleReceive\nano_33_iot\Release/core.a(Uart.cpp.o)
                0x00006088                Uart::begin(unsigned long, unsigned short)
 .text._ZN11RingBufferNILi256EEC2Ev
                0x00006180       0x1c C:\Users\jarno\AppData\Local\Temp\VMBuilds\WiFiSimpleReceive\nano_33_iot\Release/core.a(Uart.cpp.o)
                0x00006180                RingBufferN<256>::RingBufferN()
                0x00006180                RingBufferN<256>::RingBufferN()
 .text._ZN4UartC2EP6SERCOMhh11SercomRXPad15SercomUartTXPadhh
                0x0000619c       0x88 C:\Users\jarno\AppData\Local\Temp\VMBuilds\WiFiSimpleReceive\nano_33_iot\Release/core.a(Uart.cpp.o)
                0x0000619c                Uart::Uart(SERCOM*, unsigned char, unsigned char, SercomRXPad, SercomUartTXPad, unsigned char, unsigned char)
                0x0000619c                Uart::Uart(SERCOM*, unsigned char, unsigned char, SercomRXPad, SercomUartTXPad, unsigned char, unsigned char)
 .text._ZN4UartC2EP6SERCOMhh11SercomRXPad15SercomUartTXPad
                0x00006224       0x74 C:\Users\jarno\AppData\Local\Temp\VMBuilds\WiFiSimpleReceive\nano_33_iot\Release/core.a(Uart.cpp.o)
                0x00006224                Uart::Uart(SERCOM*, unsigned char, unsigned char, SercomRXPad, SercomUartTXPad)
                0x00006224                Uart::Uart(SERCOM*, unsigned char, unsigned char, SercomRXPad, SercomUartTXPad)
 .text._ZN11RingBufferNILi256EE9availableEv
                0x00006298       0x12 C:\Users\jarno\AppData\Local\Temp\VMBuilds\WiFiSimpleReceive\nano_33_iot\Release/core.a(Uart.cpp.o)
                0x00006298                RingBufferN<256>::available()
 .text._ZN4Uart5flushEv
                0x000062aa       0x1a C:\Users\jarno\AppData\Local\Temp\VMBuilds\WiFiSimpleReceive\nano_33_iot\Release/core.a(Uart.cpp.o)
                0x000062aa                Uart::flush()
 .text._ZN4Uart9availableEv
                0x000062c4        0xa C:\Users\jarno\AppData\Local\Temp\VMBuilds\WiFiSimpleReceive\nano_33_iot\Release/core.a(Uart.cpp.o)
                0x000062c4                Uart::available()
 .text._ZN11RingBufferNILi256EE17availableForStoreEv
                0x000062ce       0x20 C:\Users\jarno\AppData\Local\Temp\VMBuilds\WiFiSimpleReceive\nano_33_iot\Release/core.a(Uart.cpp.o)
                0x000062ce                RingBufferN<256>::availableForStore()
 .text._ZN4Uart17availableForWriteEv
                0x000062ee        0xc C:\Users\jarno\AppData\Local\Temp\VMBuilds\WiFiSimpleReceive\nano_33_iot\Release/core.a(Uart.cpp.o)
                0x000062ee                Uart::availableForWrite()
 .text._ZN4Uart10IrqHandlerEv
                0x000062fa       0xcc C:\Users\jarno\AppData\Local\Temp\VMBuilds\WiFiSimpleReceive\nano_33_iot\Release/core.a(Uart.cpp.o)
                0x000062fa                Uart::IrqHandler()
 *fill*         0x000063c6        0x2 
 .text._ZN4Uart5writeEh
                0x000063c8       0xb4 C:\Users\jarno\AppData\Local\Temp\VMBuilds\WiFiSimpleReceive\nano_33_iot\Release/core.a(Uart.cpp.o)
                0x000063c8                Uart::write(unsigned char)
 .text._ZN4Uart4readEv
                0x0000647c       0x4c C:\Users\jarno\AppData\Local\Temp\VMBuilds\WiFiSimpleReceive\nano_33_iot\Release/core.a(Uart.cpp.o)
                0x0000647c                Uart::read()
 .text._Z6randoml
                0x000064c8       0x16 C:\Users\jarno\AppData\Local\Temp\VMBuilds\WiFiSimpleReceive\nano_33_iot\Release/core.a(WMath.cpp.o)
                0x000064c8                random(long)
 .text._ZN6StringD2Ev
                0x000064de       0x12 C:\Users\jarno\AppData\Local\Temp\VMBuilds\WiFiSimpleReceive\nano_33_iot\Release/core.a(WString.cpp.o)
                0x000064de                String::~String()
                0x000064de                String::~String()
 .text._ZN6String10invalidateEv
                0x000064f0       0x18 C:\Users\jarno\AppData\Local\Temp\VMBuilds\WiFiSimpleReceive\nano_33_iot\Release/core.a(WString.cpp.o)
                0x000064f0                String::invalidate()
 .text._ZN6String12changeBufferEj
                0x00006508       0x18 C:\Users\jarno\AppData\Local\Temp\VMBuilds\WiFiSimpleReceive\nano_33_iot\Release/core.a(WString.cpp.o)
                0x00006508                String::changeBuffer(unsigned int)
 .text._ZN6String7reserveEj
                0x00006520       0x2a C:\Users\jarno\AppData\Local\Temp\VMBuilds\WiFiSimpleReceive\nano_33_iot\Release/core.a(WString.cpp.o)
                0x00006520                String::reserve(unsigned int)
 .text._ZN6String4copyEPKcj
                0x0000654a       0x28 C:\Users\jarno\AppData\Local\Temp\VMBuilds\WiFiSimpleReceive\nano_33_iot\Release/core.a(WString.cpp.o)
                0x0000654a                String::copy(char const*, unsigned int)
 .text._ZN6StringC2EPKc
                0x00006572       0x26 C:\Users\jarno\AppData\Local\Temp\VMBuilds\WiFiSimpleReceive\nano_33_iot\Release/core.a(WString.cpp.o)
                0x00006572                String::String(char const*)
                0x00006572                String::String(char const*)
 .text._ZN6StringaSEPKc.part.3
                0x00006598       0x18 C:\Users\jarno\AppData\Local\Temp\VMBuilds\WiFiSimpleReceive\nano_33_iot\Release/core.a(WString.cpp.o)
 .text._ZN6StringaSERKS_
                0x000065b0       0x20 C:\Users\jarno\AppData\Local\Temp\VMBuilds\WiFiSimpleReceive\nano_33_iot\Release/core.a(WString.cpp.o)
                0x000065b0                String::operator=(String const&)
 .text._ZN6StringC2ERKS_
                0x000065d0       0x14 C:\Users\jarno\AppData\Local\Temp\VMBuilds\WiFiSimpleReceive\nano_33_iot\Release/core.a(WString.cpp.o)
                0x000065d0                String::String(String const&)
                0x000065d0                String::String(String const&)
 .text._ZN6StringaSEPKc
                0x000065e4       0x16 C:\Users\jarno\AppData\Local\Temp\VMBuilds\WiFiSimpleReceive\nano_33_iot\Release/core.a(WString.cpp.o)
                0x000065e4                String::operator=(char const*)
 .text._ZN6String6concatEPKcj
                0x000065fa       0x32 C:\Users\jarno\AppData\Local\Temp\VMBuilds\WiFiSimpleReceive\nano_33_iot\Release/core.a(WString.cpp.o)
                0x000065fa                String::concat(char const*, unsigned int)
 .text._ZN6String6concatEc
                0x0000662c       0x14 C:\Users\jarno\AppData\Local\Temp\VMBuilds\WiFiSimpleReceive\nano_33_iot\Release/core.a(WString.cpp.o)
                0x0000662c                String::concat(char)
 .text._ZNK6String6equalsEPKc
                0x00006640       0x28 C:\Users\jarno\AppData\Local\Temp\VMBuilds\WiFiSimpleReceive\nano_33_iot\Release/core.a(WString.cpp.o)
                0x00006640                String::equals(char const*) const
 .text._ZN7Serial_13getDescriptorER8USBSetup
                0x00006668        0x4 C:\Users\jarno\AppData\Local\Temp\VMBuilds\WiFiSimpleReceive\nano_33_iot\Release/core.a(CDC.cpp.o)
                0x00006668                Serial_::getDescriptor(USBSetup&)
 .text._ZL5utox8mPc
                0x0000666c       0x24 C:\Users\jarno\AppData\Local\Temp\VMBuilds\WiFiSimpleReceive\nano_33_iot\Release/core.a(CDC.cpp.o)
 .text._ZN7Serial_12getShortNameEPc
                0x00006690       0x44 C:\Users\jarno\AppData\Local\Temp\VMBuilds\WiFiSimpleReceive\nano_33_iot\Release/core.a(CDC.cpp.o)
                0x00006690                Serial_::getShortName(char*)
 .text._ZThn16_N7Serial_12getShortNameEPc
                0x000066d4       0x10 C:\Users\jarno\AppData\Local\Temp\VMBuilds\WiFiSimpleReceive\nano_33_iot\Release/core.a(CDC.cpp.o)
                0x000066d4                non-virtual thunk to Serial_::getShortName(char*)
 .text._ZN7Serial_14handleEndpointEi
                0x000066e4        0x2 C:\Users\jarno\AppData\Local\Temp\VMBuilds\WiFiSimpleReceive\nano_33_iot\Release/core.a(CDC.cpp.o)
                0x000066e4                Serial_::handleEndpoint(int)
 .text._ZN7Serial_17availableForWriteEv
                0x000066e6        0x4 C:\Users\jarno\AppData\Local\Temp\VMBuilds\WiFiSimpleReceive\nano_33_iot\Release/core.a(CDC.cpp.o)
                0x000066e6                Serial_::availableForWrite()
 .text._ZN7Serial_5writeEh
                0x000066ea       0x14 C:\Users\jarno\AppData\Local\Temp\VMBuilds\WiFiSimpleReceive\nano_33_iot\Release/core.a(CDC.cpp.o)
                0x000066ea                Serial_::write(unsigned char)
 *fill*         0x000066fe        0x2 
 .text._ZN7Serial_12getInterfaceEPh
                0x00006700      0x11c C:\Users\jarno\AppData\Local\Temp\VMBuilds\WiFiSimpleReceive\nano_33_iot\Release/core.a(CDC.cpp.o)
                0x00006700                Serial_::getInterface(unsigned char*)
 .text._ZThn16_N7Serial_12getInterfaceEPh
                0x0000681c       0x10 C:\Users\jarno\AppData\Local\Temp\VMBuilds\WiFiSimpleReceive\nano_33_iot\Release/core.a(CDC.cpp.o)
                0x0000681c                non-virtual thunk to Serial_::getInterface(unsigned char*)
 .text._ZN7Serial_5setupER8USBSetup
                0x0000682c       0xa8 C:\Users\jarno\AppData\Local\Temp\VMBuilds\WiFiSimpleReceive\nano_33_iot\Release/core.a(CDC.cpp.o)
                0x0000682c                Serial_::setup(USBSetup&)
 .text._ZThn16_N7Serial_5setupER8USBSetup
                0x000068d4       0x10 C:\Users\jarno\AppData\Local\Temp\VMBuilds\WiFiSimpleReceive\nano_33_iot\Release/core.a(CDC.cpp.o)
                0x000068d4                non-virtual thunk to Serial_::setup(USBSetup&)
 .text._ZN7Serial_9availableEv
                0x000068e4       0x20 C:\Users\jarno\AppData\Local\Temp\VMBuilds\WiFiSimpleReceive\nano_33_iot\Release/core.a(CDC.cpp.o)
                0x000068e4                Serial_::available()
 .text._ZN7Serial_5flushEv
                0x00006904        0xe C:\Users\jarno\AppData\Local\Temp\VMBuilds\WiFiSimpleReceive\nano_33_iot\Release/core.a(CDC.cpp.o)
                0x00006904                Serial_::flush()
 .text._ZN7Serial_5clearEv
                0x00006912        0xe C:\Users\jarno\AppData\Local\Temp\VMBuilds\WiFiSimpleReceive\nano_33_iot\Release/core.a(CDC.cpp.o)
                0x00006912                Serial_::clear()
 .text._ZN7Serial_5writeEPKhj
                0x00006920       0x1e C:\Users\jarno\AppData\Local\Temp\VMBuilds\WiFiSimpleReceive\nano_33_iot\Release/core.a(CDC.cpp.o)
                0x00006920                Serial_::write(unsigned char const*, unsigned int)
 *fill*         0x0000693e        0x2 
 .text._ZN7Serial_4peekEv
                0x00006940       0x1c C:\Users\jarno\AppData\Local\Temp\VMBuilds\WiFiSimpleReceive\nano_33_iot\Release/core.a(CDC.cpp.o)
                0x00006940                Serial_::peek()
 .text._ZN7Serial_4readEv
                0x0000695c       0x24 C:\Users\jarno\AppData\Local\Temp\VMBuilds\WiFiSimpleReceive\nano_33_iot\Release/core.a(CDC.cpp.o)
                0x0000695c                Serial_::read()
 .text._ZThn16_N7Serial_14handleEndpointEi
                0x00006980        0x2 C:\Users\jarno\AppData\Local\Temp\VMBuilds\WiFiSimpleReceive\nano_33_iot\Release/core.a(CDC.cpp.o)
                0x00006980                non-virtual thunk to Serial_::handleEndpoint(int)
 .text._ZThn16_N7Serial_13getDescriptorER8USBSetup
                0x00006982        0x4 C:\Users\jarno\AppData\Local\Temp\VMBuilds\WiFiSimpleReceive\nano_33_iot\Release/core.a(CDC.cpp.o)
                0x00006982                non-virtual thunk to Serial_::getDescriptor(USBSetup&)
 *fill*         0x00006986        0x2 
 .text._ZN7Serial_C2ER14USBDeviceClass
                0x00006988       0x50 C:\Users\jarno\AppData\Local\Temp\VMBuilds\WiFiSimpleReceive\nano_33_iot\Release/core.a(CDC.cpp.o)
                0x00006988                Serial_::Serial_(USBDeviceClass&)
                0x00006988                Serial_::Serial_(USBDeviceClass&)
 .text._ZN7Serial_15enableInterruptEv
                0x000069d8       0x30 C:\Users\jarno\AppData\Local\Temp\VMBuilds\WiFiSimpleReceive\nano_33_iot\Release/core.a(CDC.cpp.o)
                0x000069d8                Serial_::enableInterrupt()
 .text._ZN7Serial_5beginEm
                0x00006a08        0x2 C:\Users\jarno\AppData\Local\Temp\VMBuilds\WiFiSimpleReceive\nano_33_iot\Release/core.a(CDC.cpp.o)
                0x00006a08                Serial_::begin(unsigned long)
 *fill*         0x00006a0a        0x2 
 .text.startup._GLOBAL__sub_I__ZN7Serial_12getInterfaceEPh
                0x00006a0c       0x14 C:\Users\jarno\AppData\Local\Temp\VMBuilds\WiFiSimpleReceive\nano_33_iot\Release/core.a(CDC.cpp.o)
 .text._ZN13PluggableUSB_12getInterfaceEPh
                0x00006a20       0x28 C:\Users\jarno\AppData\Local\Temp\VMBuilds\WiFiSimpleReceive\nano_33_iot\Release/core.a(PluggableUSB.cpp.o)
                0x00006a20                PluggableUSB_::getInterface(unsigned char*)
 .text._ZN13PluggableUSB_13getDescriptorER8USBSetup
                0x00006a48       0x20 C:\Users\jarno\AppData\Local\Temp\VMBuilds\WiFiSimpleReceive\nano_33_iot\Release/core.a(PluggableUSB.cpp.o)
                0x00006a48                PluggableUSB_::getDescriptor(USBSetup&)
 .text._ZN13PluggableUSB_12getShortNameEPc
                0x00006a68       0x26 C:\Users\jarno\AppData\Local\Temp\VMBuilds\WiFiSimpleReceive\nano_33_iot\Release/core.a(PluggableUSB.cpp.o)
                0x00006a68                PluggableUSB_::getShortName(char*)
 .text._ZN13PluggableUSB_5setupER8USBSetup
                0x00006a8e       0x20 C:\Users\jarno\AppData\Local\Temp\VMBuilds\WiFiSimpleReceive\nano_33_iot\Release/core.a(PluggableUSB.cpp.o)
                0x00006a8e                PluggableUSB_::setup(USBSetup&)
 .text._ZN13PluggableUSB_14handleEndpointEi
                0x00006aae       0x1a C:\Users\jarno\AppData\Local\Temp\VMBuilds\WiFiSimpleReceive\nano_33_iot\Release/core.a(PluggableUSB.cpp.o)
                0x00006aae                PluggableUSB_::handleEndpoint(int)
 .text._ZN13PluggableUSB_4plugEP18PluggableUSBModule
                0x00006ac8       0x58 C:\Users\jarno\AppData\Local\Temp\VMBuilds\WiFiSimpleReceive\nano_33_iot\Release/core.a(PluggableUSB.cpp.o)
                0x00006ac8                PluggableUSB_::plug(PluggableUSBModule*)
 .text._Z12PluggableUSBv
                0x00006b20       0x24 C:\Users\jarno\AppData\Local\Temp\VMBuilds\WiFiSimpleReceive\nano_33_iot\Release/core.a(PluggableUSB.cpp.o)
                0x00006b20                PluggableUSB()
 .text._ZN26DoubleBufferedEPOutHandlerD2Ev
                0x00006b44        0x2 C:\Users\jarno\AppData\Local\Temp\VMBuilds\WiFiSimpleReceive\nano_33_iot\Release/core.a(USBCore.cpp.o)
                0x00006b44                DoubleBufferedEPOutHandler::~DoubleBufferedEPOutHandler()
                0x00006b44                DoubleBufferedEPOutHandler::~DoubleBufferedEPOutHandler()
 .text._ZN26DoubleBufferedEPOutHandlerD0Ev
                0x00006b46        0xc C:\Users\jarno\AppData\Local\Temp\VMBuilds\WiFiSimpleReceive\nano_33_iot\Release/core.a(USBCore.cpp.o)
                0x00006b46                DoubleBufferedEPOutHandler::~DoubleBufferedEPOutHandler()
 *fill*         0x00006b52        0x2 
 .text._ZN14USBDeviceClass6initEPEmm.part.7
                0x00006b54       0xc4 C:\Users\jarno\AppData\Local\Temp\VMBuilds\WiFiSimpleReceive\nano_33_iot\Release/core.a(USBCore.cpp.o)
 .text._ZN7__GuardC2Ev
                0x00006c18        0xe C:\Users\jarno\AppData\Local\Temp\VMBuilds\WiFiSimpleReceive\nano_33_iot\Release/core.a(USBCore.cpp.o)
                0x00006c18                __Guard::__Guard()
                0x00006c18                __Guard::__Guard()
 .text._ZN7__GuardD2Ev
                0x00006c26        0xe C:\Users\jarno\AppData\Local\Temp\VMBuilds\WiFiSimpleReceive\nano_33_iot\Release/core.a(USBCore.cpp.o)
                0x00006c26                __Guard::~__Guard()
                0x00006c26                __Guard::~__Guard()
 .text._ZNK26DoubleBufferedEPOutHandler10_availableEv
                0x00006c34       0x70 C:\Users\jarno\AppData\Local\Temp\VMBuilds\WiFiSimpleReceive\nano_33_iot\Release/core.a(USBCore.cpp.o)
                0x00006c34                DoubleBufferedEPOutHandler::_available() const
 .text._ZN26DoubleBufferedEPOutHandler7releaseEv
                0x00006ca4       0x3c C:\Users\jarno\AppData\Local\Temp\VMBuilds\WiFiSimpleReceive\nano_33_iot\Release/core.a(USBCore.cpp.o)
                0x00006ca4                DoubleBufferedEPOutHandler::release()
 .text._ZN26DoubleBufferedEPOutHandler14handleEndpointEv
                0x00006ce0       0xea C:\Users\jarno\AppData\Local\Temp\VMBuilds\WiFiSimpleReceive\nano_33_iot\Release/core.a(USBCore.cpp.o)
                0x00006ce0                DoubleBufferedEPOutHandler::handleEndpoint()
 .text._ZN26DoubleBufferedEPOutHandler5_recvEv
                0x00006dca      0x198 C:\Users\jarno\AppData\Local\Temp\VMBuilds\WiFiSimpleReceive\nano_33_iot\Release/core.a(USBCore.cpp.o)
                0x00006dca                DoubleBufferedEPOutHandler::_recv()
 .text._ZN26DoubleBufferedEPOutHandler4peekEv
                0x00006f62       0x22 C:\Users\jarno\AppData\Local\Temp\VMBuilds\WiFiSimpleReceive\nano_33_iot\Release/core.a(USBCore.cpp.o)
                0x00006f62                DoubleBufferedEPOutHandler::peek()
 .text._ZN26DoubleBufferedEPOutHandler9availableEv
                0x00006f84       0x18 C:\Users\jarno\AppData\Local\Temp\VMBuilds\WiFiSimpleReceive\nano_33_iot\Release/core.a(USBCore.cpp.o)
                0x00006f84                DoubleBufferedEPOutHandler::available()
 .text._ZN26DoubleBufferedEPOutHandler4recvEPvm
                0x00006f9c       0x72 C:\Users\jarno\AppData\Local\Temp\VMBuilds\WiFiSimpleReceive\nano_33_iot\Release/core.a(USBCore.cpp.o)
                0x00006f9c                DoubleBufferedEPOutHandler::recv(void*, unsigned long)
 .text._ZN14USBDeviceClass14SendInterfacesEPm
                0x0000700e       0x20 C:\Users\jarno\AppData\Local\Temp\VMBuilds\WiFiSimpleReceive\nano_33_iot\Release/core.a(USBCore.cpp.o)
                0x0000700e                USBDeviceClass::SendInterfaces(unsigned long*)
 *fill*         0x0000702e        0x2 
 .text._ZN14USBDeviceClass4initEv
                0x00007030      0x15c C:\Users\jarno\AppData\Local\Temp\VMBuilds\WiFiSimpleReceive\nano_33_iot\Release/core.a(USBCore.cpp.o)
                0x00007030                USBDeviceClass::init()
 .text._ZN14USBDeviceClass6attachEv
                0x0000718c       0x34 C:\Users\jarno\AppData\Local\Temp\VMBuilds\WiFiSimpleReceive\nano_33_iot\Release/core.a(USBCore.cpp.o)
                0x0000718c                USBDeviceClass::attach()
 .text._ZN14USBDeviceClass10setAddressEm
                0x000071c0       0x48 C:\Users\jarno\AppData\Local\Temp\VMBuilds\WiFiSimpleReceive\nano_33_iot\Release/core.a(USBCore.cpp.o)
                0x000071c0                USBDeviceClass::setAddress(unsigned long)
 .text._ZN14USBDeviceClass25handleClassInterfaceSetupER8USBSetup
                0x00007208       0x24 C:\Users\jarno\AppData\Local\Temp\VMBuilds\WiFiSimpleReceive\nano_33_iot\Release/core.a(USBCore.cpp.o)
                0x00007208                USBDeviceClass::handleClassInterfaceSetup(USBSetup&)
 .text._ZN14USBDeviceClass6initEPEmm
                0x0000722c      0x120 C:\Users\jarno\AppData\Local\Temp\VMBuilds\WiFiSimpleReceive\nano_33_iot\Release/core.a(USBCore.cpp.o)
                0x0000722c                USBDeviceClass::initEP(unsigned long, unsigned long)
 .text._ZN14USBDeviceClass13initEndpointsEv
                0x0000734c       0x24 C:\Users\jarno\AppData\Local\Temp\VMBuilds\WiFiSimpleReceive\nano_33_iot\Release/core.a(USBCore.cpp.o)
                0x0000734c                USBDeviceClass::initEndpoints()
 .text._ZN14USBDeviceClass5clearEm
                0x00007370       0x38 C:\Users\jarno\AppData\Local\Temp\VMBuilds\WiFiSimpleReceive\nano_33_iot\Release/core.a(USBCore.cpp.o)
                0x00007370                USBDeviceClass::clear(unsigned long)
 .text._ZN14USBDeviceClass9availableEm
                0x000073a8       0x2c C:\Users\jarno\AppData\Local\Temp\VMBuilds\WiFiSimpleReceive\nano_33_iot\Release/core.a(USBCore.cpp.o)
                0x000073a8                USBDeviceClass::available(unsigned long)
 .text._ZN14USBDeviceClass5flushEm
                0x000073d4       0x2c C:\Users\jarno\AppData\Local\Temp\VMBuilds\WiFiSimpleReceive\nano_33_iot\Release/core.a(USBCore.cpp.o)
                0x000073d4                USBDeviceClass::flush(unsigned long)
 .text._ZN14USBDeviceClass4recvEmPvm
                0x00007400       0xc0 C:\Users\jarno\AppData\Local\Temp\VMBuilds\WiFiSimpleReceive\nano_33_iot\Release/core.a(USBCore.cpp.o)
                0x00007400                USBDeviceClass::recv(unsigned long, void*, unsigned long)
 .text._ZN14USBDeviceClass4recvEm
                0x000074c0       0x1c C:\Users\jarno\AppData\Local\Temp\VMBuilds\WiFiSimpleReceive\nano_33_iot\Release/core.a(USBCore.cpp.o)
                0x000074c0                USBDeviceClass::recv(unsigned long)
 .text._ZN14USBDeviceClass14armRecvCtrlOUTEm
                0x000074dc       0x5c C:\Users\jarno\AppData\Local\Temp\VMBuilds\WiFiSimpleReceive\nano_33_iot\Release/core.a(USBCore.cpp.o)
                0x000074dc                USBDeviceClass::armRecvCtrlOUT(unsigned long)
 .text._ZN14USBDeviceClass11recvControlEPvm
                0x00007538       0x28 C:\Users\jarno\AppData\Local\Temp\VMBuilds\WiFiSimpleReceive\nano_33_iot\Release/core.a(USBCore.cpp.o)
                0x00007538                USBDeviceClass::recvControl(void*, unsigned long)
 .text._ZN14USBDeviceClass4sendEmPKvm
                0x00007560      0x10c C:\Users\jarno\AppData\Local\Temp\VMBuilds\WiFiSimpleReceive\nano_33_iot\Release/core.a(USBCore.cpp.o)
                0x00007560                USBDeviceClass::send(unsigned long, void const*, unsigned long)
 .text._ZN14USBDeviceClass7armSendEmPKvm
                0x0000766c       0x48 C:\Users\jarno\AppData\Local\Temp\VMBuilds\WiFiSimpleReceive\nano_33_iot\Release/core.a(USBCore.cpp.o)
                0x0000766c                USBDeviceClass::armSend(unsigned long, void const*, unsigned long)
 .text._ZN14USBDeviceClass11sendControlEPKvm
                0x000076b4       0x54 C:\Users\jarno\AppData\Local\Temp\VMBuilds\WiFiSimpleReceive\nano_33_iot\Release/core.a(USBCore.cpp.o)
                0x000076b4                USBDeviceClass::sendControl(void const*, unsigned long)
 .text._ZN14USBDeviceClass20sendStringDescriptorEPKhm
                0x00007708       0x64 C:\Users\jarno\AppData\Local\Temp\VMBuilds\WiFiSimpleReceive\nano_33_iot\Release/core.a(USBCore.cpp.o)
                0x00007708                USBDeviceClass::sendStringDescriptor(unsigned char const*, unsigned long)
 .text._ZN14USBDeviceClass17sendConfigurationEm
                0x0000776c       0x80 C:\Users\jarno\AppData\Local\Temp\VMBuilds\WiFiSimpleReceive\nano_33_iot\Release/core.a(USBCore.cpp.o)
                0x0000776c                USBDeviceClass::sendConfiguration(unsigned long)
 .text._ZN14USBDeviceClass14sendDescriptorER8USBSetup
                0x000077ec       0xe0 C:\Users\jarno\AppData\Local\Temp\VMBuilds\WiFiSimpleReceive\nano_33_iot\Release/core.a(USBCore.cpp.o)
                0x000077ec                USBDeviceClass::sendDescriptor(USBSetup&)
 .text._ZN14USBDeviceClass7sendZlpEm
                0x000078cc       0x18 C:\Users\jarno\AppData\Local\Temp\VMBuilds\WiFiSimpleReceive\nano_33_iot\Release/core.a(USBCore.cpp.o)
                0x000078cc                USBDeviceClass::sendZlp(unsigned long)
 .text._ZN14USBDeviceClass19handleStandardSetupER8USBSetup
                0x000078e4       0xf0 C:\Users\jarno\AppData\Local\Temp\VMBuilds\WiFiSimpleReceive\nano_33_iot\Release/core.a(USBCore.cpp.o)
                0x000078e4                USBDeviceClass::handleStandardSetup(USBSetup&)
 .text._ZN14USBDeviceClass10ISRHandlerEv
                0x000079d4      0x108 C:\Users\jarno\AppData\Local\Temp\VMBuilds\WiFiSimpleReceive\nano_33_iot\Release/core.a(USBCore.cpp.o)
                0x000079d4                USBDeviceClass::ISRHandler()
 .text.UDD_Handler
                0x00007adc       0x10 C:\Users\jarno\AppData\Local\Temp\VMBuilds\WiFiSimpleReceive\nano_33_iot\Release/core.a(USBCore.cpp.o)
                0x00007adc                UDD_Handler
 .text.startup._GLOBAL__sub_I_usbd
                0x00007aec       0x10 C:\Users\jarno\AppData\Local\Temp\VMBuilds\WiFiSimpleReceive\nano_33_iot\Release/core.a(USBCore.cpp.o)
 .text.__aeabi_atexit
                0x00007afc        0xe c:/users/jarno/appdata/local/arduino15/packages/arduino/tools/arm-none-eabi-gcc/7-2017q4/bin/../lib/gcc/arm-none-eabi/7.2.1/../../../../arm-none-eabi/lib/thumb/v6-m\libstdc++_nano.a(atexit_arm.o)
                0x00007afc                __aeabi_atexit
 *fill*         0x00007b0a        0x2 
 .text          0x00007b0c       0x14 c:/users/jarno/appdata/local/arduino15/packages/arduino/tools/arm-none-eabi-gcc/7-2017q4/bin/../lib/gcc/arm-none-eabi/7.2.1/thumb/v6-m\libgcc.a(_thumb1_case_uqi.o)
                0x00007b0c                __gnu_thumb1_case_uqi
 .text          0x00007b20       0x14 c:/users/jarno/appdata/local/arduino15/packages/arduino/tools/arm-none-eabi-gcc/7-2017q4/bin/../lib/gcc/arm-none-eabi/7.2.1/thumb/v6-m\libgcc.a(_thumb1_case_uhi.o)
                0x00007b20                __gnu_thumb1_case_uhi
 .text          0x00007b34      0x114 c:/users/jarno/appdata/local/arduino15/packages/arduino/tools/arm-none-eabi-gcc/7-2017q4/bin/../lib/gcc/arm-none-eabi/7.2.1/thumb/v6-m\libgcc.a(_udivsi3.o)
                0x00007b34                __aeabi_uidiv
                0x00007b34                __udivsi3
                0x00007c40                __aeabi_uidivmod
 .text          0x00007c48      0x1d4 c:/users/jarno/appdata/local/arduino15/packages/arduino/tools/arm-none-eabi-gcc/7-2017q4/bin/../lib/gcc/arm-none-eabi/7.2.1/thumb/v6-m\libgcc.a(_divsi3.o)
                0x00007c48                __divsi3
                0x00007c48                __aeabi_idiv
                0x00007e14                __aeabi_idivmod
 .text          0x00007e1c        0x4 c:/users/jarno/appdata/local/arduino15/packages/arduino/tools/arm-none-eabi-gcc/7-2017q4/bin/../lib/gcc/arm-none-eabi/7.2.1/thumb/v6-m\libgcc.a(_dvmd_tls.o)
                0x00007e1c                __aeabi_idiv0
                0x00007e1c                __aeabi_ldiv0
 .text          0x00007e20       0x7c c:/users/jarno/appdata/local/arduino15/packages/arduino/tools/arm-none-eabi-gcc/7-2017q4/bin/../lib/gcc/arm-none-eabi/7.2.1/thumb/v6-m\libgcc.a(_arm_cmpdf2.o)
                0x00007e20                __aeabi_cdrcmple
                0x00007e30                __aeabi_cdcmple
                0x00007e30                __aeabi_cdcmpeq
                0x00007e40                __aeabi_dcmpeq
                0x00007e4c                __aeabi_dcmplt
                0x00007e60                __aeabi_dcmple
                0x00007e74                __aeabi_dcmpgt
                0x00007e88                __aeabi_dcmpge
 .text          0x00007e9c       0x74 c:/users/jarno/appdata/local/arduino15/packages/arduino/tools/arm-none-eabi-gcc/7-2017q4/bin/../lib/gcc/arm-none-eabi/7.2.1/thumb/v6-m\libgcc.a(_arm_cmpsf2.o)
                0x00007e9c                __aeabi_cfrcmple
                0x00007ea4                __aeabi_cfcmpeq
                0x00007ea4                __aeabi_cfcmple
                0x00007eb4                __aeabi_fcmpeq
                0x00007ec0                __aeabi_fcmplt
                0x00007ed4                __aeabi_fcmple
                0x00007ee8                __aeabi_fcmpgt
                0x00007efc                __aeabi_fcmpge
 .text          0x00007f10      0x334 c:/users/jarno/appdata/local/arduino15/packages/arduino/tools/arm-none-eabi-gcc/7-2017q4/bin/../lib/gcc/arm-none-eabi/7.2.1/thumb/v6-m\libgcc.a(addsf3.o)
                0x00007f10                __aeabi_fadd
 .text          0x00008244      0x224 c:/users/jarno/appdata/local/arduino15/packages/arduino/tools/arm-none-eabi-gcc/7-2017q4/bin/../lib/gcc/arm-none-eabi/7.2.1/thumb/v6-m\libgcc.a(divsf3.o)
                0x00008244                __aeabi_fdiv
 .text          0x00008468       0x50 c:/users/jarno/appdata/local/arduino15/packages/arduino/tools/arm-none-eabi-gcc/7-2017q4/bin/../lib/gcc/arm-none-eabi/7.2.1/thumb/v6-m\libgcc.a(eqsf2.o)
                0x00008468                __eqsf2
                0x00008468                __nesf2
 .text          0x000084b8       0x9c c:/users/jarno/appdata/local/arduino15/packages/arduino/tools/arm-none-eabi-gcc/7-2017q4/bin/../lib/gcc/arm-none-eabi/7.2.1/thumb/v6-m\libgcc.a(gesf2.o)
                0x000084b8                __gesf2
                0x000084b8                __gtsf2
 .text          0x00008554       0xa0 c:/users/jarno/appdata/local/arduino15/packages/arduino/tools/arm-none-eabi-gcc/7-2017q4/bin/../lib/gcc/arm-none-eabi/7.2.1/thumb/v6-m\libgcc.a(lesf2.o)
                0x00008554                __ltsf2
                0x00008554                __lesf2
 .text          0x000085f4      0x264 c:/users/jarno/appdata/local/arduino15/packages/arduino/tools/arm-none-eabi-gcc/7-2017q4/bin/../lib/gcc/arm-none-eabi/7.2.1/thumb/v6-m\libgcc.a(mulsf3.o)
                0x000085f4                __aeabi_fmul
 .text          0x00008858      0x388 c:/users/jarno/appdata/local/arduino15/packages/arduino/tools/arm-none-eabi-gcc/7-2017q4/bin/../lib/gcc/arm-none-eabi/7.2.1/thumb/v6-m\libgcc.a(subsf3.o)
                0x00008858                __aeabi_fsub
 .text          0x00008be0       0x40 c:/users/jarno/appdata/local/arduino15/packages/arduino/tools/arm-none-eabi-gcc/7-2017q4/bin/../lib/gcc/arm-none-eabi/7.2.1/thumb/v6-m\libgcc.a(fixsfsi.o)
                0x00008be0                __aeabi_f2iz
 .text          0x00008c20       0x94 c:/users/jarno/appdata/local/arduino15/packages/arduino/tools/arm-none-eabi-gcc/7-2017q4/bin/../lib/gcc/arm-none-eabi/7.2.1/thumb/v6-m\libgcc.a(floatsisf.o)
                0x00008c20                __aeabi_i2f
 .text          0x00008cb4       0x80 c:/users/jarno/appdata/local/arduino15/packages/arduino/tools/arm-none-eabi-gcc/7-2017q4/bin/../lib/gcc/arm-none-eabi/7.2.1/thumb/v6-m\libgcc.a(floatunsisf.o)
                0x00008cb4                __aeabi_ui2f
 .text          0x00008d34      0x638 c:/users/jarno/appdata/local/arduino15/packages/arduino/tools/arm-none-eabi-gcc/7-2017q4/bin/../lib/gcc/arm-none-eabi/7.2.1/thumb/v6-m\libgcc.a(adddf3.o)
                0x00008d34                __aeabi_dadd
 .text          0x0000936c      0x604 c:/users/jarno/appdata/local/arduino15/packages/arduino/tools/arm-none-eabi-gcc/7-2017q4/bin/../lib/gcc/arm-none-eabi/7.2.1/thumb/v6-m\libgcc.a(divdf3.o)
                0x0000936c                __aeabi_ddiv
 .text          0x00009970       0x78 c:/users/jarno/appdata/local/arduino15/packages/arduino/tools/arm-none-eabi-gcc/7-2017q4/bin/../lib/gcc/arm-none-eabi/7.2.1/thumb/v6-m\libgcc.a(eqdf2.o)
                0x00009970                __nedf2
                0x00009970                __eqdf2
 .text          0x000099e8       0xc8 c:/users/jarno/appdata/local/arduino15/packages/arduino/tools/arm-none-eabi-gcc/7-2017q4/bin/../lib/gcc/arm-none-eabi/7.2.1/thumb/v6-m\libgcc.a(gedf2.o)
                0x000099e8                __gedf2
                0x000099e8                __gtdf2
 .text          0x00009ab0       0xd0 c:/users/jarno/appdata/local/arduino15/packages/arduino/tools/arm-none-eabi-gcc/7-2017q4/bin/../lib/gcc/arm-none-eabi/7.2.1/thumb/v6-m\libgcc.a(ledf2.o)
                0x00009ab0                __ledf2
                0x00009ab0                __ltdf2
 .text          0x00009b80      0x4e4 c:/users/jarno/appdata/local/arduino15/packages/arduino/tools/arm-none-eabi-gcc/7-2017q4/bin/../lib/gcc/arm-none-eabi/7.2.1/thumb/v6-m\libgcc.a(muldf3.o)
                0x00009b80                __aeabi_dmul
 .text          0x0000a064      0x690 c:/users/jarno/appdata/local/arduino15/packages/arduino/tools/arm-none-eabi-gcc/7-2017q4/bin/../lib/gcc/arm-none-eabi/7.2.1/thumb/v6-m\libgcc.a(subdf3.o)
                0x0000a064                __aeabi_dsub
 .text          0x0000a6f4       0x38 c:/users/jarno/appdata/local/arduino15/packages/arduino/tools/arm-none-eabi-gcc/7-2017q4/bin/../lib/gcc/arm-none-eabi/7.2.1/thumb/v6-m\libgcc.a(unorddf2.o)
                0x0000a6f4                __aeabi_dcmpun
 .text          0x0000a72c       0x6c c:/users/jarno/appdata/local/arduino15/packages/arduino/tools/arm-none-eabi-gcc/7-2017q4/bin/../lib/gcc/arm-none-eabi/7.2.1/thumb/v6-m\libgcc.a(fixdfsi.o)
                0x0000a72c                __aeabi_d2iz
 .text          0x0000a798       0x64 c:/users/jarno/appdata/local/arduino15/packages/arduino/tools/arm-none-eabi-gcc/7-2017q4/bin/../lib/gcc/arm-none-eabi/7.2.1/thumb/v6-m\libgcc.a(floatunsidf.o)
                0x0000a798                __aeabi_ui2d
 .text          0x0000a7fc       0x3c c:/users/jarno/appdata/local/arduino15/packages/arduino/tools/arm-none-eabi-gcc/7-2017q4/bin/../lib/gcc/arm-none-eabi/7.2.1/thumb/v6-m\libgcc.a(_clzsi2.o)
                0x0000a7fc                __clzsi2
 .text.atoi     0x0000a838        0xc c:/users/jarno/appdata/local/arduino15/packages/arduino/tools/arm-none-eabi-gcc/7-2017q4/bin/../lib/gcc/arm-none-eabi/7.2.1/../../../../arm-none-eabi/lib/thumb/v6-m\libc_nano.a(lib_a-atoi.o)
                0x0000a838                atoi
 .text.__cxa_atexit