Archive member included to satisfy reference by file (symbol)

k:\AERenderFolder\2020-07-02 Water hoela hoop\ArduinoMQTT\ArduinoOutput/core\core.a(cortex_handlers.c.o)
                              (Reset_Handler)
k:\AERenderFolder\2020-07-02 Water hoela hoop\ArduinoMQTT\ArduinoOutput/core\core.a(delay.c.o)
                              k:\AERenderFolder\2020-07-02 Water hoela hoop\ArduinoMQTT\ArduinoOutput\sketch\Led.cpp.o (millis)
k:\AERenderFolder\2020-07-02 Water hoela hoop\ArduinoMQTT\ArduinoOutput/core\core.a(hooks.c.o)
                              k:\AERenderFolder\2020-07-02 Water hoela hoop\ArduinoMQTT\ArduinoOutput\libraries\ArduinoMqttClient\MqttClient.cpp.o (yield)
k:\AERenderFolder\2020-07-02 Water hoela hoop\ArduinoMQTT\ArduinoOutput/core\core.a(startup.c.o)
                              k:\AERenderFolder\2020-07-02 Water hoela hoop\ArduinoMQTT\ArduinoOutput/core\core.a(cortex_handlers.c.o) (SystemInit)
k:\AERenderFolder\2020-07-02 Water hoela hoop\ArduinoMQTT\ArduinoOutput/core\core.a(wiring.c.o)
                              k:\AERenderFolder\2020-07-02 Water hoela hoop\ArduinoMQTT\ArduinoOutput/core\core.a(startup.c.o) (SystemCoreClock)
k:\AERenderFolder\2020-07-02 Water hoela hoop\ArduinoMQTT\ArduinoOutput/core\core.a(wiring_analog.c.o)
                              k:\AERenderFolder\2020-07-02 Water hoela hoop\ArduinoMQTT\ArduinoOutput/core\core.a(wiring.c.o) (analogReference)
k:\AERenderFolder\2020-07-02 Water hoela hoop\ArduinoMQTT\ArduinoOutput/core\core.a(wiring_digital.c.o)
                              k:\AERenderFolder\2020-07-02 Water hoela hoop\ArduinoMQTT\ArduinoOutput\sketch\Led.cpp.o (pinMode)
k:\AERenderFolder\2020-07-02 Water hoela hoop\ArduinoMQTT\ArduinoOutput/core\core.a(wiring_private.c.o)
                              k:\AERenderFolder\2020-07-02 Water hoela hoop\ArduinoMQTT\ArduinoOutput\libraries\SPI\SPI.cpp.o (pinPeripheral)
k:\AERenderFolder\2020-07-02 Water hoela hoop\ArduinoMQTT\ArduinoOutput/core\core.a(IPAddress.cpp.o)
                              k:\AERenderFolder\2020-07-02 Water hoela hoop\ArduinoMQTT\ArduinoOutput\libraries\WiFiNINA\WiFi.cpp.o (IPAddress::IPAddress())
k:\AERenderFolder\2020-07-02 Water hoela hoop\ArduinoMQTT\ArduinoOutput/core\core.a(Print.cpp.o)
                              k:\AERenderFolder\2020-07-02 Water hoela hoop\ArduinoMQTT\ArduinoOutput\sketch\Network.cpp.o (Print::print(String const&))
k:\AERenderFolder\2020-07-02 Water hoela hoop\ArduinoMQTT\ArduinoOutput/core\core.a(Reset.cpp.o)
                              k:\AERenderFolder\2020-07-02 Water hoela hoop\ArduinoMQTT\ArduinoOutput/core\core.a(delay.c.o) (tickReset)
k:\AERenderFolder\2020-07-02 Water hoela hoop\ArduinoMQTT\ArduinoOutput/core\core.a(SERCOM.cpp.o)
                              k:\AERenderFolder\2020-07-02 Water hoela hoop\ArduinoMQTT\ArduinoOutput\core\variant.cpp.o (SERCOM::SERCOM(Sercom*))
k:\AERenderFolder\2020-07-02 Water hoela hoop\ArduinoMQTT\ArduinoOutput/core\core.a(Stream.cpp.o)
                              k:\AERenderFolder\2020-07-02 Water hoela hoop\ArduinoMQTT\ArduinoOutput\libraries\ArduinoMqttClient\MqttClient.cpp.o (Stream::setTimeout(unsigned long))
k:\AERenderFolder\2020-07-02 Water hoela hoop\ArduinoMQTT\ArduinoOutput/core\core.a(CDC.cpp.o)
                              k:\AERenderFolder\2020-07-02 Water hoela hoop\ArduinoMQTT\ArduinoOutput\sketch\WiFiSimpleReceive.ino.cpp.o (Serial_::begin(unsigned long))
k:\AERenderFolder\2020-07-02 Water hoela hoop\ArduinoMQTT\ArduinoOutput/core\core.a(PluggableUSB.cpp.o)
                              k:\AERenderFolder\2020-07-02 Water hoela hoop\ArduinoMQTT\ArduinoOutput/core\core.a(CDC.cpp.o) (PluggableUSB_::plug(PluggableUSBModule*))
k:\AERenderFolder\2020-07-02 Water hoela hoop\ArduinoMQTT\ArduinoOutput/core\core.a(USBCore.cpp.o)
                              k:\AERenderFolder\2020-07-02 Water hoela hoop\ArduinoMQTT\ArduinoOutput/core\core.a(CDC.cpp.o) (usbd)
k:\AERenderFolder\2020-07-02 Water hoela hoop\ArduinoMQTT\ArduinoOutput/core\core.a(Uart.cpp.o)
                              k:\AERenderFolder\2020-07-02 Water hoela hoop\ArduinoMQTT\ArduinoOutput\core\variant.cpp.o (Uart::Uart(SERCOM*, unsigned char, unsigned char, SercomRXPad, SercomUartTXPad, unsigned char, unsigned char))
k:\AERenderFolder\2020-07-02 Water hoela hoop\ArduinoMQTT\ArduinoOutput/core\core.a(WMath.cpp.o)
                              k:\AERenderFolder\2020-07-02 Water hoela hoop\ArduinoMQTT\ArduinoOutput\sketch\Led.cpp.o (random(long))
k:\AERenderFolder\2020-07-02 Water hoela hoop\ArduinoMQTT\ArduinoOutput/core\core.a(WString.cpp.o)
                              k:\AERenderFolder\2020-07-02 Water hoela hoop\ArduinoMQTT\ArduinoOutput\sketch\Network.cpp.o (String::~String())
k:\AERenderFolder\2020-07-02 Water hoela hoop\ArduinoMQTT\ArduinoOutput/core\core.a(abi.cpp.o)
                              k:\AERenderFolder\2020-07-02 Water hoela hoop\ArduinoMQTT\ArduinoOutput/core\core.a(Print.cpp.o) (__cxa_pure_virtual)
[...]
Memory Configuration

Name             Origin             Length             Attributes
FLASH            0x00002000         0x0003e000         xr
RAM              0x20000000         0x00008000         xrw
*default*        0x00000000         0xffffffff

Linker script and memory map

LOAD c:/users/jarno/appdata/local/arduino15/packages/arduino/tools/arm-none-eabi-gcc/7-2017q4/bin/../lib/gcc/arm-none-eabi/7.2.1/thumb/v6-m/crti.o
LOAD c:/users/jarno/appdata/local/arduino15/packages/arduino/tools/arm-none-eabi-gcc/7-2017q4/bin/../lib/gcc/arm-none-eabi/7.2.1/thumb/v6-m/crtbegin.o
LOAD c:/users/jarno/appdata/local/arduino15/packages/arduino/tools/arm-none-eabi-gcc/7-2017q4/bin/../lib/gcc/arm-none-eabi/7.2.1/../../../../arm-none-eabi/lib/thumb/v6-m/crt0.o
LOAD k:\AERenderFolder\2020-07-02 Water hoela hoop\ArduinoMQTT\ArduinoOutput\sketch\Led.cpp.o
LOAD k:\AERenderFolder\2020-07-02 Water hoela hoop\ArduinoMQTT\ArduinoOutput\sketch\Network.cpp.o
LOAD k:\AERenderFolder\2020-07-02 Water hoela hoop\ArduinoMQTT\ArduinoOutput\sketch\Taken.cpp.o
LOAD k:\AERenderFolder\2020-07-02 Water hoela hoop\ArduinoMQTT\ArduinoOutput\sketch\WiFiSimpleReceive.ino.cpp.o
LOAD k:\AERenderFolder\2020-07-02 Water hoela hoop\ArduinoMQTT\ArduinoOutput\libraries\ArduinoMqttClient\MqttClient.cpp.o
LOAD k:\AERenderFolder\2020-07-02 Water hoela hoop\ArduinoMQTT\ArduinoOutput\libraries\WiFiNINA\WiFi.cpp.o
LOAD k:\AERenderFolder\2020-07-02 Water hoela hoop\ArduinoMQTT\ArduinoOutput\libraries\WiFiNINA\WiFiClient.cpp.o
LOAD k:\AERenderFolder\2020-07-02 Water hoela hoop\ArduinoMQTT\ArduinoOutput\libraries\WiFiNINA\WiFiSSLClient.cpp.o
LOAD k:\AERenderFolder\2020-07-02 Water hoela hoop\ArduinoMQTT\ArduinoOutput\libraries\WiFiNINA\WiFiServer.cpp.o
LOAD k:\AERenderFolder\2020-07-02 Water hoela hoop\ArduinoMQTT\ArduinoOutput\libraries\WiFiNINA\WiFiStorage.cpp.o
LOAD k:\AERenderFolder\2020-07-02 Water hoela hoop\ArduinoMQTT\ArduinoOutput\libraries\WiFiNINA\WiFiUdp.cpp.o
LOAD k:\AERenderFolder\2020-07-02 Water hoela hoop\ArduinoMQTT\ArduinoOutput\libraries\WiFiNINA\utility\WiFiSocketBuffer.cpp.o
LOAD k:\AERenderFolder\2020-07-02 Water hoela hoop\ArduinoMQTT\ArduinoOutput\libraries\WiFiNINA\utility\server_drv.cpp.o
LOAD k:\AERenderFolder\2020-07-02 Water hoela hoop\ArduinoMQTT\ArduinoOutput\libraries\WiFiNINA\utility\spi_drv.cpp.o
LOAD k:\AERenderFolder\2020-07-02 Water hoela hoop\ArduinoMQTT\ArduinoOutput\libraries\WiFiNINA\utility\wifi_drv.cpp.o
LOAD k:\AERenderFolder\2020-07-02 Water hoela hoop\ArduinoMQTT\ArduinoOutput\libraries\Adafruit_NeoPixel\esp8266.c.o
LOAD k:\AERenderFolder\2020-07-02 Water hoela hoop\ArduinoMQTT\ArduinoOutput\libraries\Adafruit_NeoPixel\Adafruit_NeoPixel.cpp.o
LOAD k:\AERenderFolder\2020-07-02 Water hoela hoop\ArduinoMQTT\ArduinoOutput\libraries\SPI\SPI.cpp.o
LOAD k:\AERenderFolder\2020-07-02 Water hoela hoop\ArduinoMQTT\ArduinoOutput\core\variant.cpp.o
START GROUP
LOAD C:\Users\jarno\AppData\Local\Arduino15\packages\arduino\tools\CMSIS\4.5.0/CMSIS/Lib/GCC/\libarm_cortexM0l_math.a
LOAD k:\AERenderFolder\2020-07-02 Water hoela hoop\ArduinoMQTT\ArduinoOutput/core\core.a
END GROUP
LOAD c:/users/jarno/appdata/local/arduino15/packages/arduino/tools/arm-none-eabi-gcc/7-2017q4/bin/../lib/gcc/arm-none-eabi/7.2.1/../../../../arm-none-eabi/lib/thumb/v6-m\libstdc++_nano.a
LOAD c:/users/jarno/appdata/local/arduino15/packages/arduino/tools/arm-none-eabi-gcc/7-2017q4/bin/../lib/gcc/arm-none-eabi/7.2.1/../../../../arm-none-eabi/lib/thumb/v6-m\libm.a
START GROUP
LOAD c:/users/jarno/appdata/local/arduino15/packages/arduino/tools/arm-none-eabi-gcc/7-2017q4/bin/../lib/gcc/arm-none-eabi/7.2.1/thumb/v6-m\libgcc.a
LOAD c:/users/jarno/appdata/local/arduino15/packages/arduino/tools/arm-none-eabi-gcc/7-2017q4/bin/../lib/gcc/arm-none-eabi/7.2.1/../../../../arm-none-eabi/lib/thumb/v6-m\libc_nano.a
END GROUP
START GROUP
LOAD c:/users/jarno/appdata/local/arduino15/packages/arduino/tools/arm-none-eabi-gcc/7-2017q4/bin/../lib/gcc/arm-none-eabi/7.2.1/thumb/v6-m\libgcc.a
LOAD c:/users/jarno/appdata/local/arduino15/packages/arduino/tools/arm-none-eabi-gcc/7-2017q4/bin/../lib/gcc/arm-none-eabi/7.2.1/../../../../arm-none-eabi/lib/thumb/v6-m\libc_nano.a
LOAD c:/users/jarno/appdata/local/arduino15/packages/arduino/tools/arm-none-eabi-gcc/7-2017q4/bin/../lib/gcc/arm-none-eabi/7.2.1/../../../../arm-none-eabi/lib/thumb/v6-m\libnosys.a
END GROUP
START GROUP
LOAD c:/users/jarno/appdata/local/arduino15/packages/arduino/tools/arm-none-eabi-gcc/7-2017q4/bin/../lib/gcc/arm-none-eabi/7.2.1/thumb/v6-m\libgcc.a
LOAD c:/users/jarno/appdata/local/arduino15/packages/arduino/tools/arm-none-eabi-gcc/7-2017q4/bin/../lib/gcc/arm-none-eabi/7.2.1/../../../../arm-none-eabi/lib/thumb/v6-m\libc_nano.a
LOAD c:/users/jarno/appdata/local/arduino15/packages/arduino/tools/arm-none-eabi-gcc/7-2017q4/bin/../lib/gcc/arm-none-eabi/7.2.1/../../../../arm-none-eabi/lib/thumb/v6-m\libnosys.a
END GROUP
LOAD c:/users/jarno/appdata/local/arduino15/packages/arduino/tools/arm-none-eabi-gcc/7-2017q4/bin/../lib/gcc/arm-none-eabi/7.2.1/thumb/v6-m/crtend.o
LOAD c:/users/jarno/appdata/local/arduino15/packages/arduino/tools/arm-none-eabi-gcc/7-2017q4/bin/../lib/gcc/arm-none-eabi/7.2.1/thumb/v6-m/crtn.o

.text           0x00002000     0xb644
                0x00002000                __text_start__ = .
 *(.sketch_boot)
                0x00002000                . = ALIGN (0x2000)
 *(.isr_vector)
 .isr_vector    0x00002000       0xb4 k:\AERenderFolder\2020-07-02 Water hoela hoop\ArduinoMQTT\ArduinoOutput/core\core.a(cortex_handlers.c.o)
                0x00002000                exception_table
 *(.text*)
 .text          0x000020b4       0x48 c:/users/jarno/appdata/local/arduino15/packages/arduino/tools/arm-none-eabi-gcc/7-2017q4/bin/../lib/gcc/arm-none-eabi/7.2.1/thumb/v6-m/crtbegin.o
 .text._ZN3LedC2Ev
                0x000020fc       0x2c k:\AERenderFolder\2020-07-02 Water hoela hoop\ArduinoMQTT\ArduinoOutput\sketch\Led.cpp.o
                0x000020fc                Led::Led()
                0x000020fc                Led::Led()
 .text._ZN3Led8setPixelEihhh
                0x00002128       0x1c k:\AERenderFolder\2020-07-02 Water hoela hoop\ArduinoMQTT\ArduinoOutput\sketch\Led.cpp.o
                0x00002128                Led::setPixel(int, unsigned char, unsigned char, unsigned char)
 .text._ZN3Led6setAllEhhh
                0x00002144       0x34 k:\AERenderFolder\2020-07-02 Water hoela hoop\ArduinoMQTT\ArduinoOutput\sketch\Led.cpp.o
                0x00002144                Led::setAll(unsigned char, unsigned char, unsigned char)
 .text._ZN3Led5StartEv
                0x00002178       0x54 k:\AERenderFolder\2020-07-02 Water hoela hoop\ArduinoMQTT\ArduinoOutput\sketch\Led.cpp.o
                0x00002178                Led::Start()
 .text._ZN3Led9SetColorAEhhh
                0x000021cc       0x6c k:\AERenderFolder\2020-07-02 Water hoela hoop\ArduinoMQTT\ArduinoOutput\sketch\Led.cpp.o
                0x000021cc                Led::SetColorA(unsigned char, unsigned char, unsigned char)
 .text._ZN3Led9SetColorBEhhh
                0x00002238       0x60 k:\AERenderFolder\2020-07-02 Water hoela hoop\ArduinoMQTT\ArduinoOutput\sketch\Led.cpp.o
                0x00002238                Led::SetColorB(unsigned char, unsigned char, unsigned char)
 .text._ZN3Led9SetEffectEi
                0x00002298       0x34 k:\AERenderFolder\2020-07-02 Water hoela hoop\ArduinoMQTT\ArduinoOutput\sketch\Led.cpp.o
                0x00002298                Led::SetEffect(int)
 .text._ZN3Led6DoFullEv
                0x000022cc       0x40 k:\AERenderFolder\2020-07-02 Water hoela hoop\ArduinoMQTT\ArduinoOutput\sketch\Led.cpp.o
                0x000022cc                Led::DoFull()
 .text._ZN3Led6DoFadeEf
                0x0000230c       0xf0 k:\AERenderFolder\2020-07-02 Water hoela hoop\ArduinoMQTT\ArduinoOutput\sketch\Led.cpp.o
                0x0000230c                Led::DoFade(float)
 .text._ZN3Led6StrobeEf
                0x000023fc       0x48 k:\AERenderFolder\2020-07-02 Water hoela hoop\ArduinoMQTT\ArduinoOutput\sketch\Led.cpp.o
                0x000023fc                Led::Strobe(float)
 .text._ZN3Led11SnowSparkleEf
                0x00002444       0xb4 k:\AERenderFolder\2020-07-02 Water hoela hoop\ArduinoMQTT\ArduinoOutput\sketch\Led.cpp.o
                0x00002444                Led::SnowSparkle(float)
 .text._ZN3Led7SparkleEv
                0x000024f8       0x48 k:\AERenderFolder\2020-07-02 Water hoela hoop\ArduinoMQTT\ArduinoOutput\sketch\Led.cpp.o
                0x000024f8                Led::Sparkle()
 .text._ZN3Led11LeftToRightEf
                0x00002540      0x13c k:\AERenderFolder\2020-07-02 Water hoela hoop\ArduinoMQTT\ArduinoOutput\sketch\Led.cpp.o
                0x00002540                Led::LeftToRight(float)
 .text._ZN3Led4LoopEv
                0x0000267c       0x98 k:\AERenderFolder\2020-07-02 Water hoela hoop\ArduinoMQTT\ArduinoOutput\sketch\Led.cpp.o
                0x0000267c                Led::Loop()
 .text.startup._GLOBAL__sub_I_pixels
                0x00002714       0x2c k:\AERenderFolder\2020-07-02 Water hoela hoop\ArduinoMQTT\ArduinoOutput\sketch\Led.cpp.o
 .text._ZN7NetworkC2Ev
                0x00002740       0x18 k:\AERenderFolder\2020-07-02 Water hoela hoop\ArduinoMQTT\ArduinoOutput\sketch\Network.cpp.o
                0x00002740                Network::Network()
                0x00002740                Network::Network()
 .text._ZN7Network16SubScribeToTopicE6String
                0x00002758       0x34 k:\AERenderFolder\2020-07-02 Water hoela hoop\ArduinoMQTT\ArduinoOutput\sketch\Network.cpp.o
                0x00002758                Network::SubScribeToTopic(String)
 .text._ZN7Network9SendDebugE6String
                0x0000278c       0x30 k:\AERenderFolder\2020-07-02 Water hoela hoop\ArduinoMQTT\ArduinoOutput\sketch\Network.cpp.o
                0x0000278c                Network::SendDebug(String)
 .text._ZN7Network20DebugIncomingMessageEi
                0x000027bc       0xbc k:\AERenderFolder\2020-07-02 Water hoela hoop\ArduinoMQTT\ArduinoOutput\sketch\Network.cpp.o
                0x000027bc                Network::DebugIncomingMessage(int)
 .text._ZN7Network13connectToWifiEv
                0x00002878       0x64 k:\AERenderFolder\2020-07-02 Water hoela hoop\ArduinoMQTT\ArduinoOutput\sketch\Network.cpp.o
                0x00002878                Network::connectToWifi()
 .text.startup._GLOBAL__sub_I_ssid
                0x000028dc       0x44 k:\AERenderFolder\2020-07-02 Water hoela hoop\ArduinoMQTT\ArduinoOutput\sketch\Network.cpp.o
 .text._ZN7Network9OnMessageEi
                0x00002920       0x8c k:\AERenderFolder\2020-07-02 Water hoela hoop\ArduinoMQTT\ArduinoOutput\sketch\Network.cpp.o
                0x00002920                Network::OnMessage(int)
 .text._ZN7Network13connectToMqttEv
                0x000029ac       0x9c k:\AERenderFolder\2020-07-02 Water hoela hoop\ArduinoMQTT\ArduinoOutput\sketch\Network.cpp.o
                0x000029ac                Network::connectToMqtt()
 .text._ZN7Network5StartE5Taken
                0x00002a48       0x9c k:\AERenderFolder\2020-07-02 Water hoela hoop\ArduinoMQTT\ArduinoOutput\sketch\Network.cpp.o
                0x00002a48                Network::Start(Taken)
 .text._ZN7Network4LoopEv
                0x00002ae4       0x70 k:\AERenderFolder\2020-07-02 Water hoela hoop\ArduinoMQTT\ArduinoOutput\sketch\Network.cpp.o
                0x00002ae4                Network::Loop()
 .text._ZN5TakenC2Ev
                0x00002b54        0xc k:\AERenderFolder\2020-07-02 Water hoela hoop\ArduinoMQTT\ArduinoOutput\sketch\Taken.cpp.o
                0x00002b54                Taken::Taken()
                0x00002b54                Taken::Taken()
 .text._ZN5Taken5StartE3Led
                0x00002b60       0x1e k:\AERenderFolder\2020-07-02 Water hoela hoop\ArduinoMQTT\ArduinoOutput\sketch\Taken.cpp.o
                0x00002b60                Taken::Start(Led)
 *fill*         0x00002b7e        0x2 
 .text._ZN5Taken9SetEffectEPc
                0x00002b80       0x34 k:\AERenderFolder\2020-07-02 Water hoela hoop\ArduinoMQTT\ArduinoOutput\sketch\Taken.cpp.o
                0x00002b80                Taken::SetEffect(char*)
 .text._ZN5Taken8SetSpeedEPc
                0x00002bb4       0x20 k:\AERenderFolder\2020-07-02 Water hoela hoop\ArduinoMQTT\ArduinoOutput\sketch\Taken.cpp.o
                0x00002bb4                Taken::SetSpeed(char*)
 .text._ZN5Taken9ShowErrorEv
                0x00002bd4        0x2 k:\AERenderFolder\2020-07-02 Water hoela hoop\ArduinoMQTT\ArduinoOutput\sketch\Taken.cpp.o
                0x00002bd4                Taken::ShowError()
 .text._ZN5Taken13HexcolorToIntEcc
                0x00002bd6       0x26 k:\AERenderFolder\2020-07-02 Water hoela hoop\ArduinoMQTT\ArduinoOutput\sketch\Taken.cpp.o
                0x00002bd6                Taken::HexcolorToInt(char, char)
 .text._ZN5Taken9SetColorAEPc
                0x00002bfc       0x70 k:\AERenderFolder\2020-07-02 Water hoela hoop\ArduinoMQTT\ArduinoOutput\sketch\Taken.cpp.o
                0x00002bfc                Taken::SetColorA(char*)
 .text._ZN5Taken9SetColorBEPc
                0x00002c6c       0x70 k:\AERenderFolder\2020-07-02 Water hoela hoop\ArduinoMQTT\ArduinoOutput\sketch\Taken.cpp.o
                0x00002c6c                Taken::SetColorB(char*)
 .text._ZN5Taken5ParseE6StringPc
                0x00002cdc       0x94 k:\AERenderFolder\2020-07-02 Water hoela hoop\ArduinoMQTT\ArduinoOutput\sketch\Taken.cpp.o
                0x00002cdc                Taken::Parse(String, char*)
 .text.startup._GLOBAL__sub_I__ZN5TakenC2Ev
                0x00002d70       0x18 k:\AERenderFolder\2020-07-02 Water hoela hoop\ArduinoMQTT\ArduinoOutput\sketch\Taken.cpp.o
 .text.setup    0x00002d88       0x88 k:\AERenderFolder\2020-07-02 Water hoela hoop\ArduinoMQTT\ArduinoOutput\sketch\WiFiSimpleReceive.ino.cpp.o
                0x00002d88                setup
 .text.loop     0x00002e10       0x18 k:\AERenderFolder\2020-07-02 Water hoela hoop\ArduinoMQTT\ArduinoOutput\sketch\WiFiSimpleReceive.ino.cpp.o
                0x00002e10                loop
 .text.startup._GLOBAL__sub_I__led
                0x00002e28       0x34 k:\AERenderFolder\2020-07-02 Water hoela hoop\ArduinoMQTT\ArduinoOutput\sketch\WiFiSimpleReceive.ino.cpp.o
 .text._ZN5Print17availableForWriteEv
                0x00002e5c        0x4 k:\AERenderFolder\2020-07-02 Water hoela hoop\ArduinoMQTT\ArduinoOutput\libraries\ArduinoMqttClient\MqttClient.cpp.o
                0x00002e5c                Print::availableForWrite()
 .text._ZN10MqttClient7connectERK9IPAddresst
                0x00002e60        0x2 k:\AERenderFolder\2020-07-02 Water hoela hoop\ArduinoMQTT\ArduinoOutput\libraries\ArduinoMqttClient\MqttClient.cpp.o
                0x00002e60                MqttClient::connect(IPAddress const&, unsigned short)
 .text._ZN10MqttClient5flushEj
                0x00002e62        0x2 k:\AERenderFolder\2020-07-02 Water hoela hoop\ArduinoMQTT\ArduinoOutput\libraries\ArduinoMqttClient\MqttClient.cpp.o
                0x00002e62                MqttClient::flush(unsigned int)
 .text._ZN10MqttClient4stopEj
                0x00002e64        0x2 k:\AERenderFolder\2020-07-02 Water hoela hoop\ArduinoMQTT\ArduinoOutput\libraries\ArduinoMqttClient\MqttClient.cpp.o
                0x00002e64                MqttClient::stop(unsigned int)
 .text._ZN10MqttClient5writeEh
                0x00002e66       0x14 k:\AERenderFolder\2020-07-02 Water hoela hoop\ArduinoMQTT\ArduinoOutput\libraries\ArduinoMqttClient\MqttClient.cpp.o
                0x00002e66                MqttClient::write(unsigned char)
 .text._ZN10MqttClient9availableEv
                0x00002e7a        0xe k:\AERenderFolder\2020-07-02 Water hoela hoop\ArduinoMQTT\ArduinoOutput\libraries\ArduinoMqttClient\MqttClient.cpp.o
                0x00002e7a                MqttClient::available()
 .text._ZN10MqttClient4readEv
                0x00002e88       0x1e k:\AERenderFolder\2020-07-02 Water hoela hoop\ArduinoMQTT\ArduinoOutput\libraries\ArduinoMqttClient\MqttClient.cpp.o
                0x00002e88                MqttClient::read()
 .text._ZN10MqttClient5flushEv
                0x00002ea6        0x2 k:\AERenderFolder\2020-07-02 Water hoela hoop\ArduinoMQTT\ArduinoOutput\libraries\ArduinoMqttClient\MqttClient.cpp.o
                0x00002ea6                MqttClient::flush()
 .text._ZN10MqttClientcvbEv
                0x00002ea8        0x4 k:\AERenderFolder\2020-07-02 Water hoela hoop\ArduinoMQTT\ArduinoOutput\libraries\ArduinoMqttClient\MqttClient.cpp.o
                0x00002ea8                MqttClient::operator bool()
 .text._ZN10MqttClientD2Ev
                0x00002eac       0x60 k:\AERenderFolder\2020-07-02 Water hoela hoop\ArduinoMQTT\ArduinoOutput\libraries\ArduinoMqttClient\MqttClient.cpp.o
                0x00002eac                MqttClient::~MqttClient()
                0x00002eac                MqttClient::~MqttClient()
 .text._ZN10MqttClientD0Ev
                0x00002f0c       0x12 k:\AERenderFolder\2020-07-02 Water hoela hoop\ArduinoMQTT\ArduinoOutput\libraries\ArduinoMqttClient\MqttClient.cpp.o
                0x00002f0c                MqttClient::~MqttClient()
 *fill*         0x00002f1e        0x2 
 .text._ZN10MqttClientC2ER6Client
                0x00002f20       0x90 k:\AERenderFolder\2020-07-02 Water hoela hoop\ArduinoMQTT\ArduinoOutput\libraries\ArduinoMqttClient\MqttClient.cpp.o
                0x00002f20                MqttClient::MqttClient(Client&)
                0x00002f20                MqttClient::MqttClient(Client&)
 .text._ZNK10MqttClient12messageTopicEv
                0x00002fb0       0x20 k:\AERenderFolder\2020-07-02 Water hoela hoop\ArduinoMQTT\ArduinoOutput\libraries\ArduinoMqttClient\MqttClient.cpp.o
                0x00002fb0                MqttClient::messageTopic() const
 .text._ZNK10MqttClient10messageDupEv
                0x00002fd0       0x12 k:\AERenderFolder\2020-07-02 Water hoela hoop\ArduinoMQTT\ArduinoOutput\libraries\ArduinoMqttClient\MqttClient.cpp.o
                0x00002fd0                MqttClient::messageDup() const
 .text._ZNK10MqttClient10messageQoSEv
                0x00002fe2       0x12 k:\AERenderFolder\2020-07-02 Water hoela hoop\ArduinoMQTT\ArduinoOutput\libraries\ArduinoMqttClient\MqttClient.cpp.o
                0x00002fe2                MqttClient::messageQoS() const
 .text._ZNK10MqttClient13messageRetainEv
                0x00002ff4       0x12 k:\AERenderFolder\2020-07-02 Water hoela hoop\ArduinoMQTT\ArduinoOutput\libraries\ArduinoMqttClient\MqttClient.cpp.o
                0x00002ff4                MqttClient::messageRetain() const
 .text._ZNK10MqttClient12connectErrorEv
                0x00003006        0x4 k:\AERenderFolder\2020-07-02 Water hoela hoop\ArduinoMQTT\ArduinoOutput\libraries\ArduinoMqttClient\MqttClient.cpp.o
                0x00003006                MqttClient::connectError() const
 .text._ZN10MqttClient9writeDataEPKvj
                0x0000300a       0x20 k:\AERenderFolder\2020-07-02 Water hoela hoop\ArduinoMQTT\ArduinoOutput\libraries\ArduinoMqttClient\MqttClient.cpp.o
                0x0000300a                MqttClient::writeData(void const*, unsigned int)
 .text._ZN10MqttClient6write8Eh
                0x0000302a       0x12 k:\AERenderFolder\2020-07-02 Water hoela hoop\ArduinoMQTT\ArduinoOutput\libraries\ArduinoMqttClient\MqttClient.cpp.o
                0x0000302a                MqttClient::write8(unsigned char)
 .text._ZN10MqttClient11beginPacketEhhjPh
                0x0000303c       0x44 k:\AERenderFolder\2020-07-02 Water hoela hoop\ArduinoMQTT\ArduinoOutput\libraries\ArduinoMqttClient\MqttClient.cpp.o
                0x0000303c                MqttClient::beginPacket(unsigned char, unsigned char, unsigned int, unsigned char*)
 .text._ZN10MqttClient7write16Et
                0x00003080       0x14 k:\AERenderFolder\2020-07-02 Water hoela hoop\ArduinoMQTT\ArduinoOutput\libraries\ArduinoMqttClient\MqttClient.cpp.o
                0x00003080                MqttClient::write16(unsigned short)
 .text._ZN10MqttClient11writeStringEPKct
                0x00003094       0x1e k:\AERenderFolder\2020-07-02 Water hoela hoop\ArduinoMQTT\ArduinoOutput\libraries\ArduinoMqttClient\MqttClient.cpp.o
                0x00003094                MqttClient::writeString(char const*, unsigned short)
 .text._ZN10MqttClient10clientReadEv
                0x000030b2        0xc k:\AERenderFolder\2020-07-02 Water hoela hoop\ArduinoMQTT\ArduinoOutput\libraries\ArduinoMqttClient\MqttClient.cpp.o
                0x000030b2                MqttClient::clientRead()
 .text._ZN10MqttClient15clientConnectedEv
                0x000030be        0xc k:\AERenderFolder\2020-07-02 Water hoela hoop\ArduinoMQTT\ArduinoOutput\libraries\ArduinoMqttClient\MqttClient.cpp.o
                0x000030be                MqttClient::clientConnected()
 .text._ZN10MqttClient9connectedEv
                0x000030ca       0x16 k:\AERenderFolder\2020-07-02 Water hoela hoop\ArduinoMQTT\ArduinoOutput\libraries\ArduinoMqttClient\MqttClient.cpp.o
                0x000030ca                MqttClient::connected()
 .text._ZN10MqttClient15clientAvailableEv
                0x000030e0        0xc k:\AERenderFolder\2020-07-02 Water hoela hoop\ArduinoMQTT\ArduinoOutput\libraries\ArduinoMqttClient\MqttClient.cpp.o
                0x000030e0                MqttClient::clientAvailable()
 .text._ZN10MqttClient15clientTimedReadEv
                0x000030ec       0x40 k:\AERenderFolder\2020-07-02 Water hoela hoop\ArduinoMQTT\ArduinoOutput\libraries\ArduinoMqttClient\MqttClient.cpp.o
                0x000030ec                MqttClient::clientTimedRead()
 .text._ZN10MqttClient10clientPeekEv
                0x0000312c        0xc k:\AERenderFolder\2020-07-02 Water hoela hoop\ArduinoMQTT\ArduinoOutput\libraries\ArduinoMqttClient\MqttClient.cpp.o
                0x0000312c                MqttClient::clientPeek()
 .text._ZN10MqttClient4peekEv
                0x00003138       0x14 k:\AERenderFolder\2020-07-02 Water hoela hoop\ArduinoMQTT\ArduinoOutput\libraries\ArduinoMqttClient\MqttClient.cpp.o
                0x00003138                MqttClient::peek()
 .text._ZN10MqttClient11clientWriteEPKhj
                0x0000314c        0xc k:\AERenderFolder\2020-07-02 Water hoela hoop\ArduinoMQTT\ArduinoOutput\libraries\ArduinoMqttClient\MqttClient.cpp.o
                0x0000314c                MqttClient::clientWrite(unsigned char const*, unsigned int)
 .text._ZN10MqttClient5writeEPKhj
                0x00003158       0x6a k:\AERenderFolder\2020-07-02 Water hoela hoop\ArduinoMQTT\ArduinoOutput\libraries\ArduinoMqttClient\MqttClient.cpp.o
                0x00003158                MqttClient::write(unsigned char const*, unsigned int)
 .text._ZN10MqttClient9endPacketEv
                0x000031c2       0x20 k:\AERenderFolder\2020-07-02 Water hoela hoop\ArduinoMQTT\ArduinoOutput\libraries\ArduinoMqttClient\MqttClient.cpp.o
                0x000031c2                MqttClient::endPacket()
 .text._ZN10MqttClient13publishHeaderEj
                0x000031e2       0xb0 k:\AERenderFolder\2020-07-02 Water hoela hoop\ArduinoMQTT\ArduinoOutput\libraries\ArduinoMqttClient\MqttClient.cpp.o
                0x000031e2                MqttClient::publishHeader(unsigned int)
 .text._ZN10MqttClient12beginMessageEPKcmbhb
                0x00003292       0x58 k:\AERenderFolder\2020-07-02 Water hoela hoop\ArduinoMQTT\ArduinoOutput\libraries\ArduinoMqttClient\MqttClient.cpp.o
                0x00003292                MqttClient::beginMessage(char const*, unsigned long, bool, unsigned char, bool)
 .text._ZN10MqttClient6pubackEt
                0x000032ea       0x28 k:\AERenderFolder\2020-07-02 Water hoela hoop\ArduinoMQTT\ArduinoOutput\libraries\ArduinoMqttClient\MqttClient.cpp.o
                0x000032ea                MqttClient::puback(unsigned short)
 .text._ZN10MqttClient6pubrecEt
                0x00003312       0x28 k:\AERenderFolder\2020-07-02 Water hoela hoop\ArduinoMQTT\ArduinoOutput\libraries\ArduinoMqttClient\MqttClient.cpp.o
                0x00003312                MqttClient::pubrec(unsigned short)
 .text._ZN10MqttClient12ackRxMessageEv
                0x0000333a       0x28 k:\AERenderFolder\2020-07-02 Water hoela hoop\ArduinoMQTT\ArduinoOutput\libraries\ArduinoMqttClient\MqttClient.cpp.o
                0x0000333a                MqttClient::ackRxMessage()
 .text._ZN10MqttClient4readEPhj
                0x00003362       0x4e k:\AERenderFolder\2020-07-02 Water hoela hoop\ArduinoMQTT\ArduinoOutput\libraries\ArduinoMqttClient\MqttClient.cpp.o
                0x00003362                MqttClient::read(unsigned char*, unsigned int)
 .text._ZN10MqttClient6pubrelEt
                0x000033b0       0x28 k:\AERenderFolder\2020-07-02 Water hoela hoop\ArduinoMQTT\ArduinoOutput\libraries\ArduinoMqttClient\MqttClient.cpp.o
                0x000033b0                MqttClient::pubrel(unsigned short)
 .text._ZN10MqttClient7pubcompEt
                0x000033d8       0x28 k:\AERenderFolder\2020-07-02 Water hoela hoop\ArduinoMQTT\ArduinoOutput\libraries\ArduinoMqttClient\MqttClient.cpp.o
                0x000033d8                MqttClient::pubcomp(unsigned short)
 .text._ZN10MqttClient4pingEv
                0x00003400       0x1a k:\AERenderFolder\2020-07-02 Water hoela hoop\ArduinoMQTT\ArduinoOutput\libraries\ArduinoMqttClient\MqttClient.cpp.o
                0x00003400                MqttClient::ping()
 *fill*         0x0000341a        0x2 
 .text._ZN10MqttClient4pollEv
                0x0000341c      0x334 k:\AERenderFolder\2020-07-02 Water hoela hoop\ArduinoMQTT\ArduinoOutput\libraries\ArduinoMqttClient\MqttClient.cpp.o
                0x0000341c                MqttClient::poll()
 .text._ZN10MqttClient12parseMessageEv
                0x00003750       0x20 k:\AERenderFolder\2020-07-02 Water hoela hoop\ArduinoMQTT\ArduinoOutput\libraries\ArduinoMqttClient\MqttClient.cpp.o
                0x00003750                MqttClient::parseMessage()
 .text._ZN10MqttClient9subscribeEPKch
                0x00003770       0xca k:\AERenderFolder\2020-07-02 Water hoela hoop\ArduinoMQTT\ArduinoOutput\libraries\ArduinoMqttClient\MqttClient.cpp.o
                0x00003770                MqttClient::subscribe(char const*, unsigned char)
 .text._ZN10MqttClient9subscribeERK6Stringh
                0x0000383a        0xa k:\AERenderFolder\2020-07-02 Water hoela hoop\ArduinoMQTT\ArduinoOutput\libraries\ArduinoMqttClient\MqttClient.cpp.o
                0x0000383a                MqttClient::subscribe(String const&, unsigned char)
 .text._ZN10MqttClient7connectE9IPAddressPKct
                0x00003844      0x200 k:\AERenderFolder\2020-07-02 Water hoela hoop\ArduinoMQTT\ArduinoOutput\libraries\ArduinoMqttClient\MqttClient.cpp.o
                0x00003844                MqttClient::connect(IPAddress, char const*, unsigned short)
 .text._ZN10MqttClient7connectE9IPAddresst
                0x00003a44       0x20 k:\AERenderFolder\2020-07-02 Water hoela hoop\ArduinoMQTT\ArduinoOutput\libraries\ArduinoMqttClient\MqttClient.cpp.o
                0x00003a44                MqttClient::connect(IPAddress, unsigned short)
 .text._ZN10MqttClient7connectEPKct
                0x00003a64       0x1e k:\AERenderFolder\2020-07-02 Water hoela hoop\ArduinoMQTT\ArduinoOutput\libraries\ArduinoMqttClient\MqttClient.cpp.o
                0x00003a64                MqttClient::connect(char const*, unsigned short)
 .text._ZN10MqttClient10disconnectEv
                0x00003a82       0x1a k:\AERenderFolder\2020-07-02 Water hoela hoop\ArduinoMQTT\ArduinoOutput\libraries\ArduinoMqttClient\MqttClient.cpp.o
                0x00003a82                MqttClient::disconnect()
 .text._ZN10MqttClient4stopEv
                0x00003a9c       0x26 k:\AERenderFolder\2020-07-02 Water hoela hoop\ArduinoMQTT\ArduinoOutput\libraries\ArduinoMqttClient\MqttClient.cpp.o
                0x00003a9c                MqttClient::stop()
 .text._ZN10MqttClient10endMessageEv
                0x00003ac2       0xc2 k:\AERenderFolder\2020-07-02 Water hoela hoop\ArduinoMQTT\ArduinoOutput\libraries\ArduinoMqttClient\MqttClient.cpp.o
                0x00003ac2                MqttClient::endMessage()
 .text.startup._GLOBAL__sub_I__ZN10MqttClientC2ER6Client
                0x00003b84       0x18 k:\AERenderFolder\2020-07-02 Water hoela hoop\ArduinoMQTT\ArduinoOutput\libraries\ArduinoMqttClient\MqttClient.cpp.o
 .text._ZN9WiFiClass5beginEPKcS1_
                0x00003b9c       0x50 k:\AERenderFolder\2020-07-02 Water hoela hoop\ArduinoMQTT\ArduinoOutput\libraries\WiFiNINA\WiFi.cpp.o
                0x00003b9c                WiFiClass::begin(char const*, char const*)
 .text._ZN9WiFiClass10hostByNameEPKcR9IPAddress
                0x00003bec        0xc k:\AERenderFolder\2020-07-02 Water hoela hoop\ArduinoMQTT\ArduinoOutput\libraries\WiFiNINA\WiFi.cpp.o
                0x00003bec                WiFiClass::hostByName(char const*, IPAddress&)
 .text.startup._GLOBAL__sub_I__ZN9WiFiClassC2Ev
                0x00003bf8       0x24 k:\AERenderFolder\2020-07-02 Water hoela hoop\ArduinoMQTT\ArduinoOutput\libraries\WiFiNINA\WiFi.cpp.o
 .text._ZN10WiFiClient5writeEh
                0x00003c1c       0x14 k:\AERenderFolder\2020-07-02 Water hoela hoop\ArduinoMQTT\ArduinoOutput\libraries\WiFiNINA\WiFiClient.cpp.o
                0x00003c1c                WiFiClient::write(unsigned char)
 .text._ZN10WiFiClient5flushEv
                0x00003c30        0x2 k:\AERenderFolder\2020-07-02 Water hoela hoop\ArduinoMQTT\ArduinoOutput\libraries\WiFiNINA\WiFiClient.cpp.o
                0x00003c30                WiFiClient::flush()
 .text._ZN10WiFiClientcvbEv
                0x00003c32        0xc k:\AERenderFolder\2020-07-02 Water hoela hoop\ArduinoMQTT\ArduinoOutput\libraries\WiFiNINA\WiFiClient.cpp.o
                0x00003c32                WiFiClient::operator bool()
 *fill*         0x00003c3e        0x2 
 .text._ZN10WiFiClient7connectEPKct
                0x00003c40       0x40 k:\AERenderFolder\2020-07-02 Water hoela hoop\ArduinoMQTT\ArduinoOutput\libraries\WiFiNINA\WiFiClient.cpp.o
                0x00003c40                WiFiClient::connect(char const*, unsigned short)
 .text._ZN10WiFiClient7connectE9IPAddresst
                0x00003c80       0x78 k:\AERenderFolder\2020-07-02 Water hoela hoop\ArduinoMQTT\ArduinoOutput\libraries\WiFiNINA\WiFiClient.cpp.o
                0x00003c80                WiFiClient::connect(IPAddress, unsigned short)
 .text._ZN10WiFiClient10connectSSLE9IPAddresst
                0x00003cf8       0x78 k:\AERenderFolder\2020-07-02 Water hoela hoop\ArduinoMQTT\ArduinoOutput\libraries\WiFiNINA\WiFiClient.cpp.o
                0x00003cf8                WiFiClient::connectSSL(IPAddress, unsigned short)
 .text._ZN10WiFiClient10connectSSLEPKct
                0x00003d70       0x84 k:\AERenderFolder\2020-07-02 Water hoela hoop\ArduinoMQTT\ArduinoOutput\libraries\WiFiNINA\WiFiClient.cpp.o
                0x00003d70                WiFiClient::connectSSL(char const*, unsigned short)
 .text._ZN10WiFiClient5writeEPKhj
                0x00003df4       0x2e k:\AERenderFolder\2020-07-02 Water hoela hoop\ArduinoMQTT\ArduinoOutput\libraries\WiFiNINA\WiFiClient.cpp.o
                0x00003df4                WiFiClient::write(unsigned char const*, unsigned int)
 *fill*         0x00003e22        0x2 
 .text._ZN10WiFiClient9availableEv
                0x00003e24       0x18 k:\AERenderFolder\2020-07-02 Water hoela hoop\ArduinoMQTT\ArduinoOutput\libraries\WiFiNINA\WiFiClient.cpp.o
                0x00003e24                WiFiClient::available()
 .text._ZN10WiFiClient4readEv
                0x00003e3c       0x2c k:\AERenderFolder\2020-07-02 Water hoela hoop\ArduinoMQTT\ArduinoOutput\libraries\WiFiNINA\WiFiClient.cpp.o
                0x00003e3c                WiFiClient::read()
 .text._ZN10WiFiClient4readEPhj
                0x00003e68       0x18 k:\AERenderFolder\2020-07-02 Water hoela hoop\ArduinoMQTT\ArduinoOutput\libraries\WiFiNINA\WiFiClient.cpp.o
                0x00003e68                WiFiClient::read(unsigned char*, unsigned int)
 .text._ZN10WiFiClient4peekEv
                0x00003e80       0x10 k:\AERenderFolder\2020-07-02 Water hoela hoop\ArduinoMQTT\ArduinoOutput\libraries\WiFiNINA\WiFiClient.cpp.o
                0x00003e80                WiFiClient::peek()
 .text._ZN10WiFiClient10remotePortEv
                0x00003e90       0x22 k:\AERenderFolder\2020-07-02 Water hoela hoop\ArduinoMQTT\ArduinoOutput\libraries\WiFiNINA\WiFiClient.cpp.o
                0x00003e90                WiFiClient::remotePort()
 .text._ZN10WiFiClient8remoteIPEv
                0x00003eb2       0x20 k:\AERenderFolder\2020-07-02 Water hoela hoop\ArduinoMQTT\ArduinoOutput\libraries\WiFiNINA\WiFiClient.cpp.o
                0x00003eb2                WiFiClient::remoteIP()
 *fill*         0x00003ed2        0x2 
 .text._ZN10WiFiClientC2Ev
                0x00003ed4       0x1c k:\AERenderFolder\2020-07-02 Water hoela hoop\ArduinoMQTT\ArduinoOutput\libraries\WiFiNINA\WiFiClient.cpp.o
                0x00003ed4                WiFiClient::WiFiClient()
                0x00003ed4                WiFiClient::WiFiClient()
 .text._ZN10WiFiClient6statusEv
                0x00003ef0       0x12 k:\AERenderFolder\2020-07-02 Water hoela hoop\ArduinoMQTT\ArduinoOutput\libraries\WiFiNINA\WiFiClient.cpp.o
                0x00003ef0                WiFiClient::status()
 *fill*         0x00003f02        0x2 
 .text._ZN10WiFiClient4stopEv
                0x00003f04       0x3c k:\AERenderFolder\2020-07-02 Water hoela hoop\ArduinoMQTT\ArduinoOutput\libraries\WiFiNINA\WiFiClient.cpp.o
                0x00003f04                WiFiClient::stop()
 .text._ZN10WiFiClient9connectedEv
                0x00003f40       0x44 k:\AERenderFolder\2020-07-02 Water hoela hoop\ArduinoMQTT\ArduinoOutput\libraries\WiFiNINA\WiFiClient.cpp.o
                0x00003f40                WiFiClient::connected()
 .text.startup._GLOBAL__sub_I__ZN10WiFiClient8_srcportE
                0x00003f84       0x18 k:\AERenderFolder\2020-07-02 Water hoela hoop\ArduinoMQTT\ArduinoOutput\libraries\WiFiNINA\WiFiClient.cpp.o
 .text.startup._GLOBAL__sub_I__ZN13WiFiSSLClientC2Ev
                0x00003f9c       0x18 k:\AERenderFolder\2020-07-02 Water hoela hoop\ArduinoMQTT\ArduinoOutput\libraries\WiFiNINA\WiFiSSLClient.cpp.o
 .text.startup._GLOBAL__sub_I__ZN10WiFiServerC2Et
                0x00003fb4       0x18 k:\AERenderFolder\2020-07-02 Water hoela hoop\ArduinoMQTT\ArduinoOutput\libraries\WiFiNINA\WiFiServer.cpp.o
 .text.startup._GLOBAL__sub_I__ZN16WiFiStorageClass4openEPKc
                0x00003fcc       0x18 k:\AERenderFolder\2020-07-02 Water hoela hoop\ArduinoMQTT\ArduinoOutput\libraries\WiFiNINA\WiFiStorage.cpp.o
 .text.startup._GLOBAL__sub_I__ZN7WiFiUDPC2Ev
                0x00003fe4       0x18 k:\AERenderFolder\2020-07-02 Water hoela hoop\ArduinoMQTT\ArduinoOutput\libraries\WiFiNINA\WiFiUdp.cpp.o
 .text._ZN21WiFiSocketBufferClassC2Ev
                0x00003ffc       0x10 k:\AERenderFolder\2020-07-02 Water hoela hoop\ArduinoMQTT\ArduinoOutput\libraries\WiFiNINA\utility\WiFiSocketBuffer.cpp.o
                0x00003ffc                WiFiSocketBufferClass::WiFiSocketBufferClass()
                0x00003ffc                WiFiSocketBufferClass::WiFiSocketBufferClass()
 .text._ZN21WiFiSocketBufferClass5closeEi
                0x0000400c       0x1c k:\AERenderFolder\2020-07-02 Water hoela hoop\ArduinoMQTT\ArduinoOutput\libraries\WiFiNINA\utility\WiFiSocketBuffer.cpp.o
                0x0000400c                WiFiSocketBufferClass::close(int)
 .text._ZN21WiFiSocketBufferClassD2Ev
                0x00004028       0x18 k:\AERenderFolder\2020-07-02 Water hoela hoop\ArduinoMQTT\ArduinoOutput\libraries\WiFiNINA\utility\WiFiSocketBuffer.cpp.o
                0x00004028                WiFiSocketBufferClass::~WiFiSocketBufferClass()
                0x00004028                WiFiSocketBufferClass::~WiFiSocketBufferClass()
 .text._ZN21WiFiSocketBufferClass9availableEi
                0x00004040       0x58 k:\AERenderFolder\2020-07-02 Water hoela hoop\ArduinoMQTT\ArduinoOutput\libraries\WiFiNINA\utility\WiFiSocketBuffer.cpp.o
                0x00004040                WiFiSocketBufferClass::available(int)
 .text._ZN21WiFiSocketBufferClass4peekEi
                0x00004098       0x20 k:\AERenderFolder\2020-07-02 Water hoela hoop\ArduinoMQTT\ArduinoOutput\libraries\WiFiNINA\utility\WiFiSocketBuffer.cpp.o
                0x00004098                WiFiSocketBufferClass::peek(int)
 .text._ZN21WiFiSocketBufferClass4readEiPhj
                0x000040b8       0x38 k:\AERenderFolder\2020-07-02 Water hoela hoop\ArduinoMQTT\ArduinoOutput\libraries\WiFiNINA\utility\WiFiSocketBuffer.cpp.o
                0x000040b8                WiFiSocketBufferClass::read(int, unsigned char*, unsigned int)
 .text.startup._GLOBAL__sub_I__ZN21WiFiSocketBufferClassC2Ev
                0x000040f0       0x24 k:\AERenderFolder\2020-07-02 Water hoela hoop\ArduinoMQTT\ArduinoOutput\libraries\WiFiNINA\utility\WiFiSocketBuffer.cpp.o
 .text._ZN9ServerDrv11startClientEmthh
                0x00004114       0x80 k:\AERenderFolder\2020-07-02 Water hoela hoop\ArduinoMQTT\ArduinoOutput\libraries\WiFiNINA\utility\server_drv.cpp.o
                0x00004114                ServerDrv::startClient(unsigned long, unsigned short, unsigned char, unsigned char)
 .text._ZN9ServerDrv11startClientEPKchmthh
                0x00004194       0x94 k:\AERenderFolder\2020-07-02 Water hoela hoop\ArduinoMQTT\ArduinoOutput\libraries\WiFiNINA\utility\server_drv.cpp.o
                0x00004194                ServerDrv::startClient(char const*, unsigned char, unsigned long, unsigned short, unsigned char, unsigned char)
 .text._ZN9ServerDrv10stopClientEh
                0x00004228       0x64 k:\AERenderFolder\2020-07-02 Water hoela hoop\ArduinoMQTT\ArduinoOutput\libraries\WiFiNINA\utility\server_drv.cpp.o
                0x00004228                ServerDrv::stopClient(unsigned char)
 .text._ZN9ServerDrv14getClientStateEh
                0x0000428c       0x68 k:\AERenderFolder\2020-07-02 Water hoela hoop\ArduinoMQTT\ArduinoOutput\libraries\WiFiNINA\utility\server_drv.cpp.o
                0x0000428c                ServerDrv::getClientState(unsigned char)
 .text._ZN9ServerDrv10getDataBufEhPhPt
                0x000042f4       0x74 k:\AERenderFolder\2020-07-02 Water hoela hoop\ArduinoMQTT\ArduinoOutput\libraries\WiFiNINA\utility\server_drv.cpp.o
                0x000042f4                ServerDrv::getDataBuf(unsigned char, unsigned char*, unsigned short*)
 .text._ZN9ServerDrv8sendDataEhPKht
                0x00004368       0x80 k:\AERenderFolder\2020-07-02 Water hoela hoop\ArduinoMQTT\ArduinoOutput\libraries\WiFiNINA\utility\server_drv.cpp.o
                0x00004368                ServerDrv::sendData(unsigned char, unsigned char const*, unsigned short)
 .text._ZN9ServerDrv13checkDataSentEh
                0x000043e8       0x94 k:\AERenderFolder\2020-07-02 Water hoela hoop\ArduinoMQTT\ArduinoOutput\libraries\WiFiNINA\utility\server_drv.cpp.o
                0x000043e8                ServerDrv::checkDataSent(unsigned char)
 .text._ZN9ServerDrv9getSocketEv
                0x0000447c       0x50 k:\AERenderFolder\2020-07-02 Water hoela hoop\ArduinoMQTT\ArduinoOutput\libraries\WiFiNINA\utility\server_drv.cpp.o
                0x0000447c                ServerDrv::getSocket()
 .text._ZN6SpiDrv5beginEv
                0x000044cc       0xb0 k:\AERenderFolder\2020-07-02 Water hoela hoop\ArduinoMQTT\ArduinoOutput\libraries\WiFiNINA\utility\spi_drv.cpp.o
                0x000044cc                SpiDrv::begin()
 .text._ZN6SpiDrv14spiSlaveSelectEv
                0x0000457c       0x4c k:\AERenderFolder\2020-07-02 Water hoela hoop\ArduinoMQTT\ArduinoOutput\libraries\WiFiNINA\utility\spi_drv.cpp.o
                0x0000457c                SpiDrv::spiSlaveSelect()
 .text._ZN6SpiDrv16spiSlaveDeselectEv
                0x000045c8       0x1c k:\AERenderFolder\2020-07-02 Water hoela hoop\ArduinoMQTT\ArduinoOutput\libraries\WiFiNINA\utility\spi_drv.cpp.o
                0x000045c8                SpiDrv::spiSlaveDeselect()
 .text._ZN6SpiDrv11spiTransferEc
                0x000045e4       0x18 k:\AERenderFolder\2020-07-02 Water hoela hoop\ArduinoMQTT\ArduinoOutput\libraries\WiFiNINA\utility\spi_drv.cpp.o
                0x000045e4                SpiDrv::spiTransfer(char)
 .text._ZN6SpiDrv17waitForSlaveReadyEv
                0x000045fc       0x14 k:\AERenderFolder\2020-07-02 Water hoela hoop\ArduinoMQTT\ArduinoOutput\libraries\WiFiNINA\utility\spi_drv.cpp.o
                0x000045fc                SpiDrv::waitForSlaveReady()
 .text._ZN6SpiDrv8getParamEPh
                0x00004610        0xe k:\AERenderFolder\2020-07-02 Water hoela hoop\ArduinoMQTT\ArduinoOutput\libraries\WiFiNINA\utility\spi_drv.cpp.o
                0x00004610                SpiDrv::getParam(unsigned char*)
 .text._ZN6SpiDrv16readAndCheckCharEcPc
                0x0000461e       0x16 k:\AERenderFolder\2020-07-02 Water hoela hoop\ArduinoMQTT\ArduinoOutput\libraries\WiFiNINA\utility\spi_drv.cpp.o
                0x0000461e                SpiDrv::readAndCheckChar(char, char*)
 .text._ZN6SpiDrv8readCharEv
                0x00004634       0x14 k:\AERenderFolder\2020-07-02 Water hoela hoop\ArduinoMQTT\ArduinoOutput\libraries\WiFiNINA\utility\spi_drv.cpp.o
                0x00004634                SpiDrv::readChar()
 .text._ZN6SpiDrv11waitSpiCharEh
                0x00004648       0x2c k:\AERenderFolder\2020-07-02 Water hoela hoop\ArduinoMQTT\ArduinoOutput\libraries\WiFiNINA\utility\spi_drv.cpp.o
                0x00004648                SpiDrv::waitSpiChar(unsigned char)
 .text._ZN6SpiDrv18waitResponseParamsEhhP6tParam
                0x00004674       0x94 k:\AERenderFolder\2020-07-02 Water hoela hoop\ArduinoMQTT\ArduinoOutput\libraries\WiFiNINA\utility\spi_drv.cpp.o
                0x00004674                SpiDrv::waitResponseParams(unsigned char, unsigned char, tParam*)
 .text._ZN6SpiDrv9sendParamEPhhh
                0x00004708       0x2c k:\AERenderFolder\2020-07-02 Water hoela hoop\ArduinoMQTT\ArduinoOutput\libraries\WiFiNINA\utility\spi_drv.cpp.o
                0x00004708                SpiDrv::sendParam(unsigned char*, unsigned char, unsigned char)
 .text._ZN6SpiDrv14sendParamLen16Et
                0x00004734       0x12 k:\AERenderFolder\2020-07-02 Water hoela hoop\ArduinoMQTT\ArduinoOutput\libraries\WiFiNINA\utility\spi_drv.cpp.o
                0x00004734                SpiDrv::sendParamLen16(unsigned short)
 .text._ZN6SpiDrv13readParamLen8EPh
                0x00004746       0x12 k:\AERenderFolder\2020-07-02 Water hoela hoop\ArduinoMQTT\ArduinoOutput\libraries\WiFiNINA\utility\spi_drv.cpp.o
                0x00004746                SpiDrv::readParamLen8(unsigned char*)
 .text._ZN6SpiDrv15waitResponseCmdEhhPhS0_
                0x00004758       0x68 k:\AERenderFolder\2020-07-02 Water hoela hoop\ArduinoMQTT\ArduinoOutput\libraries\WiFiNINA\utility\spi_drv.cpp.o
                0x00004758                SpiDrv::waitResponseCmd(unsigned char, unsigned char, unsigned char*, unsigned char*)
 .text._ZN6SpiDrv17waitResponseData8EhPhS0_
                0x000047c0       0x5e k:\AERenderFolder\2020-07-02 Water hoela hoop\ArduinoMQTT\ArduinoOutput\libraries\WiFiNINA\utility\spi_drv.cpp.o
                0x000047c0                SpiDrv::waitResponseData8(unsigned char, unsigned char*, unsigned char*)
 .text._ZN6SpiDrv14readParamLen16EPt
                0x0000481e       0x20 k:\AERenderFolder\2020-07-02 Water hoela hoop\ArduinoMQTT\ArduinoOutput\libraries\WiFiNINA\utility\spi_drv.cpp.o
                0x0000481e                SpiDrv::readParamLen16(unsigned short*)
 .text._ZN6SpiDrv18waitResponseData16EhPhPt
                0x0000483e       0x64 k:\AERenderFolder\2020-07-02 Water hoela hoop\ArduinoMQTT\ArduinoOutput\libraries\WiFiNINA\utility\spi_drv.cpp.o
                0x0000483e                SpiDrv::waitResponseData16(unsigned char, unsigned char*, unsigned short*)
 .text._ZN6SpiDrv10sendBufferEPhth
                0x000048a2       0x2a k:\AERenderFolder\2020-07-02 Water hoela hoop\ArduinoMQTT\ArduinoOutput\libraries\WiFiNINA\utility\spi_drv.cpp.o
                0x000048a2                SpiDrv::sendBuffer(unsigned char*, unsigned short, unsigned char)
 .text._ZN6SpiDrv9sendParamEth
                0x000048cc       0x24 k:\AERenderFolder\2020-07-02 Water hoela hoop\ArduinoMQTT\ArduinoOutput\libraries\WiFiNINA\utility\spi_drv.cpp.o
                0x000048cc                SpiDrv::sendParam(unsigned short, unsigned char)
 .text._ZN6SpiDrv7sendCmdEhh
                0x000048f0       0x26 k:\AERenderFolder\2020-07-02 Water hoela hoop\ArduinoMQTT\ArduinoOutput\libraries\WiFiNINA\utility\spi_drv.cpp.o
                0x000048f0                SpiDrv::sendCmd(unsigned char, unsigned char)
 .text._ZN6SpiDrv9availableEv
                0x00004916        0xe k:\AERenderFolder\2020-07-02 Water hoela hoop\ArduinoMQTT\ArduinoOutput\libraries\WiFiNINA\utility\spi_drv.cpp.o
                0x00004916                SpiDrv::available()
 .text._ZN7WiFiDrv13getRemoteDataEhPhS0_
                0x00004924       0x84 k:\AERenderFolder\2020-07-02 Water hoela hoop\ArduinoMQTT\ArduinoOutput\libraries\WiFiNINA\utility\wifi_drv.cpp.o
                0x00004924                WiFiDrv::getRemoteData(unsigned char, unsigned char*, unsigned char*)
 .text._ZN7WiFiDrv17wifiSetPassphraseEPKchS1_h
                0x000049a8       0x84 k:\AERenderFolder\2020-07-02 Water hoela hoop\ArduinoMQTT\ArduinoOutput\libraries\WiFiNINA\utility\wifi_drv.cpp.o
                0x000049a8                WiFiDrv::wifiSetPassphrase(char const*, unsigned char, char const*, unsigned char)
 .text._ZN7WiFiDrv19getConnectionStatusEv
                0x00004a2c       0x50 k:\AERenderFolder\2020-07-02 Water hoela hoop\ArduinoMQTT\ArduinoOutput\libraries\WiFiNINA\utility\wifi_drv.cpp.o
                0x00004a2c                WiFiDrv::getConnectionStatus()
 .text._ZN7WiFiDrv13reqHostByNameEPKc
                0x00004a7c       0x84 k:\AERenderFolder\2020-07-02 Water hoela hoop\ArduinoMQTT\ArduinoOutput\libraries\WiFiNINA\utility\wifi_drv.cpp.o
                0x00004a7c                WiFiDrv::reqHostByName(char const*)
 .text._ZN7WiFiDrv13getHostByNameER9IPAddress
                0x00004b00       0x74 k:\AERenderFolder\2020-07-02 Water hoela hoop\ArduinoMQTT\ArduinoOutput\libraries\WiFiNINA\utility\wifi_drv.cpp.o
                0x00004b00                WiFiDrv::getHostByName(IPAddress&)
 .text._ZN7WiFiDrv13getHostByNameEPKcR9IPAddress
                0x00004b74       0x18 k:\AERenderFolder\2020-07-02 Water hoela hoop\ArduinoMQTT\ArduinoOutput\libraries\WiFiNINA\utility\wifi_drv.cpp.o
                0x00004b74                WiFiDrv::getHostByName(char const*, IPAddress&)
 .text.startup._GLOBAL__sub_I__ZN7WiFiDrv12_networkSsidE
                0x00004b8c       0x18 k:\AERenderFolder\2020-07-02 Water hoela hoop\ArduinoMQTT\ArduinoOutput\libraries\WiFiNINA\utility\wifi_drv.cpp.o
 .text._ZN17Adafruit_NeoPixelD2Ev
                0x00004ba4       0x1c k:\AERenderFolder\2020-07-02 Water hoela hoop\ArduinoMQTT\ArduinoOutput\libraries\Adafruit_NeoPixel\Adafruit_NeoPixel.cpp.o
                0x00004ba4                Adafruit_NeoPixel::~Adafruit_NeoPixel()
                0x00004ba4                Adafruit_NeoPixel::~Adafruit_NeoPixel()
 .text._ZN17Adafruit_NeoPixel5beginEv
                0x00004bc0       0x22 k:\AERenderFolder\2020-07-02 Water hoela hoop\ArduinoMQTT\ArduinoOutput\libraries\Adafruit_NeoPixel\Adafruit_NeoPixel.cpp.o
                0x00004bc0                Adafruit_NeoPixel::begin()
 .text._ZN17Adafruit_NeoPixel12updateLengthEt
                0x00004be2       0x3c k:\AERenderFolder\2020-07-02 Water hoela hoop\ArduinoMQTT\ArduinoOutput\libraries\Adafruit_NeoPixel\Adafruit_NeoPixel.cpp.o
                0x00004be2                Adafruit_NeoPixel::updateLength(unsigned short)
 .text._ZN17Adafruit_NeoPixel10updateTypeEt
                0x00004c1e       0x46 k:\AERenderFolder\2020-07-02 Water hoela hoop\ArduinoMQTT\ArduinoOutput\libraries\Adafruit_NeoPixel\Adafruit_NeoPixel.cpp.o
                0x00004c1e                Adafruit_NeoPixel::updateType(unsigned short)
 .text._ZN17Adafruit_NeoPixel4showEv
                0x00004c64      0x204 k:\AERenderFolder\2020-07-02 Water hoela hoop\ArduinoMQTT\ArduinoOutput\libraries\Adafruit_NeoPixel\Adafruit_NeoPixel.cpp.o
                0x00004c64                Adafruit_NeoPixel::show()
 .text._ZN17Adafruit_NeoPixel6setPinEt
                0x00004e68       0x34 k:\AERenderFolder\2020-07-02 Water hoela hoop\ArduinoMQTT\ArduinoOutput\libraries\Adafruit_NeoPixel\Adafruit_NeoPixel.cpp.o
                0x00004e68                Adafruit_NeoPixel::setPin(unsigned short)
 .text._ZN17Adafruit_NeoPixelC2Ettt
                0x00004e9c       0x2c k:\AERenderFolder\2020-07-02 Water hoela hoop\ArduinoMQTT\ArduinoOutput\libraries\Adafruit_NeoPixel\Adafruit_NeoPixel.cpp.o
                0x00004e9c                Adafruit_NeoPixel::Adafruit_NeoPixel(unsigned short, unsigned short, unsigned short)
                0x00004e9c                Adafruit_NeoPixel::Adafruit_NeoPixel(unsigned short, unsigned short, unsigned short)
 .text._ZN17Adafruit_NeoPixel13setPixelColorEtm
                0x00004ec8       0x6e k:\AERenderFolder\2020-07-02 Water hoela hoop\ArduinoMQTT\ArduinoOutput\libraries\Adafruit_NeoPixel\Adafruit_NeoPixel.cpp.o
                0x00004ec8                Adafruit_NeoPixel::setPixelColor(unsigned short, unsigned long)
 .text._ZN8SPIClass4initEv
                0x00004f36       0x12 k:\AERenderFolder\2020-07-02 Water hoela hoop\ArduinoMQTT\ArduinoOutput\libraries\SPI\SPI.cpp.o
                0x00004f36                SPIClass::init()
 .text._ZN8SPIClass6configE11SPISettings
                0x00004f48       0x4e k:\AERenderFolder\2020-07-02 Water hoela hoop\ArduinoMQTT\ArduinoOutput\libraries\SPI\SPI.cpp.o
                0x00004f48                SPIClass::config(SPISettings)
 *fill*         0x00004f96        0x2 
 .text._ZN8SPIClass5beginEv
                0x00004f98       0x50 k:\AERenderFolder\2020-07-02 Water hoela hoop\ArduinoMQTT\ArduinoOutput\libraries\SPI\SPI.cpp.o
                0x00004f98                SPIClass::begin()
 .text._ZN8SPIClass16beginTransactionE11SPISettings
                0x00004fe8       0x38 k:\AERenderFolder\2020-07-02 Water hoela hoop\ArduinoMQTT\ArduinoOutput\libraries\SPI\SPI.cpp.o
                0x00004fe8                SPIClass::beginTransaction(SPISettings)
 .text._ZN8SPIClass14endTransactionEv
                0x00005020       0x28 k:\AERenderFolder\2020-07-02 Water hoela hoop\ArduinoMQTT\ArduinoOutput\libraries\SPI\SPI.cpp.o
                0x00005020                SPIClass::endTransaction()
 .text._ZN8SPIClass8transferEh
                0x00005048        0xa k:\AERenderFolder\2020-07-02 Water hoela hoop\ArduinoMQTT\ArduinoOutput\libraries\SPI\SPI.cpp.o
                0x00005048                SPIClass::transfer(unsigned char)
 *fill*         0x00005052        0x2 
 .text.startup._GLOBAL__sub_I__ZN8SPIClassC2EP6SERCOMhhh14SercomSpiTXPad11SercomRXPad
                0x00005054       0x68 k:\AERenderFolder\2020-07-02 Water hoela hoop\ArduinoMQTT\ArduinoOutput\libraries\SPI\SPI.cpp.o
 .text.PINCOUNT_fn
                0x000050bc        0x4 k:\AERenderFolder\2020-07-02 Water hoela hoop\ArduinoMQTT\ArduinoOutput\core\variant.cpp.o
                0x000050bc                PINCOUNT_fn
 .text._Z11initVariantv
                0x000050c0       0x24 k:\AERenderFolder\2020-07-02 Water hoela hoop\ArduinoMQTT\ArduinoOutput\core\variant.cpp.o
                0x000050c0                initVariant()
 .text.SERCOM5_Handler
                0x000050e4       0x10 k:\AERenderFolder\2020-07-02 Water hoela hoop\ArduinoMQTT\ArduinoOutput\core\variant.cpp.o
                0x000050e4                SERCOM5_Handler
 .text.SERCOM3_Handler
                0x000050f4       0x10 k:\AERenderFolder\2020-07-02 Water hoela hoop\ArduinoMQTT\ArduinoOutput\core\variant.cpp.o
                0x000050f4                SERCOM3_Handler
 .text.SERCOM2_Handler
                0x00005104       0x10 k:\AERenderFolder\2020-07-02 Water hoela hoop\ArduinoMQTT\ArduinoOutput\core\variant.cpp.o
                0x00005104                SERCOM2_Handler
 .text.startup._GLOBAL__sub_I_g_APinDescription
                0x00005114       0xbc k:\AERenderFolder\2020-07-02 Water hoela hoop\ArduinoMQTT\ArduinoOutput\core\variant.cpp.o
 .text.Dummy_Handler
                0x000051d0        0x2 k:\AERenderFolder\2020-07-02 Water hoela hoop\ArduinoMQTT\ArduinoOutput/core\core.a(cortex_handlers.c.o)
                0x000051d0                DMAC_Handler
                0x000051d0                HardFault_Handler
                0x000051d0                AC_Handler
                0x000051d0                PendSV_Handler
                0x000051d0                NMI_Handler
                0x000051d0                TC7_Handler
                0x000051d0                SERCOM1_Handler
                0x000051d0                ADC_Handler
                0x000051d0                TCC1_Handler
                0x000051d0                TCC0_Handler
                0x000051d0                RTC_Handler
                0x000051d0                EIC_Handler
                0x000051d0                TC6_Handler
                0x000051d0                WDT_Handler
                0x000051d0                TC4_Handler
                0x000051d0                TC3_Handler
                0x000051d0                Dummy_Handler
                0x000051d0                PM_Handler
                0x000051d0                SVC_Handler
                0x000051d0                TCC2_Handler
                0x000051d0                EVSYS_Handler
                0x000051d0                SERCOM4_Handler
                0x000051d0                I2S_Handler
                0x000051d0                NVMCTRL_Handler
                0x000051d0                SERCOM0_Handler
                0x000051d0                DAC_Handler
                0x000051d0                PTC_Handler
                0x000051d0                SYSCTRL_Handler
 *fill*         0x000051d2        0x2 
 .text.USB_Handler
                0x000051d4       0x14 k:\AERenderFolder\2020-07-02 Water hoela hoop\ArduinoMQTT\ArduinoOutput/core\core.a(cortex_handlers.c.o)
                0x000051d4                USB_Handler
 .text.Reset_Handler
                0x000051e8       0x54 k:\AERenderFolder\2020-07-02 Water hoela hoop\ArduinoMQTT\ArduinoOutput/core\core.a(cortex_handlers.c.o)
                0x000051e8                Reset_Handler
 .text.SysTick_Handler
                0x0000523c       0x10 k:\AERenderFolder\2020-07-02 Water hoela hoop\ArduinoMQTT\ArduinoOutput/core\core.a(cortex_handlers.c.o)
                0x0000523c                SysTick_Handler
 .text.USB_SetHandler
                0x0000524c        0xc k:\AERenderFolder\2020-07-02 Water hoela hoop\ArduinoMQTT\ArduinoOutput/core\core.a(cortex_handlers.c.o)
                0x0000524c                USB_SetHandler
 .text.millis   0x00005258        0xc k:\AERenderFolder\2020-07-02 Water hoela hoop\ArduinoMQTT\ArduinoOutput/core\core.a(delay.c.o)
                0x00005258                millis
 .text.micros   0x00005264       0x60 k:\AERenderFolder\2020-07-02 Water hoela hoop\ArduinoMQTT\ArduinoOutput/core\core.a(delay.c.o)
                0x00005264                micros
 .text.delay    0x000052c4       0x30 k:\AERenderFolder\2020-07-02 Water hoela hoop\ArduinoMQTT\ArduinoOutput/core\core.a(delay.c.o)
                0x000052c4                delay
 .text.resetExternalChip
                0x000052f4        0x2 k:\AERenderFolder\2020-07-02 Water hoela hoop\ArduinoMQTT\ArduinoOutput/core\core.a(delay.c.o)
                0x000052f4                resetExternalChip
 *fill*         0x000052f6        0x2 
 .text.SysTick_DefaultHandler
                0x000052f8       0x14 k:\AERenderFolder\2020-07-02 Water hoela hoop\ArduinoMQTT\ArduinoOutput/core\core.a(delay.c.o)
                0x000052f8                SysTick_DefaultHandler
 .text.__empty  0x0000530c        0x2 k:\AERenderFolder\2020-07-02 Water hoela hoop\ArduinoMQTT\ArduinoOutput/core\core.a(hooks.c.o)
                0x0000530c                yield
 .text.__false  0x0000530e        0x4 k:\AERenderFolder\2020-07-02 Water hoela hoop\ArduinoMQTT\ArduinoOutput/core\core.a(hooks.c.o)
                0x0000530e                sysTickHook
 *fill*         0x00005312        0x2 
 .text.SystemInit
                0x00005314      0x194 k:\AERenderFolder\2020-07-02 Water hoela hoop\ArduinoMQTT\ArduinoOutput/core\core.a(startup.c.o)
                0x00005314                SystemInit
 .text.init     0x000054a8       0xf0 k:\AERenderFolder\2020-07-02 Water hoela hoop\ArduinoMQTT\ArduinoOutput/core\core.a(wiring.c.o)
                0x000054a8                init
 .text.analogReference
                0x00005598       0x64 k:\AERenderFolder\2020-07-02 Water hoela hoop\ArduinoMQTT\ArduinoOutput/core\core.a(wiring_analog.c.o)
                0x00005598                analogReference
 .text.pinMode  0x000055fc       0x98 k:\AERenderFolder\2020-07-02 Water hoela hoop\ArduinoMQTT\ArduinoOutput/core\core.a(wiring_digital.c.o)
                0x000055fc                pinMode
 .text.digitalWrite
                0x00005694       0x58 k:\AERenderFolder\2020-07-02 Water hoela hoop\ArduinoMQTT\ArduinoOutput/core\core.a(wiring_digital.c.o)
                0x00005694                digitalWrite
 .text.digitalRead
                0x000056ec       0x30 k:\AERenderFolder\2020-07-02 Water hoela hoop\ArduinoMQTT\ArduinoOutput/core\core.a(wiring_digital.c.o)
                0x000056ec                digitalRead
 .text.pinPeripheral
                0x0000571c       0xc0 k:\AERenderFolder\2020-07-02 Water hoela hoop\ArduinoMQTT\ArduinoOutput/core\core.a(wiring_private.c.o)
                0x0000571c                pinPeripheral
 .text._ZNK9IPAddress7printToER5Print
                0x000057dc       0x44 k:\AERenderFolder\2020-07-02 Water hoela hoop\ArduinoMQTT\ArduinoOutput/core\core.a(IPAddress.cpp.o)
                0x000057dc                IPAddress::printTo(Print&) const
 .text._ZN9IPAddressC2Ev
                0x00005820       0x10 k:\AERenderFolder\2020-07-02 Water hoela hoop\ArduinoMQTT\ArduinoOutput/core\core.a(IPAddress.cpp.o)
                0x00005820                IPAddress::IPAddress()
                0x00005820                IPAddress::IPAddress()
 .text._ZN9IPAddressC2Ehhhh
                0x00005830       0x1c k:\AERenderFolder\2020-07-02 Water hoela hoop\ArduinoMQTT\ArduinoOutput/core\core.a(IPAddress.cpp.o)
                0x00005830                IPAddress::IPAddress(unsigned char, unsigned char, unsigned char, unsigned char)
                0x00005830                IPAddress::IPAddress(unsigned char, unsigned char, unsigned char, unsigned char)
 .text._ZN9IPAddressC2Em
                0x0000584c       0x10 k:\AERenderFolder\2020-07-02 Water hoela hoop\ArduinoMQTT\ArduinoOutput/core\core.a(IPAddress.cpp.o)
                0x0000584c                IPAddress::IPAddress(unsigned long)
                0x0000584c                IPAddress::IPAddress(unsigned long)
 .text._ZN9IPAddressC2EPKh
                0x0000585c       0x18 k:\AERenderFolder\2020-07-02 Water hoela hoop\ArduinoMQTT\ArduinoOutput/core\core.a(IPAddress.cpp.o)
                0x0000585c                IPAddress::IPAddress(unsigned char const*)
                0x0000585c                IPAddress::IPAddress(unsigned char const*)
 .text._ZN9IPAddressaSEPKh
                0x00005874       0x10 k:\AERenderFolder\2020-07-02 Water hoela hoop\ArduinoMQTT\ArduinoOutput/core\core.a(IPAddress.cpp.o)
                0x00005874                IPAddress::operator=(unsigned char const*)
 .text._ZN5Print5writeEPKhj
                0x00005884       0x28 k:\AERenderFolder\2020-07-02 Water hoela hoop\ArduinoMQTT\ArduinoOutput/core\core.a(Print.cpp.o)
                0x00005884                Print::write(unsigned char const*, unsigned int)
 .text._ZN5Print5writeEPKc.part.2
                0x000058ac       0x1a k:\AERenderFolder\2020-07-02 Water hoela hoop\ArduinoMQTT\ArduinoOutput/core\core.a(Print.cpp.o)
 .text._ZN5Print5writeEPKc
                0x000058c6       0x10 k:\AERenderFolder\2020-07-02 Water hoela hoop\ArduinoMQTT\ArduinoOutput/core\core.a(Print.cpp.o)
                0x000058c6                Print::write(char const*)
 .text._ZN5Print5printERK6String
                0x000058d6        0xe k:\AERenderFolder\2020-07-02 Water hoela hoop\ArduinoMQTT\ArduinoOutput/core\core.a(Print.cpp.o)
                0x000058d6                Print::print(String const&)
 .text._ZN5Print5printEPKc
                0x000058e4        0x8 k:\AERenderFolder\2020-07-02 Water hoela hoop\ArduinoMQTT\ArduinoOutput/core\core.a(Print.cpp.o)
                0x000058e4                Print::print(char const*)
 .text._ZN5Print5printEc
                0x000058ec        0xa k:\AERenderFolder\2020-07-02 Water hoela hoop\ArduinoMQTT\ArduinoOutput/core\core.a(Print.cpp.o)
                0x000058ec                Print::print(char)
 *fill*         0x000058f6        0x2 
 .text._ZN5Print7printlnEv
                0x000058f8       0x10 k:\AERenderFolder\2020-07-02 Water hoela hoop\ArduinoMQTT\ArduinoOutput/core\core.a(Print.cpp.o)
                0x000058f8                Print::println()
 .text._ZN5Print7printlnERK6String
                0x00005908       0x14 k:\AERenderFolder\2020-07-02 Water hoela hoop\ArduinoMQTT\ArduinoOutput/core\core.a(Print.cpp.o)
                0x00005908                Print::println(String const&)
 .text._ZN5Print7printlnEPKc
                0x0000591c       0x14 k:\AERenderFolder\2020-07-02 Water hoela hoop\ArduinoMQTT\ArduinoOutput/core\core.a(Print.cpp.o)
                0x0000591c                Print::println(char const*)
 .text._ZN5Print11printNumberEmh
                0x00005930       0x48 k:\AERenderFolder\2020-07-02 Water hoela hoop\ArduinoMQTT\ArduinoOutput/core\core.a(Print.cpp.o)
                0x00005930                Print::printNumber(unsigned long, unsigned char)
 .text._ZN5Print5printEli
                0x00005978       0x3e k:\AERenderFolder\2020-07-02 Water hoela hoop\ArduinoMQTT\ArduinoOutput/core\core.a(Print.cpp.o)
                0x00005978                Print::print(long, int)
 .text._ZN5Print5printEii
                0x000059b6        0x8 k:\AERenderFolder\2020-07-02 Water hoela hoop\ArduinoMQTT\ArduinoOutput/core\core.a(Print.cpp.o)
                0x000059b6                Print::print(int, int)
 .text._ZN5Print7printlnEii
                0x000059be       0x14 k:\AERenderFolder\2020-07-02 Water hoela hoop\ArduinoMQTT\ArduinoOutput/core\core.a(Print.cpp.o)
                0x000059be                Print::println(int, int)
 .text._ZN5Print5printEmi
                0x000059d2       0x18 k:\AERenderFolder\2020-07-02 Water hoela hoop\ArduinoMQTT\ArduinoOutput/core\core.a(Print.cpp.o)
                0x000059d2                Print::print(unsigned long, int)
 .text._ZN5Print5printEhi
                0x000059ea        0x8 k:\AERenderFolder\2020-07-02 Water hoela hoop\ArduinoMQTT\ArduinoOutput/core\core.a(Print.cpp.o)
                0x000059ea                Print::print(unsigned char, int)
 .text._ZN5Print7printlnEhi
                0x000059f2       0x14 k:\AERenderFolder\2020-07-02 Water hoela hoop\ArduinoMQTT\ArduinoOutput/core\core.a(Print.cpp.o)
                0x000059f2                Print::println(unsigned char, int)
 .text._ZN5Print7printlnEji
                0x00005a06       0x14 k:\AERenderFolder\2020-07-02 Water hoela hoop\ArduinoMQTT\ArduinoOutput/core\core.a(Print.cpp.o)
                0x00005a06                Print::println(unsigned int, int)
 *fill*         0x00005a1a        0x2 
 .text.initiateReset
                0x00005a1c       0x14 k:\AERenderFolder\2020-07-02 Water hoela hoop\ArduinoMQTT\ArduinoOutput/core\core.a(Reset.cpp.o)
                0x00005a1c                initiateReset
 .text.cancelReset
                0x00005a30       0x10 k:\AERenderFolder\2020-07-02 Water hoela hoop\ArduinoMQTT\ArduinoOutput/core\core.a(Reset.cpp.o)
                0x00005a30                cancelReset
 .text.tickReset
                0x00005a40       0x78 k:\AERenderFolder\2020-07-02 Water hoela hoop\ArduinoMQTT\ArduinoOutput/core\core.a(Reset.cpp.o)
                0x00005a40                tickReset
 .text._ZN6SERCOMC2EP6Sercom
                0x00005ab8        0x4 k:\AERenderFolder\2020-07-02 Water hoela hoop\ArduinoMQTT\ArduinoOutput/core\core.a(SERCOM.cpp.o)
                0x00005ab8                SERCOM::SERCOM(Sercom*)
                0x00005ab8                SERCOM::SERCOM(Sercom*)
 .text._ZN6SERCOM9initFrameE18SercomUartCharSize15SercomDataOrder16SercomParityMode19SercomNumberStopBit
                0x00005abc       0x3a k:\AERenderFolder\2020-07-02 Water hoela hoop\ArduinoMQTT\ArduinoOutput/core\core.a(SERCOM.cpp.o)
                0x00005abc                SERCOM::initFrame(SercomUartCharSize, SercomDataOrder, SercomParityMode, SercomNumberStopBit)
 .text._ZN6SERCOM8initPadsE15SercomUartTXPad11SercomRXPad
                0x00005af6       0x26 k:\AERenderFolder\2020-07-02 Water hoela hoop\ArduinoMQTT\ArduinoOutput/core\core.a(SERCOM.cpp.o)
                0x00005af6                SERCOM::initPads(SercomUartTXPad, SercomRXPad)
 .text._ZN6SERCOM9resetUARTEv
                0x00005b1c       0x1a k:\AERenderFolder\2020-07-02 Water hoela hoop\ArduinoMQTT\ArduinoOutput/core\core.a(SERCOM.cpp.o)
                0x00005b1c                SERCOM::resetUART()
 .text._ZN6SERCOM10enableUARTEv
                0x00005b36       0x14 k:\AERenderFolder\2020-07-02 Water hoela hoop\ArduinoMQTT\ArduinoOutput/core\core.a(SERCOM.cpp.o)
                0x00005b36                SERCOM::enableUART()
 .text._ZN6SERCOM9flushUARTEv
                0x00005b4a       0x10 k:\AERenderFolder\2020-07-02 Water hoela hoop\ArduinoMQTT\ArduinoOutput/core\core.a(SERCOM.cpp.o)
                0x00005b4a                SERCOM::flushUART()
 .text._ZN6SERCOM15clearStatusUARTEv
                0x00005b5a        0x8 k:\AERenderFolder\2020-07-02 Water hoela hoop\ArduinoMQTT\ArduinoOutput/core\core.a(SERCOM.cpp.o)
                0x00005b5a                SERCOM::clearStatusUART()
 .text._ZN6SERCOM17availableDataUARTEv
                0x00005b62        0xa k:\AERenderFolder\2020-07-02 Water hoela hoop\ArduinoMQTT\ArduinoOutput/core\core.a(SERCOM.cpp.o)
                0x00005b62                SERCOM::availableDataUART()
 .text._ZN6SERCOM11isUARTErrorEv
                0x00005b6c        0x8 k:\AERenderFolder\2020-07-02 Water hoela hoop\ArduinoMQTT\ArduinoOutput/core\core.a(SERCOM.cpp.o)
                0x00005b6c                SERCOM::isUARTError()
 .text._ZN6SERCOM20acknowledgeUARTErrorEv
                0x00005b74        0xe k:\AERenderFolder\2020-07-02 Water hoela hoop\ArduinoMQTT\ArduinoOutput/core\core.a(SERCOM.cpp.o)
                0x00005b74                SERCOM::acknowledgeUARTError()
 .text._ZN6SERCOM16isFrameErrorUARTEv
                0x00005b82        0xa k:\AERenderFolder\2020-07-02 Water hoela hoop\ArduinoMQTT\ArduinoOutput/core\core.a(SERCOM.cpp.o)
                0x00005b82                SERCOM::isFrameErrorUART()
 .text._ZN6SERCOM19clearFrameErrorUARTEv
                0x00005b8c        0xc k:\AERenderFolder\2020-07-02 Water hoela hoop\ArduinoMQTT\ArduinoOutput/core\core.a(SERCOM.cpp.o)
                0x00005b8c                SERCOM::clearFrameErrorUART()
 .text._ZN6SERCOM23isDataRegisterEmptyUARTEv
                0x00005b98        0xa k:\AERenderFolder\2020-07-02 Water hoela hoop\ArduinoMQTT\ArduinoOutput/core\core.a(SERCOM.cpp.o)
                0x00005b98                SERCOM::isDataRegisterEmptyUART()
 .text._ZN6SERCOM12readDataUARTEv
                0x00005ba2        0x8 k:\AERenderFolder\2020-07-02 Water hoela hoop\ArduinoMQTT\ArduinoOutput/core\core.a(SERCOM.cpp.o)
                0x00005ba2                SERCOM::readDataUART()
 .text._ZN6SERCOM13writeDataUARTEh
                0x00005baa       0x10 k:\AERenderFolder\2020-07-02 Water hoela hoop\ArduinoMQTT\ArduinoOutput/core\core.a(SERCOM.cpp.o)
                0x00005baa                SERCOM::writeDataUART(unsigned char)
 .text._ZN6SERCOM36enableDataRegisterEmptyInterruptUARTEv
                0x00005bba        0x8 k:\AERenderFolder\2020-07-02 Water hoela hoop\ArduinoMQTT\ArduinoOutput/core\core.a(SERCOM.cpp.o)
                0x00005bba                SERCOM::enableDataRegisterEmptyInterruptUART()
 .text._ZN6SERCOM37disableDataRegisterEmptyInterruptUARTEv
                0x00005bc2        0x8 k:\AERenderFolder\2020-07-02 Water hoela hoop\ArduinoMQTT\ArduinoOutput/core\core.a(SERCOM.cpp.o)
                0x00005bc2                SERCOM::disableDataRegisterEmptyInterruptUART()
 *fill*         0x00005bca        0x2 
 .text._ZN6SERCOM12initSPIClockE18SercomSpiClockModem
                0x00005bcc       0x30 k:\AERenderFolder\2020-07-02 Water hoela hoop\ArduinoMQTT\ArduinoOutput/core\core.a(SERCOM.cpp.o)
                0x00005bcc                SERCOM::initSPIClock(SercomSpiClockMode, unsigned long)
 .text._ZN6SERCOM8resetSPIEv
                0x00005bfc       0x1a k:\AERenderFolder\2020-07-02 Water hoela hoop\ArduinoMQTT\ArduinoOutput/core\core.a(SERCOM.cpp.o)
                0x00005bfc                SERCOM::resetSPI()
 .text._ZN6SERCOM9enableSPIEv
                0x00005c16       0x14 k:\AERenderFolder\2020-07-02 Water hoela hoop\ArduinoMQTT\ArduinoOutput/core\core.a(SERCOM.cpp.o)
                0x00005c16                SERCOM::enableSPI()
 .text._ZN6SERCOM10disableSPIEv
                0x00005c2a       0x12 k:\AERenderFolder\2020-07-02 Water hoela hoop\ArduinoMQTT\ArduinoOutput/core\core.a(SERCOM.cpp.o)
                0x00005c2a                SERCOM::disableSPI()
 .text._ZN6SERCOM15transferDataSPIEh
                0x00005c3c       0x1a k:\AERenderFolder\2020-07-02 Water hoela hoop\ArduinoMQTT\ArduinoOutput/core\core.a(SERCOM.cpp.o)
                0x00005c3c                SERCOM::transferDataSPI(unsigned char)
 *fill*         0x00005c56        0x2 
 .text._ZN6SERCOM13initClockNVICEv
                0x00005c58       0xa8 k:\AERenderFolder\2020-07-02 Water hoela hoop\ArduinoMQTT\ArduinoOutput/core\core.a(SERCOM.cpp.o)
                0x00005c58                SERCOM::initClockNVIC()
 .text._ZN6SERCOM8initUARTE14SercomUartMode20SercomUartSampleRatem
                0x00005d00       0x6c k:\AERenderFolder\2020-07-02 Water hoela hoop\ArduinoMQTT\ArduinoOutput/core\core.a(SERCOM.cpp.o)
                0x00005d00                SERCOM::initUART(SercomUartMode, SercomUartSampleRate, unsigned long)
 .text._ZN6SERCOM7initSPIE14SercomSpiTXPad11SercomRXPad17SercomSpiCharSize15SercomDataOrder
                0x00005d6c       0x4a k:\AERenderFolder\2020-07-02 Water hoela hoop\ArduinoMQTT\ArduinoOutput/core\core.a(SERCOM.cpp.o)
                0x00005d6c                SERCOM::initSPI(SercomSpiTXPad, SercomRXPad, SercomSpiCharSize, SercomDataOrder)
 .text._ZN6Stream10setTimeoutEm
                0x00005db6        0x4 k:\AERenderFolder\2020-07-02 Water hoela hoop\ArduinoMQTT\ArduinoOutput/core\core.a(Stream.cpp.o)
                0x00005db6                Stream::setTimeout(unsigned long)
 .text._ZN7Serial_13getDescriptorER8USBSetup
                0x00005dba        0x4 k:\AERenderFolder\2020-07-02 Water hoela hoop\ArduinoMQTT\ArduinoOutput/core\core.a(CDC.cpp.o)
                0x00005dba                Serial_::getDescriptor(USBSetup&)
 .text._ZL5utox8mPc
                0x00005dbe       0x24 k:\AERenderFolder\2020-07-02 Water hoela hoop\ArduinoMQTT\ArduinoOutput/core\core.a(CDC.cpp.o)
 *fill*         0x00005de2        0x2 
 .text._ZN7Serial_12getShortNameEPc
                0x00005de4       0x44 k:\AERenderFolder\2020-07-02 Water hoela hoop\ArduinoMQTT\ArduinoOutput/core\core.a(CDC.cpp.o)
                0x00005de4                Serial_::getShortName(char*)
 .text._ZThn16_N7Serial_12getShortNameEPc
                0x00005e28       0x10 k:\AERenderFolder\2020-07-02 Water hoela hoop\ArduinoMQTT\ArduinoOutput/core\core.a(CDC.cpp.o)
                0x00005e28                non-virtual thunk to Serial_::getShortName(char*)
 .text._ZN7Serial_14handleEndpointEi
                0x00005e38        0x2 k:\AERenderFolder\2020-07-02 Water hoela hoop\ArduinoMQTT\ArduinoOutput/core\core.a(CDC.cpp.o)
                0x00005e38                Serial_::handleEndpoint(int)
 .text._ZN7Serial_17availableForWriteEv
                0x00005e3a        0x4 k:\AERenderFolder\2020-07-02 Water hoela hoop\ArduinoMQTT\ArduinoOutput/core\core.a(CDC.cpp.o)
                0x00005e3a                Serial_::availableForWrite()
 .text._ZN7Serial_5writeEh
                0x00005e3e       0x14 k:\AERenderFolder\2020-07-02 Water hoela hoop\ArduinoMQTT\ArduinoOutput/core\core.a(CDC.cpp.o)
                0x00005e3e                Serial_::write(unsigned char)
 *fill*         0x00005e52        0x2 
 .text._ZN7Serial_12getInterfaceEPh
                0x00005e54      0x11c k:\AERenderFolder\2020-07-02 Water hoela hoop\ArduinoMQTT\ArduinoOutput/core\core.a(CDC.cpp.o)
                0x00005e54                Serial_::getInterface(unsigned char*)
 .text._ZThn16_N7Serial_12getInterfaceEPh
                0x00005f70       0x10 k:\AERenderFolder\2020-07-02 Water hoela hoop\ArduinoMQTT\ArduinoOutput/core\core.a(CDC.cpp.o)
                0x00005f70                non-virtual thunk to Serial_::getInterface(unsigned char*)
 .text._ZN7Serial_5setupER8USBSetup
                0x00005f80       0xa8 k:\AERenderFolder\2020-07-02 Water hoela hoop\ArduinoMQTT\ArduinoOutput/core\core.a(CDC.cpp.o)
                0x00005f80                Serial_::setup(USBSetup&)
 .text._ZThn16_N7Serial_5setupER8USBSetup
                0x00006028       0x10 k:\AERenderFolder\2020-07-02 Water hoela hoop\ArduinoMQTT\ArduinoOutput/core\core.a(CDC.cpp.o)
                0x00006028                non-virtual thunk to Serial_::setup(USBSetup&)
 .text._ZN7Serial_9availableEv
                0x00006038       0x20 k:\AERenderFolder\2020-07-02 Water hoela hoop\ArduinoMQTT\ArduinoOutput/core\core.a(CDC.cpp.o)
                0x00006038                Serial_::available()
 .text._ZN7Serial_5flushEv
                0x00006058        0xe k:\AERenderFolder\2020-07-02 Water hoela hoop\ArduinoMQTT\ArduinoOutput/core\core.a(CDC.cpp.o)
                0x00006058                Serial_::flush()
 .text._ZN7Serial_5clearEv
                0x00006066        0xe k:\AERenderFolder\2020-07-02 Water hoela hoop\ArduinoMQTT\ArduinoOutput/core\core.a(CDC.cpp.o)
                0x00006066                Serial_::clear()
 .text._ZN7Serial_5writeEPKhj
                0x00006074       0x1e k:\AERenderFolder\2020-07-02 Water hoela hoop\ArduinoMQTT\ArduinoOutput/core\core.a(CDC.cpp.o)
                0x00006074                Serial_::write(unsigned char const*, unsigned int)
 *fill*         0x00006092        0x2 
 .text._ZN7Serial_4peekEv
                0x00006094       0x1c k:\AERenderFolder\2020-07-02 Water hoela hoop\ArduinoMQTT\ArduinoOutput/core\core.a(CDC.cpp.o)
                0x00006094                Serial_::peek()
 .text._ZN7Serial_4readEv
                0x000060b0       0x24 k:\AERenderFolder\2020-07-02 Water hoela hoop\ArduinoMQTT\ArduinoOutput/core\core.a(CDC.cpp.o)
                0x000060b0                Serial_::read()
 .text._ZThn16_N7Serial_14handleEndpointEi
                0x000060d4        0x2 k:\AERenderFolder\2020-07-02 Water hoela hoop\ArduinoMQTT\ArduinoOutput/core\core.a(CDC.cpp.o)
                0x000060d4                non-virtual thunk to Serial_::handleEndpoint(int)
 .text._ZThn16_N7Serial_13getDescriptorER8USBSetup
                0x000060d6        0x4 k:\AERenderFolder\2020-07-02 Water hoela hoop\ArduinoMQTT\ArduinoOutput/core\core.a(CDC.cpp.o)
                0x000060d6                non-virtual thunk to Serial_::getDescriptor(USBSetup&)
 *fill*         0x000060da        0x2 
 .text._ZN7Serial_C2ER14USBDeviceClass
                0x000060dc       0x50 k:\AERenderFolder\2020-07-02 Water hoela hoop\ArduinoMQTT\ArduinoOutput/core\core.a(CDC.cpp.o)
                0x000060dc                Serial_::Serial_(USBDeviceClass&)
                0x000060dc                Serial_::Serial_(USBDeviceClass&)
 .text._ZN7Serial_15enableInterruptEv
                0x0000612c       0x30 k:\AERenderFolder\2020-07-02 Water hoela hoop\ArduinoMQTT\ArduinoOutput/core\core.a(CDC.cpp.o)
                0x0000612c                Serial_::enableInterrupt()
 .text._ZN7Serial_5beginEm
                0x0000615c        0x2 k:\AERenderFolder\2020-07-02 Water hoela hoop\ArduinoMQTT\ArduinoOutput/core\core.a(CDC.cpp.o)
                0x0000615c                Serial_::begin(unsigned long)
 *fill*         0x0000615e        0x2 
 .text.startup._GLOBAL__sub_I__ZN7Serial_12getInterfaceEPh
                0x00006160       0x14 k:\AERenderFolder\2020-07-02 Water hoela hoop\ArduinoMQTT\ArduinoOutput/core\core.a(CDC.cpp.o)
 .text._ZN13PluggableUSB_12getInterfaceEPh
                0x00006174       0x28 k:\AERenderFolder\2020-07-02 Water hoela hoop\ArduinoMQTT\ArduinoOutput/core\core.a(PluggableUSB.cpp.o)
                0x00006174                PluggableUSB_::getInterface(unsigned char*)
 .text._ZN13PluggableUSB_13getDescriptorER8USBSetup
                0x0000619c       0x20 k:\AERenderFolder\2020-07-02 Water hoela hoop\ArduinoMQTT\ArduinoOutput/core\core.a(PluggableUSB.cpp.o)
                0x0000619c                PluggableUSB_::getDescriptor(USBSetup&)
 .text._ZN13PluggableUSB_12getShortNameEPc
                0x000061bc       0x26 k:\AERenderFolder\2020-07-02 Water hoela hoop\ArduinoMQTT\ArduinoOutput/core\core.a(PluggableUSB.cpp.o)
                0x000061bc                PluggableUSB_::getShortName(char*)
 .text._ZN13PluggableUSB_5setupER8USBSetup
                0x000061e2       0x20 k:\AERenderFolder\2020-07-02 Water hoela hoop\ArduinoMQTT\ArduinoOutput/core\core.a(PluggableUSB.cpp.o)
                0x000061e2                PluggableUSB_::setup(USBSetup&)
 .text._ZN13PluggableUSB_14handleEndpointEi
                0x00006202       0x1a k:\AERenderFolder\2020-07-02 Water hoela hoop\ArduinoMQTT\ArduinoOutput/core\core.a(PluggableUSB.cpp.o)
                0x00006202                PluggableUSB_::handleEndpoint(int)
 .text._ZN13PluggableUSB_4plugEP18PluggableUSBModule
                0x0000621c       0x58 k:\AERenderFolder\2020-07-02 Water hoela hoop\ArduinoMQTT\ArduinoOutput/core\core.a(PluggableUSB.cpp.o)
                0x0000621c                PluggableUSB_::plug(PluggableUSBModule*)
 .text._Z12PluggableUSBv
                0x00006274       0x24 k:\AERenderFolder\2020-07-02 Water hoela hoop\ArduinoMQTT\ArduinoOutput/core\core.a(PluggableUSB.cpp.o)
                0x00006274                PluggableUSB()
 .text._ZN26DoubleBufferedEPOutHandlerD2Ev
                0x00006298        0x2 k:\AERenderFolder\2020-07-02 Water hoela hoop\ArduinoMQTT\ArduinoOutput/core\core.a(USBCore.cpp.o)
                0x00006298                DoubleBufferedEPOutHandler::~DoubleBufferedEPOutHandler()
                0x00006298                DoubleBufferedEPOutHandler::~DoubleBufferedEPOutHandler()
 .text._ZN26DoubleBufferedEPOutHandlerD0Ev
                0x0000629a        0xc k:\AERenderFolder\2020-07-02 Water hoela hoop\ArduinoMQTT\ArduinoOutput/core\core.a(USBCore.cpp.o)
                0x0000629a                DoubleBufferedEPOutHandler::~DoubleBufferedEPOutHandler()
 *fill*         0x000062a6        0x2 
 .text._ZN14USBDeviceClass6initEPEmm.part.7
                0x000062a8       0xc4 k:\AERenderFolder\2020-07-02 Water hoela hoop\ArduinoMQTT\ArduinoOutput/core\core.a(USBCore.cpp.o)
 .text._ZN7__GuardC2Ev
                0x0000636c        0xe k:\AERenderFolder\2020-07-02 Water hoela hoop\ArduinoMQTT\ArduinoOutput/core\core.a(USBCore.cpp.o)
                0x0000636c                __Guard::__Guard()
                0x0000636c                __Guard::__Guard()
 .text._ZN7__GuardD2Ev
                0x0000637a        0xe k:\AERenderFolder\2020-07-02 Water hoela hoop\ArduinoMQTT\ArduinoOutput/core\core.a(USBCore.cpp.o)
                0x0000637a                __Guard::~__Guard()
                0x0000637a                __Guard::~__Guard()
 .text._ZNK26DoubleBufferedEPOutHandler10_availableEv
                0x00006388       0x70 k:\AERenderFolder\2020-07-02 Water hoela hoop\ArduinoMQTT\ArduinoOutput/core\core.a(USBCore.cpp.o)
                0x00006388                DoubleBufferedEPOutHandler::_available() const
 .text._ZN26DoubleBufferedEPOutHandler7releaseEv
                0x000063f8       0x3c k:\AERenderFolder\2020-07-02 Water hoela hoop\ArduinoMQTT\ArduinoOutput/core\core.a(USBCore.cpp.o)
                0x000063f8                DoubleBufferedEPOutHandler::release()
 .text._ZN26DoubleBufferedEPOutHandler14handleEndpointEv
                0x00006434       0xea k:\AERenderFolder\2020-07-02 Water hoela hoop\ArduinoMQTT\ArduinoOutput/core\core.a(USBCore.cpp.o)
                0x00006434                DoubleBufferedEPOutHandler::handleEndpoint()
 .text._ZN26DoubleBufferedEPOutHandler5_recvEv
                0x0000651e      0x198 k:\AERenderFolder\2020-07-02 Water hoela hoop\ArduinoMQTT\ArduinoOutput/core\core.a(USBCore.cpp.o)
                0x0000651e                DoubleBufferedEPOutHandler::_recv()
 .text._ZN26DoubleBufferedEPOutHandler4peekEv
                0x000066b6       0x22 k:\AERenderFolder\2020-07-02 Water hoela hoop\ArduinoMQTT\ArduinoOutput/core\core.a(USBCore.cpp.o)
                0x000066b6                DoubleBufferedEPOutHandler::peek()
 .text._ZN26DoubleBufferedEPOutHandler9availableEv
                0x000066d8       0x18 k:\AERenderFolder\2020-07-02 Water hoela hoop\ArduinoMQTT\ArduinoOutput/core\core.a(USBCore.cpp.o)
                0x000066d8                DoubleBufferedEPOutHandler::available()
 .text._ZN26DoubleBufferedEPOutHandler4recvEPvm
                0x000066f0       0x72 k:\AERenderFolder\2020-07-02 Water hoela hoop\ArduinoMQTT\ArduinoOutput/core\core.a(USBCore.cpp.o)
                0x000066f0                DoubleBufferedEPOutHandler::recv(void*, unsigned long)
 .text._ZN14USBDeviceClass14SendInterfacesEPm
                0x00006762       0x20 k:\AERenderFolder\2020-07-02 Water hoela hoop\ArduinoMQTT\ArduinoOutput/core\core.a(USBCore.cpp.o)
                0x00006762                USBDeviceClass::SendInterfaces(unsigned long*)
 *fill*         0x00006782        0x2 
 .text._ZN14USBDeviceClass4initEv
                0x00006784      0x15c k:\AERenderFolder\2020-07-02 Water hoela hoop\ArduinoMQTT\ArduinoOutput/core\core.a(USBCore.cpp.o)
                0x00006784                USBDeviceClass::init()
 .text._ZN14USBDeviceClass6attachEv
                0x000068e0       0x34 k:\AERenderFolder\2020-07-02 Water hoela hoop\ArduinoMQTT\ArduinoOutput/core\core.a(USBCore.cpp.o)
                0x000068e0                USBDeviceClass::attach()
 .text._ZN14USBDeviceClass10setAddressEm
                0x00006914       0x48 k:\AERenderFolder\2020-07-02 Water hoela hoop\ArduinoMQTT\ArduinoOutput/core\core.a(USBCore.cpp.o)
                0x00006914                USBDeviceClass::setAddress(unsigned long)
 .text._ZN14USBDeviceClass25handleClassInterfaceSetupER8USBSetup
                0x0000695c       0x24 k:\AERenderFolder\2020-07-02 Water hoela hoop\ArduinoMQTT\ArduinoOutput/core\core.a(USBCore.cpp.o)
                0x0000695c                USBDeviceClass::handleClassInterfaceSetup(USBSetup&)
 .text._ZN14USBDeviceClass6initEPEmm
                0x00006980      0x120 k:\AERenderFolder\2020-07-02 Water hoela hoop\ArduinoMQTT\ArduinoOutput/core\core.a(USBCore.cpp.o)
                0x00006980                USBDeviceClass::initEP(unsigned long, unsigned long)
 .text._ZN14USBDeviceClass13initEndpointsEv
                0x00006aa0       0x24 k:\AERenderFolder\2020-07-02 Water hoela hoop\ArduinoMQTT\ArduinoOutput/core\core.a(USBCore.cpp.o)
                0x00006aa0                USBDeviceClass::initEndpoints()
 .text._ZN14USBDeviceClass5clearEm
                0x00006ac4       0x38 k:\AERenderFolder\2020-07-02 Water hoela hoop\ArduinoMQTT\ArduinoOutput/core\core.a(USBCore.cpp.o)
                0x00006ac4                USBDeviceClass::clear(unsigned long)
 .text._ZN14USBDeviceClass9availableEm
                0x00006afc       0x2c k:\AERenderFolder\2020-07-02 Water hoela hoop\ArduinoMQTT\ArduinoOutput/core\core.a(USBCore.cpp.o)
                0x00006afc                USBDeviceClass::available(unsigned long)
 .text._ZN14USBDeviceClass5flushEm
                0x00006b28       0x2c k:\AERenderFolder\2020-07-02 Water hoela hoop\ArduinoMQTT\ArduinoOutput/core\core.a(USBCore.cpp.o)
                0x00006b28                USBDeviceClass::flush(unsigned long)
 .text._ZN14USBDeviceClass4recvEmPvm
                0x00006b54       0xc0 k:\AERenderFolder\2020-07-02 Water hoela hoop\ArduinoMQTT\ArduinoOutput/core\core.a(USBCore.cpp.o)
                0x00006b54                USBDeviceClass::recv(unsigned long, void*, unsigned long)
 .text._ZN14USBDeviceClass4recvEm
                0x00006c14       0x1c k:\AERenderFolder\2020-07-02 Water hoela hoop\ArduinoMQTT\ArduinoOutput/core\core.a(USBCore.cpp.o)
                0x00006c14                USBDeviceClass::recv(unsigned long)
 .text._ZN14USBDeviceClass14armRecvCtrlOUTEm
                0x00006c30       0x5c k:\AERenderFolder\2020-07-02 Water hoela hoop\ArduinoMQTT\ArduinoOutput/core\core.a(USBCore.cpp.o)
                0x00006c30                USBDeviceClass::armRecvCtrlOUT(unsigned long)
 .text._ZN14USBDeviceClass11recvControlEPvm
                0x00006c8c       0x28 k:\AERenderFolder\2020-07-02 Water hoela hoop\ArduinoMQTT\ArduinoOutput/core\core.a(USBCore.cpp.o)
                0x00006c8c                USBDeviceClass::recvControl(void*, unsigned long)
 .text._ZN14USBDeviceClass4sendEmPKvm
                0x00006cb4      0x10c k:\AERenderFolder\2020-07-02 Water hoela hoop\ArduinoMQTT\ArduinoOutput/core\core.a(USBCore.cpp.o)
                0x00006cb4                USBDeviceClass::send(unsigned long, void const*, unsigned long)
 .text._ZN14USBDeviceClass7armSendEmPKvm
                0x00006dc0       0x48 k:\AERenderFolder\2020-07-02 Water hoela hoop\ArduinoMQTT\ArduinoOutput/core\core.a(USBCore.cpp.o)
                0x00006dc0                USBDeviceClass::armSend(unsigned long, void const*, unsigned long)
 .text._ZN14USBDeviceClass11sendControlEPKvm
                0x00006e08       0x54 k:\AERenderFolder\2020-07-02 Water hoela hoop\ArduinoMQTT\ArduinoOutput/core\core.a(USBCore.cpp.o)
                0x00006e08                USBDeviceClass::sendControl(void const*, unsigned long)
 .text._ZN14USBDeviceClass20sendStringDescriptorEPKhm
                0x00006e5c       0x64 k:\AERenderFolder\2020-07-02 Water hoela hoop\ArduinoMQTT\ArduinoOutput/core\core.a(USBCore.cpp.o)
                0x00006e5c                USBDeviceClass::sendStringDescriptor(unsigned char const*, unsigned long)
 .text._ZN14USBDeviceClass17sendConfigurationEm
                0x00006ec0       0x80 k:\AERenderFolder\2020-07-02 Water hoela hoop\ArduinoMQTT\ArduinoOutput/core\core.a(USBCore.cpp.o)
                0x00006ec0                USBDeviceClass::sendConfiguration(unsigned long)
 .text._ZN14USBDeviceClass14sendDescriptorER8USBSetup
                0x00006f40       0xe0 k:\AERenderFolder\2020-07-02 Water hoela hoop\ArduinoMQTT\ArduinoOutput/core\core.a(USBCore.cpp.o)
                0x00006f40                USBDeviceClass::sendDescriptor(USBSetup&)
 .text._ZN14USBDeviceClass7sendZlpEm
                0x00007020       0x18 k:\AERenderFolder\2020-07-02 Water hoela hoop\ArduinoMQTT\ArduinoOutput/core\core.a(USBCore.cpp.o)
                0x00007020                USBDeviceClass::sendZlp(unsigned long)
 .text._ZN14USBDeviceClass19handleStandardSetupER8USBSetup
                0x00007038       0xf0 k:\AERenderFolder\2020-07-02 Water hoela hoop\ArduinoMQTT\ArduinoOutput/core\core.a(USBCore.cpp.o)
                0x00007038                USBDeviceClass::handleStandardSetup(USBSetup&)
 .text._ZN14USBDeviceClass10ISRHandlerEv
                0x00007128      0x108 k:\AERenderFolder\2020-07-02 Water hoela hoop\ArduinoMQTT\ArduinoOutput/core\core.a(USBCore.cpp.o)
                0x00007128                USBDeviceClass::ISRHandler()
 .text.UDD_Handler
                0x00007230       0x10 k:\AERenderFolder\2020-07-02 Water hoela hoop\ArduinoMQTT\ArduinoOutput/core\core.a(USBCore.cpp.o)
                0x00007230                UDD_Handler
 .text.startup._GLOBAL__sub_I_usbd
                0x00007240       0x10 k:\AERenderFolder\2020-07-02 Water hoela hoop\ArduinoMQTT\ArduinoOutput/core\core.a(USBCore.cpp.o)
 .text._ZN4UartcvbEv
                0x00007250        0x4 k:\AERenderFolder\2020-07-02 Water hoela hoop\ArduinoMQTT\ArduinoOutput/core\core.a(Uart.cpp.o)
                0x00007250                Uart::operator bool()
 .text._ZN4Uart5beginEm
                0x00007254       0x10 k:\AERenderFolder\2020-07-02 Water hoela hoop\ArduinoMQTT\ArduinoOutput/core\core.a(Uart.cpp.o)
                0x00007254                Uart::begin(unsigned long)
 .text._ZN4Uart4peekEv
                0x00007264       0x1a k:\AERenderFolder\2020-07-02 Water hoela hoop\ArduinoMQTT\ArduinoOutput/core\core.a(Uart.cpp.o)
                0x00007264                Uart::peek()
 .text._ZN4Uart3endEv
                0x0000727e       0x20 k:\AERenderFolder\2020-07-02 Water hoela hoop\ArduinoMQTT\ArduinoOutput/core\core.a(Uart.cpp.o)
                0x0000727e                Uart::end()
 .text._ZN4Uart16extractNbStopBitEt
                0x0000729e        0xc k:\AERenderFolder\2020-07-02 Water hoela hoop\ArduinoMQTT\ArduinoOutput/core\core.a(Uart.cpp.o)
                0x0000729e                Uart::extractNbStopBit(unsigned short)
 .text._ZN4Uart15extractCharSizeEt
                0x000072aa       0x28 k:\AERenderFolder\2020-07-02 Water hoela hoop\ArduinoMQTT\ArduinoOutput/core\core.a(Uart.cpp.o)
                0x000072aa                Uart::extractCharSize(unsigned short)
 .text._ZN4Uart13extractParityEt
                0x000072d2       0x14 k:\AERenderFolder\2020-07-02 Water hoela hoop\ArduinoMQTT\ArduinoOutput/core\core.a(Uart.cpp.o)
                0x000072d2                Uart::extractParity(unsigned short)
 *fill*         0x000072e6        0x2 
 .text._ZN4Uart5beginEmt
                0x000072e8       0xf8 k:\AERenderFolder\2020-07-02 Water hoela hoop\ArduinoMQTT\ArduinoOutput/core\core.a(Uart.cpp.o)
                0x000072e8                Uart::begin(unsigned long, unsigned short)
 .text._ZN11RingBufferNILi256EEC2Ev
                0x000073e0       0x1c k:\AERenderFolder\2020-07-02 Water hoela hoop\ArduinoMQTT\ArduinoOutput/core\core.a(Uart.cpp.o)
                0x000073e0                RingBufferN<256>::RingBufferN()
                0x000073e0                RingBufferN<256>::RingBufferN()
 .text._ZN4UartC2EP6SERCOMhh11SercomRXPad15SercomUartTXPadhh
                0x000073fc       0x88 k:\AERenderFolder\2020-07-02 Water hoela hoop\ArduinoMQTT\ArduinoOutput/core\core.a(Uart.cpp.o)
                0x000073fc                Uart::Uart(SERCOM*, unsigned char, unsigned char, SercomRXPad, SercomUartTXPad, unsigned char, unsigned char)
                0x000073fc                Uart::Uart(SERCOM*, unsigned char, unsigned char, SercomRXPad, SercomUartTXPad, unsigned char, unsigned char)
 .text._ZN4UartC2EP6SERCOMhh11SercomRXPad15SercomUartTXPad
                0x00007484       0x74 k:\AERenderFolder\2020-07-02 Water hoela hoop\ArduinoMQTT\ArduinoOutput/core\core.a(Uart.cpp.o)
                0x00007484                Uart::Uart(SERCOM*, unsigned char, unsigned char, SercomRXPad, SercomUartTXPad)
                0x00007484                Uart::Uart(SERCOM*, unsigned char, unsigned char, SercomRXPad, SercomUartTXPad)
 .text._ZN11RingBufferNILi256EE9availableEv
                0x000074f8       0x12 k:\AERenderFolder\2020-07-02 Water hoela hoop\ArduinoMQTT\ArduinoOutput/core\core.a(Uart.cpp.o)
                0x000074f8                RingBufferN<256>::available()
 .text._ZN4Uart5flushEv
                0x0000750a       0x1a k:\AERenderFolder\2020-07-02 Water hoela hoop\ArduinoMQTT\ArduinoOutput/core\core.a(Uart.cpp.o)
                0x0000750a                Uart::flush()
 .text._ZN4Uart9availableEv
                0x00007524        0xa k:\AERenderFolder\2020-07-02 Water hoela hoop\ArduinoMQTT\ArduinoOutput/core\core.a(Uart.cpp.o)
                0x00007524                Uart::available()
 .text._ZN11RingBufferNILi256EE17availableForStoreEv
                0x0000752e       0x20 k:\AERenderFolder\2020-07-02 Water hoela hoop\ArduinoMQTT\ArduinoOutput/core\core.a(Uart.cpp.o)
                0x0000752e                RingBufferN<256>::availableForStore()
 .text._ZN4Uart17availableForWriteEv
                0x0000754e        0xc k:\AERenderFolder\2020-07-02 Water hoela hoop\ArduinoMQTT\ArduinoOutput/core\core.a(Uart.cpp.o)
                0x0000754e                Uart::availableForWrite()
 .text._ZN4Uart10IrqHandlerEv
                0x0000755a       0xcc k:\AERenderFolder\2020-07-02 Water hoela hoop\ArduinoMQTT\ArduinoOutput/core\core.a(Uart.cpp.o)
                0x0000755a                Uart::IrqHandler()
 *fill*         0x00007626        0x2 
 .text._ZN4Uart5writeEh
                0x00007628       0xb4 k:\AERenderFolder\2020-07-02 Water hoela hoop\ArduinoMQTT\ArduinoOutput/core\core.a(Uart.cpp.o)
                0x00007628                Uart::write(unsigned char)
 .text._ZN4Uart4readEv
                0x000076dc       0x4c k:\AERenderFolder\2020-07-02 Water hoela hoop\ArduinoMQTT\ArduinoOutput/core\core.a(Uart.cpp.o)
                0x000076dc                Uart::read()
 .text._Z6randoml
                0x00007728       0x16 k:\AERenderFolder\2020-07-02 Water hoela hoop\ArduinoMQTT\ArduinoOutput/core\core.a(WMath.cpp.o)
                0x00007728                random(long)
 .text._ZN6StringD2Ev
                0x0000773e       0x12 k:\AERenderFolder\2020-07-02 Water hoela hoop\ArduinoMQTT\ArduinoOutput/core\core.a(WString.cpp.o)
                0x0000773e                String::~String()
                0x0000773e                String::~String()
 .text._ZN6String10invalidateEv
                0x00007750       0x18 k:\AERenderFolder\2020-07-02 Water hoela hoop\ArduinoMQTT\ArduinoOutput/core\core.a(WString.cpp.o)
                0x00007750                String::invalidate()
 .text._ZN6String12changeBufferEj
                0x00007768       0x18 k:\AERenderFolder\2020-07-02 Water hoela hoop\ArduinoMQTT\ArduinoOutput/core\core.a(WString.cpp.o)
                0x00007768                String::changeBuffer(unsigned int)