Archive member included to satisfy reference by file (symbol)

C:\Users\jarno\AppData\Local\Temp\VMBuilds\WiFiSimpleReceive\nano_33_iot\Debug/core.a(cortex_handlers.c.o)
                              (Reset_Handler)
C:\Users\jarno\AppData\Local\Temp\VMBuilds\WiFiSimpleReceive\nano_33_iot\Debug/core.a(delay.c.o)
                              Led.cpp.o (millis)
C:\Users\jarno\AppData\Local\Temp\VMBuilds\WiFiSimpleReceive\nano_33_iot\Debug/core.a(hooks.c.o)
                              ArduinoMqttClient\MqttClient.cpp.o (yield)
C:\Users\jarno\AppData\Local\Temp\VMBuilds\WiFiSimpleReceive\nano_33_iot\Debug/core.a(startup.c.o)
                              C:\Users\jarno\AppData\Local\Temp\VMBuilds\WiFiSimpleReceive\nano_33_iot\Debug/core.a(cortex_handlers.c.o) (SystemInit)
C:\Users\jarno\AppData\Local\Temp\VMBuilds\WiFiSimpleReceive\nano_33_iot\Debug/core.a(wiring.c.o)
                              C:\Users\jarno\AppData\Local\Temp\VMBuilds\WiFiSimpleReceive\nano_33_iot\Debug/core.a(startup.c.o) (SystemCoreClock)
C:\Users\jarno\AppData\Local\Temp\VMBuilds\WiFiSimpleReceive\nano_33_iot\Debug/core.a(wiring_analog.c.o)
                              C:\Users\jarno\AppData\Local\Temp\VMBuilds\WiFiSimpleReceive\nano_33_iot\Debug/core.a(wiring.c.o) (analogReference)
C:\Users\jarno\AppData\Local\Temp\VMBuilds\WiFiSimpleReceive\nano_33_iot\Debug/core.a(wiring_digital.c.o)
                              Led.cpp.o (pinMode)
C:\Users\jarno\AppData\Local\Temp\VMBuilds\WiFiSimpleReceive\nano_33_iot\Debug/core.a(wiring_private.c.o)
                              SPI\SPI.cpp.o (pinPeripheral)
C:\Users\jarno\AppData\Local\Temp\VMBuilds\WiFiSimpleReceive\nano_33_iot\Debug/core.a(IPAddress.cpp.o)
                              WiFiNINA\WiFi.cpp.o (IPAddress::IPAddress())
C:\Users\jarno\AppData\Local\Temp\VMBuilds\WiFiSimpleReceive\nano_33_iot\Debug/core.a(main.cpp.o)
                              c:/users/jarno/appdata/local/arduino15/packages/arduino/tools/arm-none-eabi-gcc/7-2017q4/bin/../lib/gcc/arm-none-eabi/7.2.1/../../../../arm-none-eabi/lib/thumb/v6-m/crt0.o (main)
C:\Users\jarno\AppData\Local\Temp\VMBuilds\WiFiSimpleReceive\nano_33_iot\Debug/core.a(new.cpp.o)
                              ArduinoMqttClient\MqttClient.cpp.o (operator delete(void*))
C:\Users\jarno\AppData\Local\Temp\VMBuilds\WiFiSimpleReceive\nano_33_iot\Debug/core.a(Print.cpp.o)
                              Network.cpp.o (Print::print(String const&))
C:\Users\jarno\AppData\Local\Temp\VMBuilds\WiFiSimpleReceive\nano_33_iot\Debug/core.a(Reset.cpp.o)
                              C:\Users\jarno\AppData\Local\Temp\VMBuilds\WiFiSimpleReceive\nano_33_iot\Debug/core.a(delay.c.o) (tickReset)
C:\Users\jarno\AppData\Local\Temp\VMBuilds\WiFiSimpleReceive\nano_33_iot\Debug/core.a(SERCOM.cpp.o)
                              C:\Users\jarno\AppData\Local\Temp\VMBCore\arduino16x\41cd28d1b8434010d20f16da54b06485\variant\variant.cpp.o (SERCOM::SERCOM(Sercom*))
C:\Users\jarno\AppData\Local\Temp\VMBuilds\WiFiSimpleReceive\nano_33_iot\Debug/core.a(Stream.cpp.o)
                              ArduinoMqttClient\MqttClient.cpp.o (Stream::setTimeout(unsigned long))
C:\Users\jarno\AppData\Local\Temp\VMBuilds\WiFiSimpleReceive\nano_33_iot\Debug/core.a(Uart.cpp.o)
                              C:\Users\jarno\AppData\Local\Temp\VMBCore\arduino16x\41cd28d1b8434010d20f16da54b06485\variant\variant.cpp.o (Uart::Uart(SERCOM*, unsigned char, unsigned char, SercomRXPad, SercomUartTXPad, unsigned char, unsigned char))
C:\Users\jarno\AppData\Local\Temp\VMBuilds\WiFiSimpleReceive\nano_33_iot\Debug/core.a(WMath.cpp.o)
                              Led.cpp.o (random(long))
C:\Users\jarno\AppData\Local\Temp\VMBuilds\WiFiSimpleReceive\nano_33_iot\Debug/core.a(WString.cpp.o)
                              Network.cpp.o (String::~String())
C:\Users\jarno\AppData\Local\Temp\VMBuilds\WiFiSimpleReceive\nano_33_iot\Debug/core.a(CDC.cpp.o)
                              VM_DBG\VM_DBG.cpp.o (Serial_::available())
C:\Users\jarno\AppData\Local\Temp\VMBuilds\WiFiSimpleReceive\nano_33_iot\Debug/core.a(PluggableUSB.cpp.o)
                              C:\Users\jarno\AppData\Local\Temp\VMBuilds\WiFiSimpleReceive\nano_33_iot\Debug/core.a(CDC.cpp.o) (PluggableUSB_::plug(PluggableUSBModule*))
C:\Users\jarno\AppData\Local\Temp\VMBuilds\WiFiSimpleReceive\nano_33_iot\Debug/core.a(USBCore.cpp.o)
                              C:\Users\jarno\AppData\Local\Temp\VMBuilds\WiFiSimpleReceive\nano_33_iot\Debug/core.a(CDC.cpp.o) (usbd)
C:\Users\jarno\AppData\Local\Temp\VMBuilds\WiFiSimpleReceive\nano_33_iot\Debug/core.a(itoa.c.o)
                              C:\Users\jarno\AppData\Local\Temp\VMBuilds\WiFiSimpleReceive\nano_33_iot\Debug/core.a(WString.cpp.o) (ltoa)
C:\Users\jarno\AppData\Local\Temp\VMBuilds\WiFiSimpleReceive\nano_33_iot\Debug/core.a(dtostrf.c.o)
                              C:\Users\jarno\AppData\Local\Temp\VMBuilds\WiFiSimpleReceive\nano_33_iot\Debug/core.a(WString.cpp.o) (dtostrf)
[...]
Memory Configuration

Name             Origin             Length             Attributes
FLASH            0x00002000         0x0003e000         xr
RAM              0x20000000         0x00008000         xrw
*default*        0x00000000         0xffffffff

Linker script and memory map

LOAD c:/users/jarno/appdata/local/arduino15/packages/arduino/tools/arm-none-eabi-gcc/7-2017q4/bin/../lib/gcc/arm-none-eabi/7.2.1/thumb/v6-m/crti.o
LOAD c:/users/jarno/appdata/local/arduino15/packages/arduino/tools/arm-none-eabi-gcc/7-2017q4/bin/../lib/gcc/arm-none-eabi/7.2.1/thumb/v6-m/crtbegin.o
LOAD c:/users/jarno/appdata/local/arduino15/packages/arduino/tools/arm-none-eabi-gcc/7-2017q4/bin/../lib/gcc/arm-none-eabi/7.2.1/../../../../arm-none-eabi/lib/thumb/v6-m/crt0.o
LOAD WiFiSimpleReceive.cpp.o
LOAD Led.cpp.o
LOAD Network.cpp.o
LOAD Taken.cpp.o
LOAD Wiskunde.cpp.o
LOAD VM_DBG\VM_DBG.cpp.o
LOAD VM_DBG\VM_mem_check_sam.cpp.o
LOAD ArduinoMqttClient\MqttClient.cpp.o
LOAD Adafruit_NeoPixel\esp8266.c.o
LOAD Adafruit_NeoPixel\Adafruit_NeoPixel.cpp.o
LOAD WiFiNINA\WiFi.cpp.o
LOAD WiFiNINA\WiFiClient.cpp.o
LOAD WiFiNINA\WiFiServer.cpp.o
LOAD WiFiNINA\WiFiSSLClient.cpp.o
LOAD WiFiNINA\WiFiStorage.cpp.o
LOAD WiFiNINA\WiFiUdp.cpp.o
LOAD WiFiNINA\utility\server_drv.cpp.o
LOAD WiFiNINA\utility\spi_drv.cpp.o
LOAD WiFiNINA\utility\WiFiSocketBuffer.cpp.o
LOAD WiFiNINA\utility\wifi_drv.cpp.o
LOAD SPI\SPI.cpp.o
LOAD C:\Users\jarno\AppData\Local\Temp\VMBCore\arduino16x\41cd28d1b8434010d20f16da54b06485\variant\variant.cpp.o
START GROUP
LOAD C:\Users\jarno\AppData\Local\arduino15\packages\arduino\tools\CMSIS\4.5.0/CMSIS/Lib/GCC/\libarm_cortexM0l_math.a
LOAD C:\Users\jarno\AppData\Local\Temp\VMBuilds\WiFiSimpleReceive\nano_33_iot\Debug/core.a
END GROUP
LOAD c:/users/jarno/appdata/local/arduino15/packages/arduino/tools/arm-none-eabi-gcc/7-2017q4/bin/../lib/gcc/arm-none-eabi/7.2.1/../../../../arm-none-eabi/lib/thumb/v6-m\libstdc++_nano.a
LOAD c:/users/jarno/appdata/local/arduino15/packages/arduino/tools/arm-none-eabi-gcc/7-2017q4/bin/../lib/gcc/arm-none-eabi/7.2.1/../../../../arm-none-eabi/lib/thumb/v6-m\libm.a
START GROUP
LOAD c:/users/jarno/appdata/local/arduino15/packages/arduino/tools/arm-none-eabi-gcc/7-2017q4/bin/../lib/gcc/arm-none-eabi/7.2.1/thumb/v6-m\libgcc.a
LOAD c:/users/jarno/appdata/local/arduino15/packages/arduino/tools/arm-none-eabi-gcc/7-2017q4/bin/../lib/gcc/arm-none-eabi/7.2.1/../../../../arm-none-eabi/lib/thumb/v6-m\libc_nano.a
END GROUP
START GROUP
LOAD c:/users/jarno/appdata/local/arduino15/packages/arduino/tools/arm-none-eabi-gcc/7-2017q4/bin/../lib/gcc/arm-none-eabi/7.2.1/thumb/v6-m\libgcc.a
LOAD c:/users/jarno/appdata/local/arduino15/packages/arduino/tools/arm-none-eabi-gcc/7-2017q4/bin/../lib/gcc/arm-none-eabi/7.2.1/../../../../arm-none-eabi/lib/thumb/v6-m\libc_nano.a
LOAD c:/users/jarno/appdata/local/arduino15/packages/arduino/tools/arm-none-eabi-gcc/7-2017q4/bin/../lib/gcc/arm-none-eabi/7.2.1/../../../../arm-none-eabi/lib/thumb/v6-m\libnosys.a
END GROUP
START GROUP
LOAD c:/users/jarno/appdata/local/arduino15/packages/arduino/tools/arm-none-eabi-gcc/7-2017q4/bin/../lib/gcc/arm-none-eabi/7.2.1/thumb/v6-m\libgcc.a
LOAD c:/users/jarno/appdata/local/arduino15/packages/arduino/tools/arm-none-eabi-gcc/7-2017q4/bin/../lib/gcc/arm-none-eabi/7.2.1/../../../../arm-none-eabi/lib/thumb/v6-m\libc_nano.a
LOAD c:/users/jarno/appdata/local/arduino15/packages/arduino/tools/arm-none-eabi-gcc/7-2017q4/bin/../lib/gcc/arm-none-eabi/7.2.1/../../../../arm-none-eabi/lib/thumb/v6-m\libnosys.a
END GROUP
LOAD c:/users/jarno/appdata/local/arduino15/packages/arduino/tools/arm-none-eabi-gcc/7-2017q4/bin/../lib/gcc/arm-none-eabi/7.2.1/thumb/v6-m/crtend.o
LOAD c:/users/jarno/appdata/local/arduino15/packages/arduino/tools/arm-none-eabi-gcc/7-2017q4/bin/../lib/gcc/arm-none-eabi/7.2.1/thumb/v6-m/crtn.o

.text           0x00002000     0xca44
                0x00002000                __text_start__ = .
 *(.sketch_boot)
                0x00002000                . = ALIGN (0x2000)
 *(.isr_vector)
 .isr_vector    0x00002000       0xb4 C:\Users\jarno\AppData\Local\Temp\VMBuilds\WiFiSimpleReceive\nano_33_iot\Debug/core.a(cortex_handlers.c.o)
                0x00002000                exception_table
 *(.text*)
 .text          0x000020b4       0x48 c:/users/jarno/appdata/local/arduino15/packages/arduino/tools/arm-none-eabi-gcc/7-2017q4/bin/../lib/gcc/arm-none-eabi/7.2.1/thumb/v6-m/crtbegin.o
 .text.setup    0x000020fc       0xdc WiFiSimpleReceive.cpp.o
                0x000020fc                setup
 .text.loop     0x000021d8       0x18 WiFiSimpleReceive.cpp.o
                0x000021d8                loop
 .text.startup._GLOBAL__sub_I_led
                0x000021f0       0x34 WiFiSimpleReceive.cpp.o
 .text._ZN3led9set_pixelEihhh.constprop.2
                0x00002224       0x18 Led.cpp.o
 .text._ZN3ledC2Ev
                0x0000223c       0x34 Led.cpp.o
                0x0000223c                led::led()
                0x0000223c                led::led()
 .text._ZN3led7set_allEhhh
                0x00002270       0x2c Led.cpp.o
                0x00002270                led::set_all(unsigned char, unsigned char, unsigned char)
 .text._ZN3led5startEv
                0x0000229c       0xd8 Led.cpp.o
                0x0000229c                led::start()
 .text._ZN3led11set_color_aEhhh
                0x00002374       0x6c Led.cpp.o
                0x00002374                led::set_color_a(unsigned char, unsigned char, unsigned char)
 .text._ZN3led11set_color_bEhhh
                0x000023e0       0x6c Led.cpp.o
                0x000023e0                led::set_color_b(unsigned char, unsigned char, unsigned char)
 .text._ZN3led10set_effectEi
                0x0000244c       0x34 Led.cpp.o
                0x0000244c                led::set_effect(int)
 .text._ZN3led9set_speedEf
                0x00002480        0xc Led.cpp.o
                0x00002480                led::set_speed(float)
 .text._ZN3led12set_strengthEi
                0x0000248c        0xc Led.cpp.o
                0x0000248c                led::set_strength(int)
 .text._ZN3led7do_fullEv
                0x00002498       0x38 Led.cpp.o
                0x00002498                led::do_full()
 .text._ZN3led6strobeEf
                0x000024d0       0x54 Led.cpp.o
                0x000024d0                led::strobe(float)
 .text._ZN3led12snow_sparkleEf
                0x00002524       0x94 Led.cpp.o
                0x00002524                led::snow_sparkle(float)
 .text._ZN3led7sparkleEv
                0x000025b8       0x7c Led.cpp.o
                0x000025b8                led::sparkle()
 .text._ZN3led13fade_to_blackEih
                0x00002634       0x68 Led.cpp.o
                0x00002634                led::fade_to_black(int, unsigned char)
 .text._ZN3led5shaftEf
                0x0000269c       0x80 Led.cpp.o
                0x0000269c                led::shaft(float)
 .text._ZN3led4lerpEhhf
                0x0000271c       0x28 Led.cpp.o
                0x0000271c                led::lerp(unsigned char, unsigned char, float)
 .text._ZN3led7do_fadeEf
                0x00002744       0xd0 Led.cpp.o
                0x00002744                led::do_fade(float)
 .text._ZN3led8fitpixelEi
                0x00002814       0x1a Led.cpp.o
                0x00002814                led::fitpixel(int)
 *fill*         0x0000282e        0x2 
 .text._ZN3led5NoiseEf
                0x00002830      0x158 Led.cpp.o
                0x00002830                led::Noise(float)
 .text._ZN3led4tronEf
                0x00002988      0x1c0 Led.cpp.o
                0x00002988                led::tron(float)
 .text._ZN3led4loopEv
                0x00002b48       0xe4 Led.cpp.o
                0x00002b48                led::loop()
 .text.startup._GLOBAL__sub_I_sn
                0x00002c2c       0x2c Led.cpp.o
 .text._ZN7networkC2Ev
                0x00002c58       0x18 Network.cpp.o
                0x00002c58                network::network()
                0x00002c58                network::network()
 .text._ZN7network19sub_scribe_to_topicE6String
                0x00002c70       0x34 Network.cpp.o
                0x00002c70                network::sub_scribe_to_topic(String)
 .text._ZN7network10send_debugE6String
                0x00002ca4       0x30 Network.cpp.o
                0x00002ca4                network::send_debug(String)
 .text._ZN7network22debug_incoming_messageEi
                0x00002cd4       0xbc Network.cpp.o
                0x00002cd4                network::debug_incoming_message(int)
 .text._ZN7network15connect_to_wifiEv
                0x00002d90       0x64 Network.cpp.o
                0x00002d90                network::connect_to_wifi()
 .text.startup._GLOBAL__sub_I_ssid
                0x00002df4       0x44 Network.cpp.o
 .text._ZN7network10on_messageEi
                0x00002e38       0x90 Network.cpp.o
                0x00002e38                network::on_message(int)
 .text._ZN7network15connect_to_mqttEv
                0x00002ec8       0x9c Network.cpp.o
                0x00002ec8                network::connect_to_mqtt()
 .text._ZN7network5startE5taken
                0x00002f64       0x88 Network.cpp.o
                0x00002f64                network::start(taken)
 .text._ZN7network4loopEv
                0x00002fec       0x8c Network.cpp.o
                0x00002fec                network::loop()
 .text._ZN5takenC2Ev
                0x00003078        0xc Taken.cpp.o
                0x00003078                taken::taken()
                0x00003078                taken::taken()
 .text._ZN5taken5startE3led
                0x00003084        0x2 Taken.cpp.o
                0x00003084                taken::start(led)
 *fill*         0x00003086        0x2 
 .text._ZN5taken10set_effectEPc
                0x00003088       0x34 Taken.cpp.o
                0x00003088                taken::set_effect(char*)
 .text._ZN5taken9set_speedEPc
                0x000030bc       0x70 Taken.cpp.o
                0x000030bc                taken::set_speed(char*)
 .text._ZN5taken12set_strengthEPc
                0x0000312c       0x34 Taken.cpp.o
                0x0000312c                taken::set_strength(char*)
 .text._ZN5taken10show_errorEv
                0x00003160        0x2 Taken.cpp.o
                0x00003160                taken::show_error()
 .text._ZN5taken16hex_color_to_intEcc
                0x00003162       0x26 Taken.cpp.o
                0x00003162                taken::hex_color_to_int(char, char)
 .text._ZN5taken11set_color_aEPc
                0x00003188       0x70 Taken.cpp.o
                0x00003188                taken::set_color_a(char*)
 .text._ZN5taken11set_color_bEPc
                0x000031f8       0x70 Taken.cpp.o
                0x000031f8                taken::set_color_b(char*)
 .text._ZN5taken5parseE6StringPc
                0x00003268       0xac Taken.cpp.o
                0x00003268                taken::parse(String, char*)
 .text._ZN12SimplexNoise9fastFloorEd
                0x00003314       0x22 Wiskunde.cpp.o
                0x00003314                SimplexNoise::fastFloor(double)
 *fill*         0x00003336        0x2 
 .text._ZN12SimplexNoise5noiseEdd
                0x00003338      0x3cc Wiskunde.cpp.o
                0x00003338                SimplexNoise::noise(double, double)
 .text.startup._GLOBAL__sub_I__ZN12SimplexNoise2F2E
                0x00003704       0x60 Wiskunde.cpp.o
 .text._ZN16VisualMicroDebug16DBG_YieldAndWaitEmb
                0x00003764       0x1a VM_DBG\VM_DBG.cpp.o
                0x00003764                VisualMicroDebug::DBG_YieldAndWait(unsigned long, bool)
 .text._ZN16VisualMicroDebug16DBG_YieldAndWaitEm
                0x0000377e        0xa VM_DBG\VM_DBG.cpp.o
                0x0000377e                VisualMicroDebug::DBG_YieldAndWait(unsigned long)
 .text._ZN16VisualMicroDebug14outPacketStartEb
                0x00003788       0x2a VM_DBG\VM_DBG.cpp.o
                0x00003788                VisualMicroDebug::outPacketStart(bool)
 .text._ZN16VisualMicroDebug12outPacketEndEv
                0x000037b2        0x2 VM_DBG\VM_DBG.cpp.o
                0x000037b2                VisualMicroDebug::outPacketEnd()
 .text._ZN16VisualMicroDebug5beginEm
                0x000037b4       0x1c VM_DBG\VM_DBG.cpp.o
                0x000037b4                VisualMicroDebug::begin(unsigned long)
 .text._ZN16VisualMicroDebug4initEm
                0x000037d0       0x12 VM_DBG\VM_DBG.cpp.o
                0x000037d0                VisualMicroDebug::init(unsigned long)
 *fill*         0x000037e2        0x2 
 .text._ZN16VisualMicroDebug16sendContinuedACKEh
                0x000037e4       0x40 VM_DBG\VM_DBG.cpp.o
                0x000037e4                VisualMicroDebug::sendContinuedACK(unsigned char)
 .text.startup._GLOBAL__sub_I__ZN16VisualMicroDebug16DBG_YieldAndWaitEm
                0x00003824       0x14 VM_DBG\VM_DBG.cpp.o
 .text._ZN16VisualMicroDebug9breakWaitEh
                0x00003838       0x68 VM_DBG\VM_DBG.cpp.o
                0x00003838                VisualMicroDebug::breakWait(unsigned char)
 .text._ZN16VisualMicroDebug5startEbb
                0x000038a0       0x28 VM_DBG\VM_DBG.cpp.o
                0x000038a0                VisualMicroDebug::start(bool, bool)
 .text._ZN5Print17availableForWriteEv
                0x000038c8        0x4 ArduinoMqttClient\MqttClient.cpp.o
                0x000038c8                Print::availableForWrite()
 .text._ZN10MqttClient7connectERK9IPAddresst
                0x000038cc        0x2 ArduinoMqttClient\MqttClient.cpp.o
                0x000038cc                MqttClient::connect(IPAddress const&, unsigned short)
 .text._ZN10MqttClient5flushEj
                0x000038ce        0x2 ArduinoMqttClient\MqttClient.cpp.o
                0x000038ce                MqttClient::flush(unsigned int)
 .text._ZN10MqttClient4stopEj
                0x000038d0        0x2 ArduinoMqttClient\MqttClient.cpp.o
                0x000038d0                MqttClient::stop(unsigned int)
 .text._ZN10MqttClient5writeEh
                0x000038d2       0x14 ArduinoMqttClient\MqttClient.cpp.o
                0x000038d2                MqttClient::write(unsigned char)
 .text._ZN10MqttClient9availableEv
                0x000038e6        0xe ArduinoMqttClient\MqttClient.cpp.o
                0x000038e6                MqttClient::available()
 .text._ZN10MqttClient4readEv
                0x000038f4       0x1e ArduinoMqttClient\MqttClient.cpp.o
                0x000038f4                MqttClient::read()
 .text._ZN10MqttClient5flushEv
                0x00003912        0x2 ArduinoMqttClient\MqttClient.cpp.o
                0x00003912                MqttClient::flush()
 .text._ZN10MqttClientcvbEv
                0x00003914        0x4 ArduinoMqttClient\MqttClient.cpp.o
                0x00003914                MqttClient::operator bool()
 .text._ZN10MqttClientD2Ev
                0x00003918       0x60 ArduinoMqttClient\MqttClient.cpp.o
                0x00003918                MqttClient::~MqttClient()
                0x00003918                MqttClient::~MqttClient()
 .text._ZN10MqttClientD0Ev
                0x00003978       0x12 ArduinoMqttClient\MqttClient.cpp.o
                0x00003978                MqttClient::~MqttClient()
 *fill*         0x0000398a        0x2 
 .text._ZN10MqttClientC2ER6Client
                0x0000398c       0x90 ArduinoMqttClient\MqttClient.cpp.o
                0x0000398c                MqttClient::MqttClient(Client&)
                0x0000398c                MqttClient::MqttClient(Client&)
 .text._ZNK10MqttClient12messageTopicEv
                0x00003a1c       0x20 ArduinoMqttClient\MqttClient.cpp.o
                0x00003a1c                MqttClient::messageTopic() const
 .text._ZNK10MqttClient10messageDupEv
                0x00003a3c       0x12 ArduinoMqttClient\MqttClient.cpp.o
                0x00003a3c                MqttClient::messageDup() const
 .text._ZNK10MqttClient10messageQoSEv
                0x00003a4e       0x12 ArduinoMqttClient\MqttClient.cpp.o
                0x00003a4e                MqttClient::messageQoS() const
 .text._ZNK10MqttClient13messageRetainEv
                0x00003a60       0x12 ArduinoMqttClient\MqttClient.cpp.o
                0x00003a60                MqttClient::messageRetain() const
 .text._ZNK10MqttClient12connectErrorEv
                0x00003a72        0x4 ArduinoMqttClient\MqttClient.cpp.o
                0x00003a72                MqttClient::connectError() const
 .text._ZN10MqttClient9writeDataEPKvj
                0x00003a76       0x20 ArduinoMqttClient\MqttClient.cpp.o
                0x00003a76                MqttClient::writeData(void const*, unsigned int)
 .text._ZN10MqttClient6write8Eh
                0x00003a96       0x12 ArduinoMqttClient\MqttClient.cpp.o
                0x00003a96                MqttClient::write8(unsigned char)
 .text._ZN10MqttClient11beginPacketEhhjPh
                0x00003aa8       0x44 ArduinoMqttClient\MqttClient.cpp.o
                0x00003aa8                MqttClient::beginPacket(unsigned char, unsigned char, unsigned int, unsigned char*)
 .text._ZN10MqttClient7write16Et
                0x00003aec       0x14 ArduinoMqttClient\MqttClient.cpp.o
                0x00003aec                MqttClient::write16(unsigned short)
 .text._ZN10MqttClient11writeStringEPKct
                0x00003b00       0x1e ArduinoMqttClient\MqttClient.cpp.o
                0x00003b00                MqttClient::writeString(char const*, unsigned short)
 .text._ZN10MqttClient10clientReadEv
                0x00003b1e        0xc ArduinoMqttClient\MqttClient.cpp.o
                0x00003b1e                MqttClient::clientRead()
 .text._ZN10MqttClient15clientConnectedEv
                0x00003b2a        0xc ArduinoMqttClient\MqttClient.cpp.o
                0x00003b2a                MqttClient::clientConnected()
 .text._ZN10MqttClient9connectedEv
                0x00003b36       0x16 ArduinoMqttClient\MqttClient.cpp.o
                0x00003b36                MqttClient::connected()
 .text._ZN10MqttClient15clientAvailableEv
                0x00003b4c        0xc ArduinoMqttClient\MqttClient.cpp.o
                0x00003b4c                MqttClient::clientAvailable()
 .text._ZN10MqttClient15clientTimedReadEv
                0x00003b58       0x40 ArduinoMqttClient\MqttClient.cpp.o
                0x00003b58                MqttClient::clientTimedRead()
 .text._ZN10MqttClient10clientPeekEv
                0x00003b98        0xc ArduinoMqttClient\MqttClient.cpp.o
                0x00003b98                MqttClient::clientPeek()
 .text._ZN10MqttClient4peekEv
                0x00003ba4       0x14 ArduinoMqttClient\MqttClient.cpp.o
                0x00003ba4                MqttClient::peek()
 .text._ZN10MqttClient11clientWriteEPKhj
                0x00003bb8        0xc ArduinoMqttClient\MqttClient.cpp.o
                0x00003bb8                MqttClient::clientWrite(unsigned char const*, unsigned int)
 .text._ZN10MqttClient5writeEPKhj
                0x00003bc4       0x6a ArduinoMqttClient\MqttClient.cpp.o
                0x00003bc4                MqttClient::write(unsigned char const*, unsigned int)
 .text._ZN10MqttClient9endPacketEv
                0x00003c2e       0x20 ArduinoMqttClient\MqttClient.cpp.o
                0x00003c2e                MqttClient::endPacket()
 .text._ZN10MqttClient13publishHeaderEj
                0x00003c4e       0xb0 ArduinoMqttClient\MqttClient.cpp.o
                0x00003c4e                MqttClient::publishHeader(unsigned int)
 .text._ZN10MqttClient12beginMessageEPKcmbhb
                0x00003cfe       0x58 ArduinoMqttClient\MqttClient.cpp.o
                0x00003cfe                MqttClient::beginMessage(char const*, unsigned long, bool, unsigned char, bool)
 .text._ZN10MqttClient6pubackEt
                0x00003d56       0x28 ArduinoMqttClient\MqttClient.cpp.o
                0x00003d56                MqttClient::puback(unsigned short)
 .text._ZN10MqttClient6pubrecEt
                0x00003d7e       0x28 ArduinoMqttClient\MqttClient.cpp.o
                0x00003d7e                MqttClient::pubrec(unsigned short)
 .text._ZN10MqttClient12ackRxMessageEv
                0x00003da6       0x28 ArduinoMqttClient\MqttClient.cpp.o
                0x00003da6                MqttClient::ackRxMessage()
 .text._ZN10MqttClient4readEPhj
                0x00003dce       0x4e ArduinoMqttClient\MqttClient.cpp.o
                0x00003dce                MqttClient::read(unsigned char*, unsigned int)
 .text._ZN10MqttClient6pubrelEt
                0x00003e1c       0x28 ArduinoMqttClient\MqttClient.cpp.o
                0x00003e1c                MqttClient::pubrel(unsigned short)
 .text._ZN10MqttClient7pubcompEt
                0x00003e44       0x28 ArduinoMqttClient\MqttClient.cpp.o
                0x00003e44                MqttClient::pubcomp(unsigned short)
 .text._ZN10MqttClient4pingEv
                0x00003e6c       0x1a ArduinoMqttClient\MqttClient.cpp.o
                0x00003e6c                MqttClient::ping()
 *fill*         0x00003e86        0x2 
 .text._ZN10MqttClient4pollEv
                0x00003e88      0x334 ArduinoMqttClient\MqttClient.cpp.o
                0x00003e88                MqttClient::poll()
 .text._ZN10MqttClient12parseMessageEv
                0x000041bc       0x20 ArduinoMqttClient\MqttClient.cpp.o
                0x000041bc                MqttClient::parseMessage()
 .text._ZN10MqttClient9subscribeEPKch
                0x000041dc       0xca ArduinoMqttClient\MqttClient.cpp.o
                0x000041dc                MqttClient::subscribe(char const*, unsigned char)
 .text._ZN10MqttClient9subscribeERK6Stringh
                0x000042a6        0xa ArduinoMqttClient\MqttClient.cpp.o
                0x000042a6                MqttClient::subscribe(String const&, unsigned char)
 .text._ZN10MqttClient7connectE9IPAddressPKct
                0x000042b0      0x200 ArduinoMqttClient\MqttClient.cpp.o
                0x000042b0                MqttClient::connect(IPAddress, char const*, unsigned short)
 .text._ZN10MqttClient7connectE9IPAddresst
                0x000044b0       0x20 ArduinoMqttClient\MqttClient.cpp.o
                0x000044b0                MqttClient::connect(IPAddress, unsigned short)
 .text._ZN10MqttClient7connectEPKct
                0x000044d0       0x1e ArduinoMqttClient\MqttClient.cpp.o
                0x000044d0                MqttClient::connect(char const*, unsigned short)
 .text._ZN10MqttClient10disconnectEv
                0x000044ee       0x1a ArduinoMqttClient\MqttClient.cpp.o
                0x000044ee                MqttClient::disconnect()
 .text._ZN10MqttClient4stopEv
                0x00004508       0x26 ArduinoMqttClient\MqttClient.cpp.o
                0x00004508                MqttClient::stop()
 .text._ZN10MqttClient10endMessageEv
                0x0000452e       0xc2 ArduinoMqttClient\MqttClient.cpp.o
                0x0000452e                MqttClient::endMessage()
 .text.startup._GLOBAL__sub_I__ZN10MqttClientC2ER6Client
                0x000045f0       0x18 ArduinoMqttClient\MqttClient.cpp.o
 .text._ZN17Adafruit_NeoPixelD2Ev
                0x00004608       0x1c Adafruit_NeoPixel\Adafruit_NeoPixel.cpp.o
                0x00004608                Adafruit_NeoPixel::~Adafruit_NeoPixel()
                0x00004608                Adafruit_NeoPixel::~Adafruit_NeoPixel()
 .text._ZN17Adafruit_NeoPixel5beginEv
                0x00004624       0x22 Adafruit_NeoPixel\Adafruit_NeoPixel.cpp.o
                0x00004624                Adafruit_NeoPixel::begin()
 .text._ZN17Adafruit_NeoPixel12updateLengthEt
                0x00004646       0x3c Adafruit_NeoPixel\Adafruit_NeoPixel.cpp.o
                0x00004646                Adafruit_NeoPixel::updateLength(unsigned short)
 .text._ZN17Adafruit_NeoPixel10updateTypeEt
                0x00004682       0x46 Adafruit_NeoPixel\Adafruit_NeoPixel.cpp.o
                0x00004682                Adafruit_NeoPixel::updateType(unsigned short)
 .text._ZN17Adafruit_NeoPixel4showEv
                0x000046c8      0x204 Adafruit_NeoPixel\Adafruit_NeoPixel.cpp.o
                0x000046c8                Adafruit_NeoPixel::show()
 .text._ZN17Adafruit_NeoPixel6setPinEt
                0x000048cc       0x34 Adafruit_NeoPixel\Adafruit_NeoPixel.cpp.o
                0x000048cc                Adafruit_NeoPixel::setPin(unsigned short)
 .text._ZN17Adafruit_NeoPixelC2Ettt
                0x00004900       0x2c Adafruit_NeoPixel\Adafruit_NeoPixel.cpp.o
                0x00004900                Adafruit_NeoPixel::Adafruit_NeoPixel(unsigned short, unsigned short, unsigned short)
                0x00004900                Adafruit_NeoPixel::Adafruit_NeoPixel(unsigned short, unsigned short, unsigned short)
 .text._ZN17Adafruit_NeoPixel13setPixelColorEthhh
                0x0000492c       0x46 Adafruit_NeoPixel\Adafruit_NeoPixel.cpp.o
                0x0000492c                Adafruit_NeoPixel::setPixelColor(unsigned short, unsigned char, unsigned char, unsigned char)
 .text._ZN17Adafruit_NeoPixel13setPixelColorEtm
                0x00004972       0x6e Adafruit_NeoPixel\Adafruit_NeoPixel.cpp.o
                0x00004972                Adafruit_NeoPixel::setPixelColor(unsigned short, unsigned long)
 .text._ZNK17Adafruit_NeoPixel13getPixelColorEt
                0x000049e0       0xa4 Adafruit_NeoPixel\Adafruit_NeoPixel.cpp.o
                0x000049e0                Adafruit_NeoPixel::getPixelColor(unsigned short) const
 .text._ZN9WiFiClass5beginEPKcS1_
                0x00004a84       0x50 WiFiNINA\WiFi.cpp.o
                0x00004a84                WiFiClass::begin(char const*, char const*)
 .text._ZN9WiFiClass6statusEv
                0x00004ad4        0x8 WiFiNINA\WiFi.cpp.o
                0x00004ad4                WiFiClass::status()
 .text._ZN9WiFiClass10hostByNameEPKcR9IPAddress
                0x00004adc        0xc WiFiNINA\WiFi.cpp.o
                0x00004adc                WiFiClass::hostByName(char const*, IPAddress&)
 .text.startup._GLOBAL__sub_I__ZN9WiFiClassC2Ev
                0x00004ae8       0x24 WiFiNINA\WiFi.cpp.o
 .text._ZN10WiFiClient5writeEh
                0x00004b0c       0x14 WiFiNINA\WiFiClient.cpp.o
                0x00004b0c                WiFiClient::write(unsigned char)
 .text._ZN10WiFiClient5flushEv
                0x00004b20        0x2 WiFiNINA\WiFiClient.cpp.o
                0x00004b20                WiFiClient::flush()
 .text._ZN10WiFiClientcvbEv
                0x00004b22        0xc WiFiNINA\WiFiClient.cpp.o
                0x00004b22                WiFiClient::operator bool()
 *fill*         0x00004b2e        0x2 
 .text._ZN10WiFiClient7connectEPKct
                0x00004b30       0x40 WiFiNINA\WiFiClient.cpp.o
                0x00004b30                WiFiClient::connect(char const*, unsigned short)
 .text._ZN10WiFiClient7connectE9IPAddresst
                0x00004b70       0x78 WiFiNINA\WiFiClient.cpp.o
                0x00004b70                WiFiClient::connect(IPAddress, unsigned short)
 .text._ZN10WiFiClient10connectSSLE9IPAddresst
                0x00004be8       0x78 WiFiNINA\WiFiClient.cpp.o
                0x00004be8                WiFiClient::connectSSL(IPAddress, unsigned short)
 .text._ZN10WiFiClient10connectSSLEPKct
                0x00004c60       0x84 WiFiNINA\WiFiClient.cpp.o
                0x00004c60                WiFiClient::connectSSL(char const*, unsigned short)
 .text._ZN10WiFiClient5writeEPKhj
                0x00004ce4       0x2e WiFiNINA\WiFiClient.cpp.o
                0x00004ce4                WiFiClient::write(unsigned char const*, unsigned int)
 *fill*         0x00004d12        0x2 
 .text._ZN10WiFiClient9availableEv
                0x00004d14       0x18 WiFiNINA\WiFiClient.cpp.o
                0x00004d14                WiFiClient::available()
 .text._ZN10WiFiClient4readEv
                0x00004d2c       0x2c WiFiNINA\WiFiClient.cpp.o
                0x00004d2c                WiFiClient::read()
 .text._ZN10WiFiClient4readEPhj
                0x00004d58       0x18 WiFiNINA\WiFiClient.cpp.o
                0x00004d58                WiFiClient::read(unsigned char*, unsigned int)
 .text._ZN10WiFiClient4peekEv
                0x00004d70       0x10 WiFiNINA\WiFiClient.cpp.o
                0x00004d70                WiFiClient::peek()
 .text._ZN10WiFiClient10remotePortEv
                0x00004d80       0x22 WiFiNINA\WiFiClient.cpp.o
                0x00004d80                WiFiClient::remotePort()
 .text._ZN10WiFiClient8remoteIPEv
                0x00004da2       0x20 WiFiNINA\WiFiClient.cpp.o
                0x00004da2                WiFiClient::remoteIP()
 *fill*         0x00004dc2        0x2 
 .text._ZN10WiFiClientC2Ev
                0x00004dc4       0x1c WiFiNINA\WiFiClient.cpp.o
                0x00004dc4                WiFiClient::WiFiClient()
                0x00004dc4                WiFiClient::WiFiClient()
 .text._ZN10WiFiClient6statusEv
                0x00004de0       0x12 WiFiNINA\WiFiClient.cpp.o
                0x00004de0                WiFiClient::status()
 *fill*         0x00004df2        0x2 
 .text._ZN10WiFiClient4stopEv
                0x00004df4       0x3c WiFiNINA\WiFiClient.cpp.o
                0x00004df4                WiFiClient::stop()
 .text._ZN10WiFiClient9connectedEv
                0x00004e30       0x44 WiFiNINA\WiFiClient.cpp.o
                0x00004e30                WiFiClient::connected()
 .text.startup._GLOBAL__sub_I__ZN10WiFiClient8_srcportE
                0x00004e74       0x18 WiFiNINA\WiFiClient.cpp.o
 .text.startup._GLOBAL__sub_I__ZN10WiFiServerC2Et
                0x00004e8c       0x18 WiFiNINA\WiFiServer.cpp.o
 .text.startup._GLOBAL__sub_I__ZN13WiFiSSLClientC2Ev
                0x00004ea4       0x18 WiFiNINA\WiFiSSLClient.cpp.o
 .text.startup._GLOBAL__sub_I__ZN16WiFiStorageClass4openEPKc
                0x00004ebc       0x18 WiFiNINA\WiFiStorage.cpp.o
 .text.startup._GLOBAL__sub_I__ZN7WiFiUDPC2Ev
                0x00004ed4       0x18 WiFiNINA\WiFiUdp.cpp.o
 .text._ZN9ServerDrv11startClientEmthh
                0x00004eec       0x80 WiFiNINA\utility\server_drv.cpp.o
                0x00004eec                ServerDrv::startClient(unsigned long, unsigned short, unsigned char, unsigned char)
 .text._ZN9ServerDrv11startClientEPKchmthh
                0x00004f6c       0x94 WiFiNINA\utility\server_drv.cpp.o
                0x00004f6c                ServerDrv::startClient(char const*, unsigned char, unsigned long, unsigned short, unsigned char, unsigned char)
 .text._ZN9ServerDrv10stopClientEh
                0x00005000       0x64 WiFiNINA\utility\server_drv.cpp.o
                0x00005000                ServerDrv::stopClient(unsigned char)
 .text._ZN9ServerDrv14getClientStateEh
                0x00005064       0x68 WiFiNINA\utility\server_drv.cpp.o
                0x00005064                ServerDrv::getClientState(unsigned char)
 .text._ZN9ServerDrv10getDataBufEhPhPt
                0x000050cc       0x74 WiFiNINA\utility\server_drv.cpp.o
                0x000050cc                ServerDrv::getDataBuf(unsigned char, unsigned char*, unsigned short*)
 .text._ZN9ServerDrv8sendDataEhPKht
                0x00005140       0x80 WiFiNINA\utility\server_drv.cpp.o
                0x00005140                ServerDrv::sendData(unsigned char, unsigned char const*, unsigned short)
 .text._ZN9ServerDrv13checkDataSentEh
                0x000051c0       0x94 WiFiNINA\utility\server_drv.cpp.o
                0x000051c0                ServerDrv::checkDataSent(unsigned char)
 .text._ZN9ServerDrv9getSocketEv
                0x00005254       0x50 WiFiNINA\utility\server_drv.cpp.o
                0x00005254                ServerDrv::getSocket()
 .text._ZN6SpiDrv5beginEv
                0x000052a4       0xb0 WiFiNINA\utility\spi_drv.cpp.o
                0x000052a4                SpiDrv::begin()
 .text._ZN6SpiDrv14spiSlaveSelectEv
                0x00005354       0x4c WiFiNINA\utility\spi_drv.cpp.o
                0x00005354                SpiDrv::spiSlaveSelect()
 .text._ZN6SpiDrv16spiSlaveDeselectEv
                0x000053a0       0x1c WiFiNINA\utility\spi_drv.cpp.o
                0x000053a0                SpiDrv::spiSlaveDeselect()
 .text._ZN6SpiDrv11spiTransferEc
                0x000053bc       0x18 WiFiNINA\utility\spi_drv.cpp.o
                0x000053bc                SpiDrv::spiTransfer(char)
 .text._ZN6SpiDrv17waitForSlaveReadyEv
                0x000053d4       0x14 WiFiNINA\utility\spi_drv.cpp.o
                0x000053d4                SpiDrv::waitForSlaveReady()
 .text._ZN6SpiDrv8getParamEPh
                0x000053e8        0xe WiFiNINA\utility\spi_drv.cpp.o
                0x000053e8                SpiDrv::getParam(unsigned char*)
 .text._ZN6SpiDrv16readAndCheckCharEcPc
                0x000053f6       0x16 WiFiNINA\utility\spi_drv.cpp.o
                0x000053f6                SpiDrv::readAndCheckChar(char, char*)
 .text._ZN6SpiDrv8readCharEv
                0x0000540c       0x14 WiFiNINA\utility\spi_drv.cpp.o
                0x0000540c                SpiDrv::readChar()
 .text._ZN6SpiDrv11waitSpiCharEh
                0x00005420       0x2c WiFiNINA\utility\spi_drv.cpp.o
                0x00005420                SpiDrv::waitSpiChar(unsigned char)
 .text._ZN6SpiDrv18waitResponseParamsEhhP6tParam
                0x0000544c       0x94 WiFiNINA\utility\spi_drv.cpp.o
                0x0000544c                SpiDrv::waitResponseParams(unsigned char, unsigned char, tParam*)
 .text._ZN6SpiDrv9sendParamEPhhh
                0x000054e0       0x2c WiFiNINA\utility\spi_drv.cpp.o
                0x000054e0                SpiDrv::sendParam(unsigned char*, unsigned char, unsigned char)
 .text._ZN6SpiDrv14sendParamLen16Et
                0x0000550c       0x12 WiFiNINA\utility\spi_drv.cpp.o
                0x0000550c                SpiDrv::sendParamLen16(unsigned short)
 .text._ZN6SpiDrv13readParamLen8EPh
                0x0000551e       0x12 WiFiNINA\utility\spi_drv.cpp.o
                0x0000551e                SpiDrv::readParamLen8(unsigned char*)
 .text._ZN6SpiDrv15waitResponseCmdEhhPhS0_
                0x00005530       0x68 WiFiNINA\utility\spi_drv.cpp.o
                0x00005530                SpiDrv::waitResponseCmd(unsigned char, unsigned char, unsigned char*, unsigned char*)
 .text._ZN6SpiDrv17waitResponseData8EhPhS0_
                0x00005598       0x5e WiFiNINA\utility\spi_drv.cpp.o
                0x00005598                SpiDrv::waitResponseData8(unsigned char, unsigned char*, unsigned char*)
 .text._ZN6SpiDrv14readParamLen16EPt
                0x000055f6       0x20 WiFiNINA\utility\spi_drv.cpp.o
                0x000055f6                SpiDrv::readParamLen16(unsigned short*)
 .text._ZN6SpiDrv18waitResponseData16EhPhPt
                0x00005616       0x64 WiFiNINA\utility\spi_drv.cpp.o
                0x00005616                SpiDrv::waitResponseData16(unsigned char, unsigned char*, unsigned short*)
 .text._ZN6SpiDrv10sendBufferEPhth
                0x0000567a       0x2a WiFiNINA\utility\spi_drv.cpp.o
                0x0000567a                SpiDrv::sendBuffer(unsigned char*, unsigned short, unsigned char)
 .text._ZN6SpiDrv9sendParamEth
                0x000056a4       0x24 WiFiNINA\utility\spi_drv.cpp.o
                0x000056a4                SpiDrv::sendParam(unsigned short, unsigned char)
 .text._ZN6SpiDrv7sendCmdEhh
                0x000056c8       0x26 WiFiNINA\utility\spi_drv.cpp.o
                0x000056c8                SpiDrv::sendCmd(unsigned char, unsigned char)
 .text._ZN6SpiDrv9availableEv
                0x000056ee        0xe WiFiNINA\utility\spi_drv.cpp.o
                0x000056ee                SpiDrv::available()
 .text._ZN21WiFiSocketBufferClassC2Ev
                0x000056fc       0x10 WiFiNINA\utility\WiFiSocketBuffer.cpp.o
                0x000056fc                WiFiSocketBufferClass::WiFiSocketBufferClass()
                0x000056fc                WiFiSocketBufferClass::WiFiSocketBufferClass()
 .text._ZN21WiFiSocketBufferClass5closeEi
                0x0000570c       0x1c WiFiNINA\utility\WiFiSocketBuffer.cpp.o
                0x0000570c                WiFiSocketBufferClass::close(int)
 .text._ZN21WiFiSocketBufferClassD2Ev
                0x00005728       0x18 WiFiNINA\utility\WiFiSocketBuffer.cpp.o
                0x00005728                WiFiSocketBufferClass::~WiFiSocketBufferClass()
                0x00005728                WiFiSocketBufferClass::~WiFiSocketBufferClass()
 .text._ZN21WiFiSocketBufferClass9availableEi
                0x00005740       0x58 WiFiNINA\utility\WiFiSocketBuffer.cpp.o
                0x00005740                WiFiSocketBufferClass::available(int)
 .text._ZN21WiFiSocketBufferClass4peekEi
                0x00005798       0x20 WiFiNINA\utility\WiFiSocketBuffer.cpp.o
                0x00005798                WiFiSocketBufferClass::peek(int)
 .text._ZN21WiFiSocketBufferClass4readEiPhj
                0x000057b8       0x38 WiFiNINA\utility\WiFiSocketBuffer.cpp.o
                0x000057b8                WiFiSocketBufferClass::read(int, unsigned char*, unsigned int)
 .text.startup._GLOBAL__sub_I__ZN21WiFiSocketBufferClassC2Ev
                0x000057f0       0x24 WiFiNINA\utility\WiFiSocketBuffer.cpp.o
 .text._ZN7WiFiDrv13getRemoteDataEhPhS0_
                0x00005814       0x84 WiFiNINA\utility\wifi_drv.cpp.o
                0x00005814                WiFiDrv::getRemoteData(unsigned char, unsigned char*, unsigned char*)
 .text._ZN7WiFiDrv17wifiSetPassphraseEPKchS1_h
                0x00005898       0x84 WiFiNINA\utility\wifi_drv.cpp.o
                0x00005898                WiFiDrv::wifiSetPassphrase(char const*, unsigned char, char const*, unsigned char)
 .text._ZN7WiFiDrv19getConnectionStatusEv
                0x0000591c       0x50 WiFiNINA\utility\wifi_drv.cpp.o
                0x0000591c                WiFiDrv::getConnectionStatus()
 .text._ZN7WiFiDrv13reqHostByNameEPKc
                0x0000596c       0x84 WiFiNINA\utility\wifi_drv.cpp.o
                0x0000596c                WiFiDrv::reqHostByName(char const*)
 .text._ZN7WiFiDrv13getHostByNameER9IPAddress
                0x000059f0       0x74 WiFiNINA\utility\wifi_drv.cpp.o
                0x000059f0                WiFiDrv::getHostByName(IPAddress&)
 .text._ZN7WiFiDrv13getHostByNameEPKcR9IPAddress
                0x00005a64       0x18 WiFiNINA\utility\wifi_drv.cpp.o
                0x00005a64                WiFiDrv::getHostByName(char const*, IPAddress&)
 .text.startup._GLOBAL__sub_I__ZN7WiFiDrv12_networkSsidE
                0x00005a7c       0x18 WiFiNINA\utility\wifi_drv.cpp.o
 .text._ZN8SPIClass4initEv
                0x00005a94       0x12 SPI\SPI.cpp.o
                0x00005a94                SPIClass::init()
 .text._ZN8SPIClass6configE11SPISettings
                0x00005aa6       0x4e SPI\SPI.cpp.o
                0x00005aa6                SPIClass::config(SPISettings)
 .text._ZN8SPIClass5beginEv
                0x00005af4       0x50 SPI\SPI.cpp.o
                0x00005af4                SPIClass::begin()
 .text._ZN8SPIClass16beginTransactionE11SPISettings
                0x00005b44       0x38 SPI\SPI.cpp.o
                0x00005b44                SPIClass::beginTransaction(SPISettings)
 .text._ZN8SPIClass14endTransactionEv
                0x00005b7c       0x28 SPI\SPI.cpp.o
                0x00005b7c                SPIClass::endTransaction()
 .text._ZN8SPIClass8transferEh
                0x00005ba4        0xa SPI\SPI.cpp.o
                0x00005ba4                SPIClass::transfer(unsigned char)
 *fill*         0x00005bae        0x2 
 .text.startup._GLOBAL__sub_I__ZN8SPIClassC2EP6SERCOMhhh14SercomSpiTXPad11SercomRXPad
                0x00005bb0       0x68 SPI\SPI.cpp.o
 .text.PINCOUNT_fn
                0x00005c18        0x4 C:\Users\jarno\AppData\Local\Temp\VMBCore\arduino16x\41cd28d1b8434010d20f16da54b06485\variant\variant.cpp.o
                0x00005c18                PINCOUNT_fn
 .text._Z11initVariantv
                0x00005c1c       0x24 C:\Users\jarno\AppData\Local\Temp\VMBCore\arduino16x\41cd28d1b8434010d20f16da54b06485\variant\variant.cpp.o
                0x00005c1c                initVariant()
 .text.SERCOM5_Handler
                0x00005c40       0x10 C:\Users\jarno\AppData\Local\Temp\VMBCore\arduino16x\41cd28d1b8434010d20f16da54b06485\variant\variant.cpp.o
                0x00005c40                SERCOM5_Handler
 .text.SERCOM3_Handler
                0x00005c50       0x10 C:\Users\jarno\AppData\Local\Temp\VMBCore\arduino16x\41cd28d1b8434010d20f16da54b06485\variant\variant.cpp.o
                0x00005c50                SERCOM3_Handler
 .text.SERCOM2_Handler
                0x00005c60       0x10 C:\Users\jarno\AppData\Local\Temp\VMBCore\arduino16x\41cd28d1b8434010d20f16da54b06485\variant\variant.cpp.o
                0x00005c60                SERCOM2_Handler
 .text.startup._GLOBAL__sub_I_g_APinDescription
                0x00005c70       0xbc C:\Users\jarno\AppData\Local\Temp\VMBCore\arduino16x\41cd28d1b8434010d20f16da54b06485\variant\variant.cpp.o
 .text.Dummy_Handler
                0x00005d2c        0x2 C:\Users\jarno\AppData\Local\Temp\VMBuilds\WiFiSimpleReceive\nano_33_iot\Debug/core.a(cortex_handlers.c.o)
                0x00005d2c                DMAC_Handler
                0x00005d2c                HardFault_Handler
                0x00005d2c                AC_Handler
                0x00005d2c                PendSV_Handler
                0x00005d2c                NMI_Handler
                0x00005d2c                TC7_Handler
                0x00005d2c                SERCOM1_Handler
                0x00005d2c                ADC_Handler
                0x00005d2c                TCC1_Handler
                0x00005d2c                TCC0_Handler
                0x00005d2c                RTC_Handler
                0x00005d2c                EIC_Handler
                0x00005d2c                TC6_Handler
                0x00005d2c                WDT_Handler
                0x00005d2c                TC4_Handler
                0x00005d2c                TC3_Handler
                0x00005d2c                Dummy_Handler
                0x00005d2c                PM_Handler
                0x00005d2c                SVC_Handler
                0x00005d2c                TCC2_Handler
                0x00005d2c                EVSYS_Handler
                0x00005d2c                SERCOM4_Handler
                0x00005d2c                I2S_Handler
                0x00005d2c                NVMCTRL_Handler
                0x00005d2c                SERCOM0_Handler
                0x00005d2c                DAC_Handler
                0x00005d2c                PTC_Handler
                0x00005d2c                SYSCTRL_Handler
 *fill*         0x00005d2e        0x2 
 .text.USB_Handler
                0x00005d30       0x14 C:\Users\jarno\AppData\Local\Temp\VMBuilds\WiFiSimpleReceive\nano_33_iot\Debug/core.a(cortex_handlers.c.o)
                0x00005d30                USB_Handler
 .text.Reset_Handler
                0x00005d44       0x54 C:\Users\jarno\AppData\Local\Temp\VMBuilds\WiFiSimpleReceive\nano_33_iot\Debug/core.a(cortex_handlers.c.o)
                0x00005d44                Reset_Handler
 .text.SysTick_Handler
                0x00005d98       0x10 C:\Users\jarno\AppData\Local\Temp\VMBuilds\WiFiSimpleReceive\nano_33_iot\Debug/core.a(cortex_handlers.c.o)
                0x00005d98                SysTick_Handler
 .text.USB_SetHandler
                0x00005da8        0xc C:\Users\jarno\AppData\Local\Temp\VMBuilds\WiFiSimpleReceive\nano_33_iot\Debug/core.a(cortex_handlers.c.o)
                0x00005da8                USB_SetHandler
 .text.millis   0x00005db4        0xc C:\Users\jarno\AppData\Local\Temp\VMBuilds\WiFiSimpleReceive\nano_33_iot\Debug/core.a(delay.c.o)
                0x00005db4                millis
 .text.micros   0x00005dc0       0x60 C:\Users\jarno\AppData\Local\Temp\VMBuilds\WiFiSimpleReceive\nano_33_iot\Debug/core.a(delay.c.o)
                0x00005dc0                micros
 .text.delay    0x00005e20       0x30 C:\Users\jarno\AppData\Local\Temp\VMBuilds\WiFiSimpleReceive\nano_33_iot\Debug/core.a(delay.c.o)
                0x00005e20                delay
 .text.resetExternalChip
                0x00005e50        0x2 C:\Users\jarno\AppData\Local\Temp\VMBuilds\WiFiSimpleReceive\nano_33_iot\Debug/core.a(delay.c.o)
                0x00005e50                resetExternalChip
 *fill*         0x00005e52        0x2 
 .text.SysTick_DefaultHandler
                0x00005e54       0x14 C:\Users\jarno\AppData\Local\Temp\VMBuilds\WiFiSimpleReceive\nano_33_iot\Debug/core.a(delay.c.o)
                0x00005e54                SysTick_DefaultHandler
 .text.__empty  0x00005e68        0x2 C:\Users\jarno\AppData\Local\Temp\VMBuilds\WiFiSimpleReceive\nano_33_iot\Debug/core.a(hooks.c.o)
                0x00005e68                yield
 .text.__false  0x00005e6a        0x4 C:\Users\jarno\AppData\Local\Temp\VMBuilds\WiFiSimpleReceive\nano_33_iot\Debug/core.a(hooks.c.o)
                0x00005e6a                sysTickHook
 *fill*         0x00005e6e        0x2 
 .text.SystemInit
                0x00005e70      0x194 C:\Users\jarno\AppData\Local\Temp\VMBuilds\WiFiSimpleReceive\nano_33_iot\Debug/core.a(startup.c.o)
                0x00005e70                SystemInit
 .text.init     0x00006004       0xf0 C:\Users\jarno\AppData\Local\Temp\VMBuilds\WiFiSimpleReceive\nano_33_iot\Debug/core.a(wiring.c.o)
                0x00006004                init
 .text.analogReference
                0x000060f4       0x64 C:\Users\jarno\AppData\Local\Temp\VMBuilds\WiFiSimpleReceive\nano_33_iot\Debug/core.a(wiring_analog.c.o)
                0x000060f4                analogReference
 .text.pinMode  0x00006158       0x98 C:\Users\jarno\AppData\Local\Temp\VMBuilds\WiFiSimpleReceive\nano_33_iot\Debug/core.a(wiring_digital.c.o)
                0x00006158                pinMode
 .text.digitalWrite
                0x000061f0       0x58 C:\Users\jarno\AppData\Local\Temp\VMBuilds\WiFiSimpleReceive\nano_33_iot\Debug/core.a(wiring_digital.c.o)
                0x000061f0                digitalWrite
 .text.digitalRead
                0x00006248       0x30 C:\Users\jarno\AppData\Local\Temp\VMBuilds\WiFiSimpleReceive\nano_33_iot\Debug/core.a(wiring_digital.c.o)
                0x00006248                digitalRead
 .text.pinPeripheral
                0x00006278       0xc0 C:\Users\jarno\AppData\Local\Temp\VMBuilds\WiFiSimpleReceive\nano_33_iot\Debug/core.a(wiring_private.c.o)
                0x00006278                pinPeripheral
 .text._ZNK9IPAddress7printToER5Print
                0x00006338       0x44 C:\Users\jarno\AppData\Local\Temp\VMBuilds\WiFiSimpleReceive\nano_33_iot\Debug/core.a(IPAddress.cpp.o)
                0x00006338                IPAddress::printTo(Print&) const
 .text._ZN9IPAddressC2Ev
                0x0000637c       0x10 C:\Users\jarno\AppData\Local\Temp\VMBuilds\WiFiSimpleReceive\nano_33_iot\Debug/core.a(IPAddress.cpp.o)
                0x0000637c                IPAddress::IPAddress()
                0x0000637c                IPAddress::IPAddress()
 .text._ZN9IPAddressC2Ehhhh
                0x0000638c       0x1c C:\Users\jarno\AppData\Local\Temp\VMBuilds\WiFiSimpleReceive\nano_33_iot\Debug/core.a(IPAddress.cpp.o)
                0x0000638c                IPAddress::IPAddress(unsigned char, unsigned char, unsigned char, unsigned char)
                0x0000638c                IPAddress::IPAddress(unsigned char, unsigned char, unsigned char, unsigned char)
 .text._ZN9IPAddressC2Em
                0x000063a8       0x10 C:\Users\jarno\AppData\Local\Temp\VMBuilds\WiFiSimpleReceive\nano_33_iot\Debug/core.a(IPAddress.cpp.o)
                0x000063a8                IPAddress::IPAddress(unsigned long)
                0x000063a8                IPAddress::IPAddress(unsigned long)
 .text._ZN9IPAddressC2EPKh
                0x000063b8       0x18 C:\Users\jarno\AppData\Local\Temp\VMBuilds\WiFiSimpleReceive\nano_33_iot\Debug/core.a(IPAddress.cpp.o)
                0x000063b8                IPAddress::IPAddress(unsigned char const*)
                0x000063b8                IPAddress::IPAddress(unsigned char const*)
 .text._ZN9IPAddressaSEPKh
                0x000063d0       0x10 C:\Users\jarno\AppData\Local\Temp\VMBuilds\WiFiSimpleReceive\nano_33_iot\Debug/core.a(IPAddress.cpp.o)
                0x000063d0                IPAddress::operator=(unsigned char const*)
 .text.startup.main
                0x000063e0       0x40 C:\Users\jarno\AppData\Local\Temp\VMBuilds\WiFiSimpleReceive\nano_33_iot\Debug/core.a(main.cpp.o)
                0x000063e0                main
 .text._Znwj    0x00006420        0x8 C:\Users\jarno\AppData\Local\Temp\VMBuilds\WiFiSimpleReceive\nano_33_iot\Debug/core.a(new.cpp.o)
                0x00006420                operator new(unsigned int)
 .text._ZdlPv   0x00006428        0x8 C:\Users\jarno\AppData\Local\Temp\VMBuilds\WiFiSimpleReceive\nano_33_iot\Debug/core.a(new.cpp.o)
                0x00006428                operator delete(void*)
 .text._ZN5Print5writeEPKhj
                0x00006430       0x28 C:\Users\jarno\AppData\Local\Temp\VMBuilds\WiFiSimpleReceive\nano_33_iot\Debug/core.a(Print.cpp.o)
                0x00006430                Print::write(unsigned char const*, unsigned int)
 .text._ZN5Print5writeEPKc.part.2
                0x00006458       0x1a C:\Users\jarno\AppData\Local\Temp\VMBuilds\WiFiSimpleReceive\nano_33_iot\Debug/core.a(Print.cpp.o)
 .text._ZN5Print5writeEPKc
                0x00006472       0x10 C:\Users\jarno\AppData\Local\Temp\VMBuilds\WiFiSimpleReceive\nano_33_iot\Debug/core.a(Print.cpp.o)
                0x00006472                Print::write(char const*)
 .text._ZN5Print5printERK6String
                0x00006482        0xe C:\Users\jarno\AppData\Local\Temp\VMBuilds\WiFiSimpleReceive\nano_33_iot\Debug/core.a(Print.cpp.o)
                0x00006482                Print::print(String const&)
 .text._ZN5Print5printEPKc
                0x00006490        0x8 C:\Users\jarno\AppData\Local\Temp\VMBuilds\WiFiSimpleReceive\nano_33_iot\Debug/core.a(Print.cpp.o)
                0x00006490                Print::print(char const*)
 .text._ZN5Print5printEc
                0x00006498        0xa C:\Users\jarno\AppData\Local\Temp\VMBuilds\WiFiSimpleReceive\nano_33_iot\Debug/core.a(Print.cpp.o)
                0x00006498                Print::print(char)
 *fill*         0x000064a2        0x2 
 .text._ZN5Print7printlnEv
                0x000064a4       0x10 C:\Users\jarno\AppData\Local\Temp\VMBuilds\WiFiSimpleReceive\nano_33_iot\Debug/core.a(Print.cpp.o)
                0x000064a4                Print::println()
 .text._ZN5Print7printlnERK6String
                0x000064b4       0x14 C:\Users\jarno\AppData\Local\Temp\VMBuilds\WiFiSimpleReceive\nano_33_iot\Debug/core.a(Print.cpp.o)
                0x000064b4                Print::println(String const&)
 .text._ZN5Print7printlnEPKc
                0x000064c8       0x14 C:\Users\jarno\AppData\Local\Temp\VMBuilds\WiFiSimpleReceive\nano_33_iot\Debug/core.a(Print.cpp.o)
                0x000064c8                Print::println(char const*)
 .text._ZN5Print11printNumberEmh
                0x000064dc       0x48 C:\Users\jarno\AppData\Local\Temp\VMBuilds\WiFiSimpleReceive\nano_33_iot\Debug/core.a(Print.cpp.o)
                0x000064dc                Print::printNumber(unsigned long, unsigned char)
 .text._ZN5Print5printEli
                0x00006524       0x3e C:\Users\jarno\AppData\Local\Temp\VMBuilds\WiFiSimpleReceive\nano_33_iot\Debug/core.a(Print.cpp.o)
                0x00006524                Print::print(long, int)
 .text._ZN5Print5printEii
                0x00006562        0x8 C:\Users\jarno\AppData\Local\Temp\VMBuilds\WiFiSimpleReceive\nano_33_iot\Debug/core.a(Print.cpp.o)
                0x00006562                Print::print(int, int)
 .text._ZN5Print7printlnEii
                0x0000656a       0x14 C:\Users\jarno\AppData\Local\Temp\VMBuilds\WiFiSimpleReceive\nano_33_iot\Debug/core.a(Print.cpp.o)
                0x0000656a                Print::println(int, int)
 .text._ZN5Print5printEmi
                0x0000657e       0x18 C:\Users\jarno\AppData\Local\Temp\VMBuilds\WiFiSimpleReceive\nano_33_iot\Debug/core.a(Print.cpp.o)
                0x0000657e                Print::print(unsigned long, int)
 .text._ZN5Print5printEhi
                0x00006596        0x8 C:\Users\jarno\AppData\Local\Temp\VMBuilds\WiFiSimpleReceive\nano_33_iot\Debug/core.a(Print.cpp.o)
                0x00006596                Print::print(unsigned char, int)
 .text._ZN5Print7printlnEhi
                0x0000659e       0x14 C:\Users\jarno\AppData\Local\Temp\VMBuilds\WiFiSimpleReceive\nano_33_iot\Debug/core.a(Print.cpp.o)
                0x0000659e                Print::println(unsigned char, int)
 .text._ZN5Print7printlnEji
                0x000065b2       0x14 C:\Users\jarno\AppData\Local\Temp\VMBuilds\WiFiSimpleReceive\nano_33_iot\Debug/core.a(Print.cpp.o)
                0x000065b2                Print::println(unsigned int, int)
 *fill*         0x000065c6        0x2 
 .text._ZN5Print10printFloatEdh
                0x000065c8      0x168 C:\Users\jarno\AppData\Local\Temp\VMBuilds\WiFiSimpleReceive\nano_33_iot\Debug/core.a(Print.cpp.o)
                0x000065c8                Print::printFloat(double, unsigned char)
 .text._ZN5Print7printlnEdi
                0x00006730       0x20 C:\Users\jarno\AppData\Local\Temp\VMBuilds\WiFiSimpleReceive\nano_33_iot\Debug/core.a(Print.cpp.o)
                0x00006730                Print::println(double, int)
 .text.initiateReset
                0x00006750       0x14 C:\Users\jarno\AppData\Local\Temp\VMBuilds\WiFiSimpleReceive\nano_33_iot\Debug/core.a(Reset.cpp.o)
                0x00006750                initiateReset
 .text.cancelReset
                0x00006764       0x10 C:\Users\jarno\AppData\Local\Temp\VMBuilds\WiFiSimpleReceive\nano_33_iot\Debug/core.a(Reset.cpp.o)
                0x00006764                cancelReset
 .text.tickReset
                0x00006774       0x78 C:\Users\jarno\AppData\Local\Temp\VMBuilds\WiFiSimpleReceive\nano_33_iot\Debug/core.a(Reset.cpp.o)
                0x00006774                tickReset
 .text._ZN6SERCOMC2EP6Sercom
                0x000067ec        0x4 C:\Users\jarno\AppData\Local\Temp\VMBuilds\WiFiSimpleReceive\nano_33_iot\Debug/core.a(SERCOM.cpp.o)
                0x000067ec                SERCOM::SERCOM(Sercom*)
                0x000067ec                SERCOM::SERCOM(Sercom*)
 .text._ZN6SERCOM9initFrameE18SercomUartCharSize15SercomDataOrder16SercomParityMode19SercomNumberStopBit
                0x000067f0       0x3a C:\Users\jarno\AppData\Local\Temp\VMBuilds\WiFiSimpleReceive\nano_33_iot\Debug/core.a(SERCOM.cpp.o)
                0x000067f0                SERCOM::initFrame(SercomUartCharSize, SercomDataOrder, SercomParityMode, SercomNumberStopBit)
 .text._ZN6SERCOM8initPadsE15SercomUartTXPad11SercomRXPad
                0x0000682a       0x26 C:\Users\jarno\AppData\Local\Temp\VMBuilds\WiFiSimpleReceive\nano_33_iot\Debug/core.a(SERCOM.cpp.o)
                0x0000682a                SERCOM::initPads(SercomUartTXPad, SercomRXPad)
 .text._ZN6SERCOM9resetUARTEv
                0x00006850       0x1a C:\Users\jarno\AppData\Local\Temp\VMBuilds\WiFiSimpleReceive\nano_33_iot\Debug/core.a(SERCOM.cpp.o)
                0x00006850                SERCOM::resetUART()
 .text._ZN6SERCOM10enableUARTEv
                0x0000686a       0x14 C:\Users\jarno\AppData\Local\Temp\VMBuilds\WiFiSimpleReceive\nano_33_iot\Debug/core.a(SERCOM.cpp.o)
                0x0000686a                SERCOM::enableUART()
 .text._ZN6SERCOM9flushUARTEv
                0x0000687e       0x10 C:\Users\jarno\AppData\Local\Temp\VMBuilds\WiFiSimpleReceive\nano_33_iot\Debug/core.a(SERCOM.cpp.o)
                0x0000687e                SERCOM::flushUART()
 .text._ZN6SERCOM15clearStatusUARTEv
                0x0000688e        0x8 C:\Users\jarno\AppData\Local\Temp\VMBuilds\WiFiSimpleReceive\nano_33_iot\Debug/core.a(SERCOM.cpp.o)
                0x0000688e                SERCOM::clearStatusUART()
 .text._ZN6SERCOM17availableDataUARTEv
                0x00006896        0xa C:\Users\jarno\AppData\Local\Temp\VMBuilds\WiFiSimpleReceive\nano_33_iot\Debug/core.a(SERCOM.cpp.o)
                0x00006896                SERCOM::availableDataUART()
 .text._ZN6SERCOM11isUARTErrorEv
                0x000068a0        0x8 C:\Users\jarno\AppData\Local\Temp\VMBuilds\WiFiSimpleReceive\nano_33_iot\Debug/core.a(SERCOM.cpp.o)
                0x000068a0                SERCOM::isUARTError()
 .text._ZN6SERCOM20acknowledgeUARTErrorEv
                0x000068a8        0xe C:\Users\jarno\AppData\Local\Temp\VMBuilds\WiFiSimpleReceive\nano_33_iot\Debug/core.a(SERCOM.cpp.o)
                0x000068a8                SERCOM::acknowledgeUARTError()
 .text._ZN6SERCOM16isFrameErrorUARTEv
                0x000068b6        0xa C:\Users\jarno\AppData\Local\Temp\VMBuilds\WiFiSimpleReceive\nano_33_iot\Debug/core.a(SERCOM.cpp.o)
                0x000068b6                SERCOM::isFrameErrorUART()
 .text._ZN6SERCOM19clearFrameErrorUARTEv
                0x000068c0        0xc C:\Users\jarno\AppData\Local\Temp\VMBuilds\WiFiSimpleReceive\nano_33_iot\Debug/core.a(SERCOM.cpp.o)
                0x000068c0                SERCOM::clearFrameErrorUART()
 .text._ZN6SERCOM23isDataRegisterEmptyUARTEv
                0x000068cc        0xa C:\Users\jarno\AppData\Local\Temp\VMBuilds\WiFiSimpleReceive\nano_33_iot\Debug/core.a(SERCOM.cpp.o)
                0x000068cc                SERCOM::isDataRegisterEmptyUART()
 .text._ZN6SERCOM12readDataUARTEv
                0x000068d6        0x8 C:\Users\jarno\AppData\Local\Temp\VMBuilds\WiFiSimpleReceive\nano_33_iot\Debug/core.a(SERCOM.cpp.o)
                0x000068d6                SERCOM::readDataUART()
 .text._ZN6SERCOM13writeDataUARTEh
                0x000068de       0x10 C:\Users\jarno\AppData\Local\Temp\VMBuilds\WiFiSimpleReceive\nano_33_iot\Debug/core.a(SERCOM.cpp.o)
                0x000068de                SERCOM::writeDataUART(unsigned char)
 .text._ZN6SERCOM36enableDataRegisterEmptyInterruptUARTEv
                0x000068ee        0x8 C:\Users\jarno\AppData\Local\Temp\VMBuilds\WiFiSimpleReceive\nano_33_iot\Debug/core.a(SERCOM.cpp.o)
                0x000068ee                SERCOM::enableDataRegisterEmptyInterruptUART()
 .text._ZN6SERCOM37disableDataRegisterEmptyInterruptUARTEv
                0x000068f6        0x8 C:\Users\jarno\AppData\Local\Temp\VMBuilds\WiFiSimpleReceive\nano_33_iot\Debug/core.a(SERCOM.cpp.o)
                0x000068f6                SERCOM::disableDataRegisterEmptyInterruptUART()
 *fill*         0x000068fe        0x2 
 .text._ZN6SERCOM12initSPIClockE18SercomSpiClockModem
                0x00006900       0x30 C:\Users\jarno\AppData\Local\Temp\VMBuilds\WiFiSimpleReceive\nano_33_iot\Debug/core.a(SERCOM.cpp.o)
                0x00006900                SERCOM::initSPIClock(SercomSpiClockMode, unsigned long)
 .text._ZN6SERCOM8resetSPIEv
                0x00006930       0x1a C:\Users\jarno\AppData\Local\Temp\VMBuilds\WiFiSimpleReceive\nano_33_iot\Debug/core.a(SERCOM.cpp.o)
                0x00006930                SERCOM::resetSPI()
 .text._ZN6SERCOM9enableSPIEv
                0x0000694a       0x14 C:\Users\jarno\AppData\Local\Temp\VMBuilds\WiFiSimpleReceive\nano_33_iot\Debug/core.a(SERCOM.cpp.o)
                0x0000694a                SERCOM::enableSPI()
 .text._ZN6SERCOM10disableSPIEv
                0x0000695e       0x12 C:\Users\jarno\AppData\Local\Temp\VMBuilds\WiFiSimpleReceive\nano_33_iot\Debug/core.a(SERCOM.cpp.o)
                0x0000695e                SERCOM::disableSPI()
 .text._ZN6SERCOM15transferDataSPIEh
                0x00006970       0x1a C:\Users\jarno\AppData\Local\Temp\VMBuilds\WiFiSimpleReceive\nano_33_iot\Debug/core.a(SERCOM.cpp.o)
                0x00006970                SERCOM::transferDataSPI(unsigned char)
 *fill*         0x0000698a        0x2 
 .text._ZN6SERCOM13initClockNVICEv
                0x0000698c       0xa8 C:\Users\jarno\AppData\Local\Temp\VMBuilds\WiFiSimpleReceive\nano_33_iot\Debug/core.a(SERCOM.cpp.o)
                0x0000698c                SERCOM::initClockNVIC()
 .text._ZN6SERCOM8initUARTE14SercomUartMode20SercomUartSampleRatem
                0x00006a34       0x6c C:\Users\jarno\AppData\Local\Temp\VMBuilds\WiFiSimpleReceive\nano_33_iot\Debug/core.a(SERCOM.cpp.o)
                0x00006a34                SERCOM::initUART(SercomUartMode, SercomUartSampleRate, unsigned long)
 .text._ZN6SERCOM7initSPIE14SercomSpiTXPad11SercomRXPad17SercomSpiCharSize15SercomDataOrder
                0x00006aa0       0x4a C:\Users\jarno\AppData\Local\Temp\VMBuilds\WiFiSimpleReceive\nano_33_iot\Debug/core.a(SERCOM.cpp.o)
                0x00006aa0                SERCOM::initSPI(SercomSpiTXPad, SercomRXPad, SercomSpiCharSize, SercomDataOrder)
 .text._ZN6Stream10setTimeoutEm
                0x00006aea        0x4 C:\Users\jarno\AppData\Local\Temp\VMBuilds\WiFiSimpleReceive\nano_33_iot\Debug/core.a(Stream.cpp.o)
                0x00006aea                Stream::setTimeout(unsigned long)
 .text._ZN4UartcvbEv
                0x00006aee        0x4 C:\Users\jarno\AppData\Local\Temp\VMBuilds\WiFiSimpleReceive\nano_33_iot\Debug/core.a(Uart.cpp.o)
                0x00006aee                Uart::operator bool()
 *fill*         0x00006af2        0x2 
 .text._ZN4Uart5beginEm
                0x00006af4       0x10 C:\Users\jarno\AppData\Local\Temp\VMBuilds\WiFiSimpleReceive\nano_33_iot\Debug/core.a(Uart.cpp.o)
                0x00006af4                Uart::begin(unsigned long)
 .text._ZN4Uart4peekEv
                0x00006b04       0x1a C:\Users\jarno\AppData\Local\Temp\VMBuilds\WiFiSimpleReceive\nano_33_iot\Debug/core.a(Uart.cpp.o)
                0x00006b04                Uart::peek()
 .text._ZN4Uart3endEv
                0x00006b1e       0x20 C:\Users\jarno\AppData\Local\Temp\VMBuilds\WiFiSimpleReceive\nano_33_iot\Debug/core.a(Uart.cpp.o)
                0x00006b1e                Uart::end()
 .text._ZN4Uart16extractNbStopBitEt
                0x00006b3e        0xc C:\Users\jarno\AppData\Local\Temp\VMBuilds\WiFiSimpleReceive\nano_33_iot\Debug/core.a(Uart.cpp.o)
                0x00006b3e                Uart::extractNbStopBit(unsigned short)
 .text._ZN4Uart15extractCharSizeEt
                0x00006b4a       0x28 C:\Users\jarno\AppData\Local\Temp\VMBuilds\WiFiSimpleReceive\nano_33_iot\Debug/core.a(Uart.cpp.o)
                0x00006b4a                Uart::extractCharSize(unsigned short)
 .text._ZN4Uart13extractParityEt
                0x00006b72       0x14 C:\Users\jarno\AppData\Local\Temp\VMBuilds\WiFiSimpleReceive\nano_33_iot\Debug/core.a(Uart.cpp.o)
                0x00006b72                Uart::extractParity(unsigned short)
 *fill*         0x00006b86        0x2 
 .text._ZN4Uart5beginEmt
                0x00006b88       0xf8 C:\Users\jarno\AppData\Local\Temp\VMBuilds\WiFiSimpleReceive\nano_33_iot\Debug/core.a(Uart.cpp.o)
                0x00006b88                Uart::begin(unsigned long, unsigned short)
 .text._ZN11RingBufferNILi256EEC2Ev
                0x00006c80       0x1c C:\Users\jarno\AppData\Local\Temp\VMBuilds\WiFiSimpleReceive\nano_33_iot\Debug/core.a(Uart.cpp.o)
                0x00006c80                RingBufferN<256>::RingBufferN()
                0x00006c80                RingBufferN<256>::RingBufferN()
 .text._ZN4UartC2EP6SERCOMhh11SercomRXPad15SercomUartTXPadhh
                0x00006c9c       0x88 C:\Users\jarno\AppData\Local\Temp\VMBuilds\WiFiSimpleReceive\nano_33_iot\Debug/core.a(Uart.cpp.o)
                0x00006c9c                Uart::Uart(SERCOM*, unsigned char, unsigned char, SercomRXPad, SercomUartTXPad, unsigned char, unsigned char)
                0x00006c9c                Uart::Uart(SERCOM*, unsigned char, unsigned char, SercomRXPad, SercomUartTXPad, unsigned char, unsigned char)
 .text._ZN4UartC2EP6SERCOMhh11SercomRXPad15SercomUartTXPad
                0x00006d24       0x74 C:\Users\jarno\AppData\Local\Temp\VMBuilds\WiFiSimpleReceive\nano_33_iot\Debug/core.a(Uart.cpp.o)
                0x00006d24                Uart::Uart(SERCOM*, unsigned char, unsigned char, SercomRXPad, SercomUartTXPad)
                0x00006d24                Uart::Uart(SERCOM*, unsigned char, unsigned char, SercomRXPad, SercomUartTXPad)
 .text._ZN11RingBufferNILi256EE9availableEv
                0x00006d98       0x12 C:\Users\jarno\AppData\Local\Temp\VMBuilds\WiFiSimpleReceive\nano_33_iot\Debug/core.a(Uart.cpp.o)
                0x00006d98                RingBufferN<256>::available()
 .text._ZN4Uart5flushEv
                0x00006daa       0x1a C:\Users\jarno\AppData\Local\Temp\VMBuilds\WiFiSimpleReceive\nano_33_iot\Debug/core.a(Uart.cpp.o)
                0x00006daa                Uart::flush()
 .text._ZN4Uart9availableEv
                0x00006dc4        0xa C:\Users\jarno\AppData\Local\Temp\VMBuilds\WiFiSimpleReceive\nano_33_iot\Debug/core.a(Uart.cpp.o)
                0x00006dc4                Uart::available()
 .text._ZN11RingBufferNILi256EE17availableForStoreEv
                0x00006dce       0x20 C:\Users\jarno\AppData\Local\Temp\VMBuilds\WiFiSimpleReceive\nano_33_iot\Debug/core.a(Uart.cpp.o)
                0x00006dce                RingBufferN<256>::availableForStore()
 .text._ZN4Uart17availableForWriteEv
                0x00006dee        0xc C:\Users\jarno\AppData\Local\Temp\VMBuilds\WiFiSimpleReceive\nano_33_iot\Debug/core.a(Uart.cpp.o)
                0x00006dee                Uart::availableForWrite()
 .text._ZN4Uart10IrqHandlerEv
                0x00006dfa       0xcc C:\Users\jarno\AppData\Local\Temp\VMBuilds\WiFiSimpleReceive\nano_33_iot\Debug/core.a(Uart.cpp.o)
                0x00006dfa                Uart::IrqHandler()
 *fill*         0x00006ec6        0x2 
 .text._ZN4Uart5writeEh
                0x00006ec8       0xb4 C:\Users\jarno\AppData\Local\Temp\VMBuilds\WiFiSimpleReceive\nano_33_iot\Debug/core.a(Uart.cpp.o)
                0x00006ec8                Uart::write(unsigned char)
 .text._ZN4Uart4readEv
                0x00006f7c       0x4c C:\Users\jarno\AppData\Local\Temp\VMBuilds\WiFiSimpleReceive\nano_33_iot\Debug/core.a(Uart.cpp.o)
                0x00006f7c                Uart::read()
 .text._Z6randoml
                0x00006fc8       0x16 C:\Users\jarno\AppData\Local\Temp\VMBuilds\WiFiSimpleReceive\nano_33_iot\Debug/core.a(WMath.cpp.o)
                0x00006fc8                random(long)
 .text._Z3maplllll
                0x00006fde       0x16 C:\Users\jarno\AppData\Local\Temp\VMBuilds\WiFiSimpleReceive\nano_33_iot\Debug/core.a(WMath.cpp.o)
                0x00006fde                map(long, long, long, long, long)
 .text._ZN6StringD2Ev
                0x00006ff4       0x12 C:\Users\jarno\AppData\Local\Temp\VMBuilds\WiFiSimpleReceive\nano_33_iot\Debug/core.a(WString.cpp.o)
                0x00006ff4                String::~String()
                0x00006ff4                String::~String()
 .text._ZN6String10invalidateEv
                0x00007006       0x18 C:\Users\jarno\AppData\Local\Temp\VMBuilds\WiFiSimpleReceive\nano_33_iot\Debug/core.a(WString.cpp.o)
                0x00007006                String::invalidate()
 .text._ZN6String12changeBufferEj
                0x0000701e       0x18 C:\Users\jarno\AppData\Local\Temp\VMBuilds\WiFiSimpleReceive\nano_33_iot\Debug/core.a(WString.cpp.o)
                0x0000701e                String::changeBuffer(unsigned int)
 .text._ZN6String7reserveEj
                0x00007036       0x2a C:\Users\jarno\AppData\Local\Temp\VMBuilds\WiFiSimpleReceive\nano_33_iot\Debug/core.a(WString.cpp.o)
                0x00007036                String::reserve(unsigned int)
 .text._ZN6String4copyEPKcj
                0x00007060       0x28 C:\Users\jarno\AppData\Local\Temp\VMBuilds\WiFiSimpleReceive\nano_33_iot\Debug/core.a(WString.cpp.o)
                0x00007060                String::copy(char const*, unsigned int)
 .text._ZN6StringC2EPKc
                0x00007088       0x26 C:\Users\jarno\AppData\Local\Temp\VMBuilds\WiFiSimpleReceive\nano_33_iot\Debug/core.a(WString.cpp.o)
                0x00007088                String::String(char const*)
                0x00007088                String::String(char const*)
 .text._ZN6StringaSEPKc.part.3
                0x000070ae       0x18 C:\Users\jarno\AppData\Local\Temp\VMBuilds\WiFiSimpleReceive\nano_33_iot\Debug/core.a(WString.cpp.o)
 .text._ZN6StringaSERKS_
                0x000070c6       0x20 C:\Users\jarno\AppData\Local\Temp\VMBuilds\WiFiSimpleReceive\nano_33_iot\Debug/core.a(WString.cpp.o)
                0x000070c6                String::operator=(String const&)
 .text._ZN6StringC2ERKS_
                0x000070e6       0x14 C:\Users\jarno\AppData\Local\Temp\VMBuilds\WiFiSimpleReceive\nano_33_iot\Debug/core.a(WString.cpp.o)
                0x000070e6                String::String(String const&)
                0x000070e6                String::String(String const&)
 .text._ZN6StringaSEPKc
                0x000070fa       0x16 C:\Users\jarno\AppData\Local\Temp\VMBuilds\WiFiSimpleReceive\nano_33_iot\Debug/core.a(WString.cpp.o)
                0x000070fa                String::operator=(char const*)
 .text._ZN6String6concatEPKcj
                0x00007110       0x32 C:\Users\jarno\AppData\Local\Temp\VMBuilds\WiFiSimpleReceive\nano_33_iot\Debug/core.a(WString.cpp.o)
                0x00007110                String::concat(char const*, unsigned int)
 .text._ZN6String6concatEc
                0x00007142       0x14 C:\Users\jarno\AppData\Local\Temp\VMBuilds\WiFiSimpleReceive\nano_33_iot\Debug/core.a(WString.cpp.o)
                0x00007142                String::concat(char)
 .text._ZNK6String6equalsEPKc
                0x00007156       0x28 C:\Users\jarno\AppData\Local\Temp\VMBuilds\WiFiSimpleReceive\nano_33_iot\Debug/core.a(WString.cpp.o)
                0x00007156                String::equals(char const*) const
 .text._ZN7Serial_13getDescriptorER8USBSetup
                0x0000717e        0x4 C:\Users\jarno\AppData\Local\Temp\VMBuilds\WiFiSimpleReceive\nano_33_iot\Debug/core.a(CDC.cpp.o)
                0x0000717e                Serial_::getDescriptor(USBSetup&)
 .text._ZL5utox8mPc
                0x00007182       0x24 C:\Users\jarno\AppData\Local\Temp\VMBuilds\WiFiSimpleReceive\nano_33_iot\Debug/core.a(CDC.cpp.o)
 *fill*         0x000071a6        0x2 
 .text._ZN7Serial_12getShortNameEPc
                0x000071a8       0x44 C:\Users\jarno\AppData\Local\Temp\VMBuilds\WiFiSimpleReceive\nano_33_iot\Debug/core.a(CDC.cpp.o)
                0x000071a8                Serial_::getShortName(char*)
 .text._ZThn16_N7Serial_12getShortNameEPc
                0x000071ec       0x10 C:\Users\jarno\AppData\Local\Temp\VMBuilds\WiFiSimpleReceive\nano_33_iot\Debug/core.a(CDC.cpp.o)
                0x000071ec                non-virtual thunk to Serial_::getShortName(char*)
 .text._ZN7Serial_14handleEndpointEi
                0x000071fc        0x2 C:\Users\jarno\AppData\Local\Temp\VMBuilds\WiFiSimpleReceive\nano_33_iot\Debug/core.a(CDC.cpp.o)
                0x000071fc                Serial_::handleEndpoint(int)
 .text._ZN7Serial_17availableForWriteEv
                0x000071fe        0x4 C:\Users\jarno\AppData\Local\Temp\VMBuilds\WiFiSimpleReceive\nano_33_iot\Debug/core.a(CDC.cpp.o)
                0x000071fe                Serial_::availableForWrite()
 .text._ZN7Serial_5writeEh
                0x00007202       0x14 C:\Users\jarno\AppData\Local\Temp\VMBuilds\WiFiSimpleReceive\nano_33_iot\Debug/core.a(CDC.cpp.o)
                0x00007202                Serial_::write(unsigned char)
 *fill*         0x00007216        0x2 
 .text._ZN7Serial_12getInterfaceEPh
                0x00007218      0x11c C:\Users\jarno\AppData\Local\Temp\VMBuilds\WiFiSimpleReceive\nano_33_iot\Debug/core.a(CDC.cpp.o)
                0x00007218                Serial_::getInterface(unsigned char*)
 .text._ZThn16_N7Serial_12getInterfaceEPh
                0x00007334       0x10 C:\Users\jarno\AppData\Local\Temp\VMBuilds\WiFiSimpleReceive\nano_33_iot\Debug/core.a(CDC.cpp.o)
                0x00007334                non-virtual thunk to Serial_::getInterface(unsigned char*)
 .text._ZN7Serial_5setupER8USBSetup
                0x00007344       0xa8 C:\Users\jarno\AppData\Local\Temp\VMBuilds\WiFiSimpleReceive\nano_33_iot\Debug/core.a(CDC.cpp.o)
                0x00007344                Serial_::setup(USBSetup&)
 .text._ZThn16_N7Serial_5setupER8USBSetup
                0x000073ec       0x10 C:\Users\jarno\AppData\Local\Temp\VMBuilds\WiFiSimpleReceive\nano_33_iot\Debug/core.a(CDC.cpp.o)
                0x000073ec                non-virtual thunk to Serial_::setup(USBSetup&)
 .text._ZN7Serial_9availableEv
                0x000073fc       0x20 C:\Users\jarno\AppData\Local\Temp\VMBuilds\WiFiSimpleReceive\nano_33_iot\Debug/core.a(CDC.cpp.o)
                0x000073fc                Serial_::available()
 .text._ZN7Serial_5flushEv
                0x0000741c        0xe C:\Users\jarno\AppData\Local\Temp\VMBuilds\WiFiSimpleReceive\nano_33_iot\Debug/core.a(CDC.cpp.o)
                0x0000741c                Serial_::flush()
 .text._ZN7Serial_5clearEv
                0x0000742a        0xe C:\Users\jarno\AppData\Local\Temp\VMBuilds\WiFiSimpleReceive\nano_33_iot\Debug/core.a(CDC.cpp.o)
                0x0000742a                Serial_::clear()
 .text._ZN7Serial_5writeEPKhj
                0x00007438       0x1e C:\Users\jarno\AppData\Local\Temp\VMBuilds\WiFiSimpleReceive\nano_33_iot\Debug/core.a(CDC.cpp.o)
                0x00007438                Serial_::write(unsigned char const*, unsigned int)
 *fill*         0x00007456        0x2 
 .text._ZN7Serial_4peekEv
                0x00007458       0x1c C:\Users\jarno\AppData\Local\Temp\VMBuilds\WiFiSimpleReceive\nano_33_iot\Debug/core.a(CDC.cpp.o)
                0x00007458                Serial_::peek()
 .text._ZN7Serial_4readEv
                0x00007474       0x24 C:\Users\jarno\AppData\Local\Temp\VMBuilds\WiFiSimpleReceive\nano_33_iot\Debug/core.a(CDC.cpp.o)
                0x00007474                Serial_::read()
 .text._ZThn16_N7Serial_14handleEndpointEi
                0x00007498        0x2 C:\Users\jarno\AppData\Local\Temp\VMBuilds\WiFiSimpleReceive\nano_33_iot\Debug/core.a(CDC.cpp.o)
                0x00007498                non-virtual thunk to Serial_::handleEndpoint(int)
 .text._ZThn16_N7Serial_13getDescriptorER8USBSetup
                0x0000749a        0x4 C:\Users\jarno\AppData\Local\Temp\VMBuilds\WiFiSimpleReceive\nano_33_iot\Debug/core.a(CDC.cpp.o)
                0x0000749a                non-virtual thunk to Serial_::getDescriptor(USBSetup&)
 *fill*         0x0000749e        0x2 
 .text._ZN7Serial_C2ER14USBDeviceClass
                0x000074a0       0x50 C:\Users\jarno\AppData\Local\Temp\VMBuilds\WiFiSimpleReceive\nano_33_iot\Debug/core.a(CDC.cpp.o)
                0x000074a0                Serial_::Serial_(USBDeviceClass&)
                0x000074a0                Serial_::Serial_(USBDeviceClass&)
 .text._ZN7Serial_15enableInterruptEv
                0x000074f0       0x30 C:\Users\jarno\AppData\Local\Temp\VMBuilds\WiFiSimpleReceive\nano_33_iot\Debug/core.a(CDC.cpp.o)
                0x000074f0                Serial_::enableInterrupt()
 .text._ZN7Serial_5beginEm
                0x00007520        0x2 C:\Users\jarno\AppData\Local\Temp\VMBuilds\WiFiSimpleReceive\nano_33_iot\Debug/core.a(CDC.cpp.o)
                0x00007520                Serial_::begin(unsigned long)
 *fill*         0x00007522        0x2 
 .text.startup._GLOBAL__sub_I__ZN7Serial_12getInterfaceEPh
                0x00007524       0x14 C:\Users\jarno\AppData\Local\Temp\VMBuilds\WiFiSimpleReceive\nano_33_iot\Debug/core.a(CDC.cpp.o)
 .text._ZN13PluggableUSB_12getInterfaceEPh
                0x00007538       0x28 C:\Users\jarno\AppData\Local\Temp\VMBuilds\WiFiSimpleReceive\nano_33_iot\Debug/core.a(PluggableUSB.cpp.o)
                0x00007538                PluggableUSB_::getInterface(unsigned char*)
 .text._ZN13PluggableUSB_13getDescriptorER8USBSetup
                0x00007560       0x20 C:\Users\jarno\AppData\Local\Temp\VMBuilds\WiFiSimpleReceive\nano_33_iot\Debug/core.a(PluggableUSB.cpp.o)
                0x00007560                PluggableUSB_::getDescriptor(USBSetup&)
 .text._ZN13PluggableUSB_12getShortNameEPc
                0x00007580       0x26 C:\Users\jarno\AppData\Local\Temp\VMBuilds\WiFiSimpleReceive\nano_33_iot\Debug/core.a(PluggableUSB.cpp.o)
                0x00007580                PluggableUSB_::getShortName(char*)
 .text._ZN13PluggableUSB_5setupER8USBSetup
                0x000075a6       0x20 C:\Users\jarno\AppData\Local\Temp\VMBuilds\WiFiSimpleReceive\nano_33_iot\Debug/core.a(PluggableUSB.cpp.o)
                0x000075a6                PluggableUSB_::setup(USBSetup&)
 .text._ZN13PluggableUSB_14handleEndpointEi
                0x000075c6       0x1a C:\Users\jarno\AppData\Local\Temp\VMBuilds\WiFiSimpleReceive\nano_33_iot\Debug/core.a(PluggableUSB.cpp.o)
                0x000075c6                PluggableUSB_::handleEndpoint(int)
 .text._ZN13PluggableUSB_4plugEP18PluggableUSBModule
                0x000075e0       0x58 C:\Users\jarno\AppData\Local\Temp\VMBuilds\WiFiSimpleReceive\nano_33_iot\Debug/core.a(PluggableUSB.cpp.o)
                0x000075e0                PluggableUSB_::plug(PluggableUSBModule*)
 .text._Z12PluggableUSBv
                0x00007638       0x24 C:\Users\jarno\AppData\Local\Temp\VMBuilds\WiFiSimpleReceive\nano_33_iot\Debug/core.a(PluggableUSB.cpp.o)
                0x00007638                PluggableUSB()
 .text._ZN26DoubleBufferedEPOutHandlerD2Ev
                0x0000765c        0x2 C:\Users\jarno\AppData\Local\Temp\VMBuilds\WiFiSimpleReceive\nano_33_iot\Debug/core.a(USBCore.cpp.o)
                0x0000765c                DoubleBufferedEPOutHandler::~DoubleBufferedEPOutHandler()
                0x0000765c                DoubleBufferedEPOutHandler::~DoubleBufferedEPOutHandler()
 .text._ZN26DoubleBufferedEPOutHandlerD0Ev
                0x0000765e        0xc C:\Users\jarno\AppData\Local\Temp\VMBuilds\WiFiSimpleReceive\nano_33_iot\Debug/core.a(USBCore.cpp.o)
                0x0000765e                DoubleBufferedEPOutHandler::~DoubleBufferedEPOutHandler()
 *fill*         0x0000766a        0x2 
 .text._ZN14USBDeviceClass6initEPEmm.part.7
                0x0000766c       0xc4 C:\Users\jarno\AppData\Local\Temp\VMBuilds\WiFiSimpleReceive\nano_33_iot\Debug/core.a(USBCore.cpp.o)
 .text._ZN7__GuardC2Ev
                0x00007730        0xe C:\Users\jarno\AppData\Local\Temp\VMBuilds\WiFiSimpleReceive\nano_33_iot\Debug/core.a(USBCore.cpp.o)
                0x00007730                __Guard::__Guard()
                0x00007730                __Guard::__Guard()
 .text._ZN7__GuardD2Ev
                0x0000773e        0xe C:\Users\jarno\AppData\Local\Temp\VMBuilds\WiFiSimpleReceive\nano_33_iot\Debug/core.a(USBCore.cpp.o)
                0x0000773e                __Guard::~__Guard()
                0x0000773e                __Guard::~__Guard()
 .text._ZNK26DoubleBufferedEPOutHandler10_availableEv
                0x0000774c       0x70 C:\Users\jarno\AppData\Local\Temp\VMBuilds\WiFiSimpleReceive\nano_33_iot\Debug/core.a(USBCore.cpp.o)
                0x0000774c                DoubleBufferedEPOutHandler::_available() const
 .text._ZN26DoubleBufferedEPOutHandler7releaseEv
                0x000077bc       0x3c C:\Users\jarno\AppData\Local\Temp\VMBuilds\WiFiSimpleReceive\nano_33_iot\Debug/core.a(USBCore.cpp.o)
                0x000077bc                DoubleBufferedEPOutHandler::release()
 .text._ZN26DoubleBufferedEPOutHandler14handleEndpointEv
                0x000077f8       0xea C:\Users\jarno\AppData\Local\Temp\VMBuilds\WiFiSimpleReceive\nano_33_iot\Debug/core.a(USBCore.cpp.o)
                0x000077f8                DoubleBufferedEPOutHandler::handleEndpoint()
 .text._ZN26DoubleBufferedEPOutHandler5_recvEv
                0x000078e2      0x198 C:\Users\jarno\AppData\Local\Temp\VMBuilds\WiFiSimpleReceive\nano_33_iot\Debug/core.a(USBCore.cpp.o)
                0x000078e2                DoubleBufferedEPOutHandler::_recv()
 .text._ZN26DoubleBufferedEPOutHandler4peekEv
                0x00007a7a       0x22 C:\Users\jarno\AppData\Local\Temp\VMBuilds\WiFiSimpleReceive\nano_33_iot\Debug/core.a(USBCore.cpp.o)
                0x00007a7a                DoubleBufferedEPOutHandler::peek()
 .text._ZN26DoubleBufferedEPOutHandler9availableEv
                0x00007a9c       0x18 C:\Users\jarno\AppData\Local\Temp\VMBuilds\WiFiSimpleReceive\nano_33_iot\Debug/core.a(USBCore.cpp.o)
                0x00007a9c                DoubleBufferedEPOutHandler::available()
 .text._ZN26DoubleBufferedEPOutHandler4recvEPvm
                0x00007ab4       0x72 C:\Users\jarno\AppData\Local\Temp\VMBuilds\WiFiSimpleReceive\nano_33_iot\Debug/core.a(USBCore.cpp.o)
                0x00007ab4                DoubleBufferedEPOutHandler::recv(void*, unsigned long)
 .text._ZN14USBDeviceClass14SendInterfacesEPm
                0x00007b26       0x20 C:\Users\jarno\AppData\Local\Temp\VMBuilds\WiFiSimpleReceive\nano_33_iot\Debug/core.a(USBCore.cpp.o)
                0x00007b26                USBDeviceClass::SendInterfaces(unsigned long*)
 *fill*         0x00007b46        0x2 
 .text._ZN14USBDeviceClass4initEv
                0x00007b48      0x15c C:\Users\jarno\AppData\Local\Temp\VMBuilds\WiFiSimpleReceive\nano_33_iot\Debug/core.a(USBCore.cpp.o)
                0x00007b48                USBDeviceClass::init()
 .text._ZN14USBDeviceClass6attachEv
                0x00007ca4       0x34 C:\Users\jarno\AppData\Local\Temp\VMBuilds\WiFiSimpleReceive\nano_33_iot\Debug/core.a(USBCore.cpp.o)
                0x00007ca4                USBDeviceClass::attach()
 .text._ZN14USBDeviceClass10setAddressEm
                0x00007cd8       0x48 C:\Users\jarno\AppData\Local\Temp\VMBuilds\WiFiSimpleReceive\nano_33_iot\Debug/core.a(USBCore.cpp.o)
                0x00007cd8                USBDeviceClass::setAddress(unsigned long)
 .text._ZN14USBDeviceClass25handleClassInterfaceSetupER8USBSetup
                0x00007d20       0x24 C:\Users\jarno\AppData\Local\Temp\VMBuilds\WiFiSimpleReceive\nano_33_iot\Debug/core.a(USBCore.cpp.o)
                0x00007d20                USBDeviceClass::handleClassInterfaceSetup(USBSetup&)
 .text._ZN14USBDeviceClass6initEPEmm
                0x00007d44      0x120 C:\Users\jarno\AppData\Local\Temp\VMBuilds\WiFiSimpleReceive\nano_33_iot\Debug/core.a(USBCore.cpp.o)
                0x00007d44                USBDeviceClass::initEP(unsigned long, unsigned long)
 .text._ZN14USBDeviceClass13initEndpointsEv
                0x00007e64       0x24 C:\Users\jarno\AppData\Local\Temp\VMBuilds\WiFiSimpleReceive\nano_33_iot\Debug/core.a(USBCore.cpp.o)
                0x00007e64                USBDeviceClass::initEndpoints()
 .text._ZN14USBDeviceClass5clearEm
                0x00007e88       0x38 C:\Users\jarno\AppData\Local\Temp\VMBuilds\WiFiSimpleReceive\nano_33_iot\Debug/core.a(USBCore.cpp.o)
                0x00007e88                USBDeviceClass::clear(unsigned long)
 .text._ZN14USBDeviceClass9availableEm
                0x00007ec0       0x2c C:\Users\jarno\AppData\Local\Temp\VMBuilds\WiFiSimpleReceive\nano_33_iot\Debug/core.a(USBCore.cpp.o)
                0x00007ec0                USBDeviceClass::available(unsigned long)
 .text._ZN14USBDeviceClass5flushEm
                0x00007eec       0x2c C:\Users\jarno\AppData\Local\Temp\VMBuilds\WiFiSimpleReceive\nano_33_iot\Debug/core.a(USBCore.cpp.o)
                0x00007eec                USBDeviceClass::flush(unsigned long)
 .text._ZN14USBDeviceClass4recvEmPvm
                0x00007f18       0xc0 C:\Users\jarno\AppData\Local\Temp\VMBuilds\WiFiSimpleReceive\nano_33_iot\Debug/core.a(USBCore.cpp.o)
                0x00007f18                USBDeviceClass::recv(unsigned long, void*, unsigned long)
 .text._ZN14USBDeviceClass4recvEm
                0x00007fd8       0x1c C:\Users\jarno\AppData\Local\Temp\VMBuilds\WiFiSimpleReceive\nano_33_iot\Debug/core.a(USBCore.cpp.o)
                0x00007fd8                USBDeviceClass::recv(unsigned long)
 .text._ZN14USBDeviceClass14armRecvCtrlOUTEm
                0x00007ff4       0x5c C:\Users\jarno\AppData\Local\Temp\VMBuilds\WiFiSimpleReceive\nano_33_iot\Debug/core.a(USBCore.cpp.o)
                0x00007ff4                USBDeviceClass::armRecvCtrlOUT(unsigned long)
 .text._ZN14USBDeviceClass11recvControlEPvm
                0x00008050       0x28 C:\Users\jarno\AppData\Local\Temp\VMBuilds\WiFiSimpleReceive\nano_33_iot\Debug/core.a(USBCore.cpp.o)
                0x00008050                USBDeviceClass::recvControl(void*, unsigned long)
 .text._ZN14USBDeviceClass4sendEmPKvm
                0x00008078      0x10c C:\Users\jarno\AppData\Local\Temp\VMBuilds\WiFiSimpleReceive\nano_33_iot\Debug/core.a(USBCore.cpp.o)
                0x00008078                USBDeviceClass::send(unsigned long, void const*, unsigned long)
 .text._ZN14USBDeviceClass7armSendEmPKvm
                0x00008184       0x48 C:\Users\jarno\AppData\Local\Temp\VMBuilds\WiFiSimpleReceive\nano_33_iot\Debug/core.a(USBCore.cpp.o)
                0x00008184                USBDeviceClass::armSend(unsigned long, void const*, unsigned long)
 .text._ZN14USBDeviceClass11sendControlEPKvm
                0x000081cc       0x54 C:\Users\jarno\AppData\Local\Temp\VMBuilds\WiFiSimpleReceive\nano_33_iot\Debug/core.a(USBCore.cpp.o)
                0x000081cc                USBDeviceClass::sendControl(void const*, unsigned long)
 .text._ZN14USBDeviceClass20sendStringDescriptorEPKhm
                0x00008220       0x64 C:\Users\jarno\AppData\Local\Temp\VMBuilds\WiFiSimpleReceive\nano_33_iot\Debug/core.a(USBCore.cpp.o)
                0x00008220                USBDeviceClass::sendStringDescriptor(unsigned char const*, unsigned long)
 .text._ZN14USBDeviceClass17sendConfigurationEm
                0x00008284       0x80 C:\Users\jarno\AppData\Local\Temp\VMBuilds\WiFiSimpleReceive\nano_33_iot\Debug/core.a(USBCore.cpp.o)
                0x00008284                USBDeviceClass::sendConfiguration(unsigned long)
 .text._ZN14USBDeviceClass14sendDescriptorER8USBSetup
                0x00008304       0xe0 C:\Users\jarno\AppData\Local\Temp\VMBuilds\WiFiSimpleReceive\nano_33_iot\Debug/core.a(USBCore.cpp.o)
                0x00008304                USBDeviceClass::sendDescriptor(USBSetup&)
 .text._ZN14USBDeviceClass7sendZlpEm
                0x000083e4       0x18 C:\Users\jarno\AppData\Local\Temp\VMBuilds\WiFiSimpleReceive\nano_33_iot\Debug/core.a(USBCore.cpp.o)
                0x000083e4                USBDeviceClass::sendZlp(unsigned long)
 .text._ZN14USBDeviceClass19handleStandardSetupER8USBSetup
                0x000083fc       0xf0 C:\Users\jarno\AppData\Local\Temp\VMBuilds\WiFiSimpleReceive\nano_33_iot\Debug/core.a(USBCore.cpp.o)
                0x000083fc                USBDeviceClass::handleStandardSetup(USBSetup&)
 .text._ZN14USBDeviceClass10ISRHandlerEv
                0x000084ec      0x108 C:\Users\jarno\AppData\Local\Temp\VMBuilds\WiFiSimpleReceive\nano_33_iot\Debug/core.a(USBCore.cpp.o)
                0x000084ec                USBDeviceClass::ISRHandler()
 .text.UDD_Handler
                0x000085f4       0x10 C:\Users\jarno\AppData\Local\Temp\VMBuilds\WiFiSimpleReceive\nano_33_iot\Debug/core.a(USBCore.cpp.o)
                0x000085f4                UDD_Handler
 .text.startup._GLOBAL__sub_I_usbd
                0x00008604       0x10 C:\Users\jarno\AppData\Local\Temp\VMBuilds\WiFiSimpleReceive\nano_33_iot\Debug/core.a(USBCore.cpp.o)
 .text.__aeabi_atexit
                0x00008614        0xe c:/users/jarno/appdata/local/arduino15/packages/arduino/tools/arm-none-eabi-gcc/7-2017q4/bin/../lib/gcc/arm-none-eabi/7.2.1/../../../../arm-none-eabi/lib/thumb/v6-m\libstdc++_nano.a(atexit_arm.o)
                0x00008614                __aeabi_atexit
 *fill*         0x00008622        0x2 
 .text.fmod     0x00008624       0xd8 c:/users/jarno/appdata/local/arduino15/packages/arduino/tools/arm-none-eabi-gcc/7-2017q4/bin/../lib/gcc/arm-none-eabi/7.2.1/../../../../arm-none-eabi/lib/thumb/v6-m\libm.a(lib_a-w_fmod.o)
                0x00008624                fmod
 .text.__ieee754_fmod
                0x000086fc      0x2b8 c:/users/jarno/appdata/local/arduino15/packages/arduino/tools/arm-none-eabi-gcc/7-2017q4/bin/../lib/gcc/arm-none-eabi/7.2.1/../../../../arm-none-eabi/lib/thumb/v6-m\libm.a(lib_a-e_fmod.o)
                0x000086fc                __ieee754_fmod
 .text.matherr  0x000089b4        0x4 c:/users/jarno/appdata/local/arduino15/packages/arduino/tools/arm-none-eabi-gcc/7-2017q4/bin/../lib/gcc/arm-none-eabi/7.2.1/../../../../arm-none-eabi/lib/thumb/v6-m\libm.a(lib_a-s_matherr.o)
                0x000089b4                matherr
 .text          0x000089b8       0x14 c:/users/jarno/appdata/local/arduino15/packages/arduino/tools/arm-none-eabi-gcc/7-2017q4/bin/../lib/gcc/arm-none-eabi/7.2.1/thumb/v6-m\libgcc.a(_thumb1_case_uqi.o)
                0x000089b8                __gnu_thumb1_case_uqi
 .text          0x000089cc       0x14 c:/users/jarno/appdata/local/arduino15/packages/arduino/tools/arm-none-eabi-gcc/7-2017q4/bin/../lib/gcc/arm-none-eabi/7.2.1/thumb/v6-m\libgcc.a(_thumb1_case_uhi.o)
                0x000089cc                __gnu_thumb1_case_uhi
 .text          0x000089e0      0x114 c:/users/jarno/appdata/local/arduino15/packages/arduino/tools/arm-none-eabi-gcc/7-2017q4/bin/../lib/gcc/arm-none-eabi/7.2.1/thumb/v6-m\libgcc.a(_udivsi3.o)
                0x000089e0                __aeabi_uidiv
                0x000089e0                __udivsi3
                0x00008aec                __aeabi_uidivmod
 .text          0x00008af4      0x1d4 c:/users/jarno/appdata/local/arduino15/packages/arduino/tools/arm-none-eabi-gcc/7-2017q4/bin/../lib/gcc/arm-none-eabi/7.2.1/thumb/v6-m\libgcc.a(_divsi3.o)
                0x00008af4                __divsi3
                0x00008af4                __aeabi_idiv
                0x00008cc0                __aeabi_idivmod
 .text          0x00008cc8        0x4 c:/users/jarno/appdata/local/arduino15/packages/arduino/tools/arm-none-eabi-gcc/7-2017q4/bin/../lib/gcc/arm-none-eabi/7.2.1/thumb/v6-m\libgcc.a(_dvmd_tls.o)
                0x00008cc8                __aeabi_idiv0
                0x00008cc8                __aeabi_ldiv0
 .text          0x00008ccc       0x7c c:/users/jarno/appdata/local/arduino15/packages/arduino/tools/arm-none-eabi-gcc/7-2017q4/bin/../lib/gcc/arm-none-eabi/7.2.1/thumb/v6-m\libgcc.a(_arm_cmpdf2.o)
                0x00008ccc                __aeabi_cdrcmple
                0x00008cdc                __aeabi_cdcmple
                0x00008cdc                __aeabi_cdcmpeq
                0x00008cec                __aeabi_dcmpeq
                0x00008cf8                __aeabi_dcmplt
                0x00008d0c                __aeabi_dcmple
                0x00008d20                __aeabi_dcmpgt
                0x00008d34                __aeabi_dcmpge
 .text          0x00008d48       0x74 c:/users/jarno/appdata/local/arduino15/packages/arduino/tools/arm-none-eabi-gcc/7-2017q4/bin/../lib/gcc/arm-none-eabi/7.2.1/thumb/v6-m\libgcc.a(_arm_cmpsf2.o)
                0x00008d48                __aeabi_cfrcmple
                0x00008d50                __aeabi_cfcmpeq
                0x00008d50                __aeabi_cfcmple
                0x00008d60                __aeabi_fcmpeq
                0x00008d6c                __aeabi_fcmplt
                0x00008d80                __aeabi_fcmple
                0x00008d94                __aeabi_fcmpgt
                0x00008da8                __aeabi_fcmpge
 .text          0x00008dbc       0x30 c:/users/jarno/appdata/local/arduino15/packages/arduino/tools/arm-none-eabi-gcc/7-2017q4/bin/../lib/gcc/arm-none-eabi/7.2.1/thumb/v6-m\libgcc.a(_fixunssfsi.o)
                0x00008dbc                __fixunssfsi
                0x00008dbc                __aeabi_f2uiz
 .text          0x00008dec       0x3c c:/users/jarno/appdata/local/arduino15/packages/arduino/tools/arm-none-eabi-gcc/7-2017q4/bin/../lib/gcc/arm-none-eabi/7.2.1/thumb/v6-m\libgcc.a(_fixunsdfsi.o)
                0x00008dec                __aeabi_d2uiz
                0x00008dec                __fixunsdfsi
 .text          0x00008e28      0x334 c:/users/jarno/appdata/local/arduino15/packages/arduino/tools/arm-none-eabi-gcc/7-2017q4/bin/../lib/gcc/arm-none-eabi/7.2.1/thumb/v6-m\libgcc.a(addsf3.o)
                0x00008e28                __aeabi_fadd
 .text          0x0000915c      0x224 c:/users/jarno/appdata/local/arduino15/packages/arduino/tools/arm-none-eabi-gcc/7-2017q4/bin/../lib/gcc/arm-none-eabi/7.2.1/thumb/v6-m\libgcc.a(divsf3.o)
                0x0000915c                __aeabi_fdiv
 .text          0x00009380       0x50 c:/users/jarno/appdata/local/arduino15/packages/arduino/tools/arm-none-eabi-gcc/7-2017q4/bin/../lib/gcc/arm-none-eabi/7.2.1/thumb/v6-m\libgcc.a(eqsf2.o)
                0x00009380                __eqsf2
                0x00009380                __nesf2
 .text          0x000093d0       0x9c c:/users/jarno/appdata/local/arduino15/packages/arduino/tools/arm-none-eabi-gcc/7-2017q4/bin/../lib/gcc/arm-none-eabi/7.2.1/thumb/v6-m\libgcc.a(gesf2.o)
                0x000093d0                __gesf2
                0x000093d0                __gtsf2
 .text          0x0000946c       0xa0 c:/users/jarno/appdata/local/arduino15/packages/arduino/tools/arm-none-eabi-gcc/7-2017q4/bin/../lib/gcc/arm-none-eabi/7.2.1/thumb/v6-m\libgcc.a(lesf2.o)
                0x0000946c                __ltsf2
                0x0000946c                __lesf2
 .text          0x0000950c      0x264 c:/users/jarno/appdata/local/arduino15/packages/arduino/tools/arm-none-eabi-gcc/7-2017q4/bin/../lib/gcc/arm-none-eabi/7.2.1/thumb/v6-m\libgcc.a(mulsf3.o)
                0x0000950c                __aeabi_fmul
 .text          0x00009770      0x388 c:/users/jarno/appdata/local/arduino15/packages/arduino/tools/arm-none-eabi-gcc/7-2017q4/bin/../lib/gcc/arm-none-eabi/7.2.1/thumb/v6-m\libgcc.a(subsf3.o)
                0x00009770                __aeabi_fsub
 .text          0x00009af8       0x40 c:/users/jarno/appdata/local/arduino15/packages/arduino/tools/arm-none-eabi-gcc/7-2017q4/bin/../lib/gcc/arm-none-eabi/7.2.1/thumb/v6-m\libgcc.a(fixsfsi.o)
                0x00009af8                __aeabi_f2iz
 .text          0x00009b38       0x94 c:/users/jarno/appdata/local/arduino15/packages/arduino/tools/arm-none-eabi-gcc/7-2017q4/bin/../lib/gcc/arm-none-eabi/7.2.1/thumb/v6-m\libgcc.a(floatsisf.o)
                0x00009b38                __aeabi_i2f
 .text          0x00009bcc       0x80 c:/users/jarno/appdata/local/arduino15/packages/arduino/tools/arm-none-eabi-gcc/7-2017q4/bin/../lib/gcc/arm-none-eabi/7.2.1/thumb/v6-m\libgcc.a(floatunsisf.o)
                0x00009bcc                __aeabi_ui2f